Archive member included to satisfy reference by file (symbol)

C:/ST/STM32CubeIDE_1.15.1/STM32CubeIDE/plugins/com.st.stm32cube.ide.mcu.externaltools.gnu-tools-for-stm32.12.3.rel1.win32_1.0.100.202403111256/tools/bin/../lib/gcc/arm-none-eabi/12.3.1/../../../../arm-none-eabi/lib/thumb/v7e-m+fp/hard\libc_nano.a(libc_a-exit.o)
                              C:/ST/STM32CubeIDE_1.15.1/STM32CubeIDE/plugins/com.st.stm32cube.ide.mcu.externaltools.gnu-tools-for-stm32.12.3.rel1.win32_1.0.100.202403111256/tools/bin/../lib/gcc/arm-none-eabi/12.3.1/../../../../arm-none-eabi/lib/thumb/v7e-m+fp/hard/crt0.o (exit)
C:/ST/STM32CubeIDE_1.15.1/STM32CubeIDE/plugins/com.st.stm32cube.ide.mcu.externaltools.gnu-tools-for-stm32.12.3.rel1.win32_1.0.100.202403111256/tools/bin/../lib/gcc/arm-none-eabi/12.3.1/../../../../arm-none-eabi/lib/thumb/v7e-m+fp/hard\libc_nano.a(libc_a-findfp.o)
                              C:/ST/STM32CubeIDE_1.15.1/STM32CubeIDE/plugins/com.st.stm32cube.ide.mcu.externaltools.gnu-tools-for-stm32.12.3.rel1.win32_1.0.100.202403111256/tools/bin/../lib/gcc/arm-none-eabi/12.3.1/../../../../arm-none-eabi/lib/thumb/v7e-m+fp/hard\libc_nano.a(libc_a-exit.o) (__stdio_exit_handler)
C:/ST/STM32CubeIDE_1.15.1/STM32CubeIDE/plugins/com.st.stm32cube.ide.mcu.externaltools.gnu-tools-for-stm32.12.3.rel1.win32_1.0.100.202403111256/tools/bin/../lib/gcc/arm-none-eabi/12.3.1/../../../../arm-none-eabi/lib/thumb/v7e-m+fp/hard\libc_nano.a(libc_a-fwalk.o)
                              C:/ST/STM32CubeIDE_1.15.1/STM32CubeIDE/plugins/com.st.stm32cube.ide.mcu.externaltools.gnu-tools-for-stm32.12.3.rel1.win32_1.0.100.202403111256/tools/bin/../lib/gcc/arm-none-eabi/12.3.1/../../../../arm-none-eabi/lib/thumb/v7e-m+fp/hard\libc_nano.a(libc_a-findfp.o) (_fwalk_sglue)
C:/ST/STM32CubeIDE_1.15.1/STM32CubeIDE/plugins/com.st.stm32cube.ide.mcu.externaltools.gnu-tools-for-stm32.12.3.rel1.win32_1.0.100.202403111256/tools/bin/../lib/gcc/arm-none-eabi/12.3.1/../../../../arm-none-eabi/lib/thumb/v7e-m+fp/hard\libc_nano.a(libc_a-stdio.o)
                              C:/ST/STM32CubeIDE_1.15.1/STM32CubeIDE/plugins/com.st.stm32cube.ide.mcu.externaltools.gnu-tools-for-stm32.12.3.rel1.win32_1.0.100.202403111256/tools/bin/../lib/gcc/arm-none-eabi/12.3.1/../../../../arm-none-eabi/lib/thumb/v7e-m+fp/hard\libc_nano.a(libc_a-findfp.o) (__sread)
C:/ST/STM32CubeIDE_1.15.1/STM32CubeIDE/plugins/com.st.stm32cube.ide.mcu.externaltools.gnu-tools-for-stm32.12.3.rel1.win32_1.0.100.202403111256/tools/bin/../lib/gcc/arm-none-eabi/12.3.1/../../../../arm-none-eabi/lib/thumb/v7e-m+fp/hard\libc_nano.a(libc_a-memset.o)
                              C:/ST/STM32CubeIDE_1.15.1/STM32CubeIDE/plugins/com.st.stm32cube.ide.mcu.externaltools.gnu-tools-for-stm32.12.3.rel1.win32_1.0.100.202403111256/tools/bin/../lib/gcc/arm-none-eabi/12.3.1/../../../../arm-none-eabi/lib/thumb/v7e-m+fp/hard/crt0.o (memset)
C:/ST/STM32CubeIDE_1.15.1/STM32CubeIDE/plugins/com.st.stm32cube.ide.mcu.externaltools.gnu-tools-for-stm32.12.3.rel1.win32_1.0.100.202403111256/tools/bin/../lib/gcc/arm-none-eabi/12.3.1/../../../../arm-none-eabi/lib/thumb/v7e-m+fp/hard\libc_nano.a(libc_a-closer.o)
                              C:/ST/STM32CubeIDE_1.15.1/STM32CubeIDE/plugins/com.st.stm32cube.ide.mcu.externaltools.gnu-tools-for-stm32.12.3.rel1.win32_1.0.100.202403111256/tools/bin/../lib/gcc/arm-none-eabi/12.3.1/../../../../arm-none-eabi/lib/thumb/v7e-m+fp/hard\libc_nano.a(libc_a-stdio.o) (_close_r)
C:/ST/STM32CubeIDE_1.15.1/STM32CubeIDE/plugins/com.st.stm32cube.ide.mcu.externaltools.gnu-tools-for-stm32.12.3.rel1.win32_1.0.100.202403111256/tools/bin/../lib/gcc/arm-none-eabi/12.3.1/../../../../arm-none-eabi/lib/thumb/v7e-m+fp/hard\libc_nano.a(libc_a-reent.o)
                              C:/ST/STM32CubeIDE_1.15.1/STM32CubeIDE/plugins/com.st.stm32cube.ide.mcu.externaltools.gnu-tools-for-stm32.12.3.rel1.win32_1.0.100.202403111256/tools/bin/../lib/gcc/arm-none-eabi/12.3.1/../../../../arm-none-eabi/lib/thumb/v7e-m+fp/hard\libc_nano.a(libc_a-closer.o) (errno)
C:/ST/STM32CubeIDE_1.15.1/STM32CubeIDE/plugins/com.st.stm32cube.ide.mcu.externaltools.gnu-tools-for-stm32.12.3.rel1.win32_1.0.100.202403111256/tools/bin/../lib/gcc/arm-none-eabi/12.3.1/../../../../arm-none-eabi/lib/thumb/v7e-m+fp/hard\libc_nano.a(libc_a-impure.o)
                              C:/ST/STM32CubeIDE_1.15.1/STM32CubeIDE/plugins/com.st.stm32cube.ide.mcu.externaltools.gnu-tools-for-stm32.12.3.rel1.win32_1.0.100.202403111256/tools/bin/../lib/gcc/arm-none-eabi/12.3.1/../../../../arm-none-eabi/lib/thumb/v7e-m+fp/hard\libc_nano.a(libc_a-reent.o) (_impure_ptr)
C:/ST/STM32CubeIDE_1.15.1/STM32CubeIDE/plugins/com.st.stm32cube.ide.mcu.externaltools.gnu-tools-for-stm32.12.3.rel1.win32_1.0.100.202403111256/tools/bin/../lib/gcc/arm-none-eabi/12.3.1/../../../../arm-none-eabi/lib/thumb/v7e-m+fp/hard\libc_nano.a(libc_a-lseekr.o)
[...]
Memory Configuration

Name             Origin             Length             Attributes
CCMRAM           0x10000000         0x00010000         xrw
RAM              0x20000000         0x00020000         xrw
FLASH            0x08000000         0x00080000         xr
*default*        0x00000000         0xffffffff

Linker script and memory map

LOAD C:/ST/STM32CubeIDE_1.15.1/STM32CubeIDE/plugins/com.st.stm32cube.ide.mcu.externaltools.gnu-tools-for-stm32.12.3.rel1.win32_1.0.100.202403111256/tools/bin/../lib/gcc/arm-none-eabi/12.3.1/thumb/v7e-m+fp/hard/crti.o
LOAD C:/ST/STM32CubeIDE_1.15.1/STM32CubeIDE/plugins/com.st.stm32cube.ide.mcu.externaltools.gnu-tools-for-stm32.12.3.rel1.win32_1.0.100.202403111256/tools/bin/../lib/gcc/arm-none-eabi/12.3.1/thumb/v7e-m+fp/hard/crtbegin.o
LOAD C:/ST/STM32CubeIDE_1.15.1/STM32CubeIDE/plugins/com.st.stm32cube.ide.mcu.externaltools.gnu-tools-for-stm32.12.3.rel1.win32_1.0.100.202403111256/tools/bin/../lib/gcc/arm-none-eabi/12.3.1/../../../../arm-none-eabi/lib/thumb/v7e-m+fp/hard/crt0.o
LOAD ./Core/Src/main.o
LOAD ./Core/Src/stm32f4xx_hal_msp.o
LOAD ./Core/Src/stm32f4xx_it.o
LOAD ./Core/Src/syscalls.o
LOAD ./Core/Src/sysmem.o
LOAD ./Core/Src/system_stm32f4xx.o
LOAD ./Core/Startup/startup_stm32f407vetx.o
LOAD ./Drivers/STM32F4xx_HAL_Driver/Src/stm32f4xx_hal.o
LOAD ./Drivers/STM32F4xx_HAL_Driver/Src/stm32f4xx_hal_adc.o
LOAD ./Drivers/STM32F4xx_HAL_Driver/Src/stm32f4xx_hal_adc_ex.o
LOAD ./Drivers/STM32F4xx_HAL_Driver/Src/stm32f4xx_hal_cortex.o
LOAD ./Drivers/STM32F4xx_HAL_Driver/Src/stm32f4xx_hal_dma.o
LOAD ./Drivers/STM32F4xx_HAL_Driver/Src/stm32f4xx_hal_dma_ex.o
LOAD ./Drivers/STM32F4xx_HAL_Driver/Src/stm32f4xx_hal_exti.o
LOAD ./Drivers/STM32F4xx_HAL_Driver/Src/stm32f4xx_hal_flash.o
LOAD ./Drivers/STM32F4xx_HAL_Driver/Src/stm32f4xx_hal_flash_ex.o
LOAD ./Drivers/STM32F4xx_HAL_Driver/Src/stm32f4xx_hal_flash_ramfunc.o
LOAD ./Drivers/STM32F4xx_HAL_Driver/Src/stm32f4xx_hal_gpio.o
LOAD ./Drivers/STM32F4xx_HAL_Driver/Src/stm32f4xx_hal_i2c.o
LOAD ./Drivers/STM32F4xx_HAL_Driver/Src/stm32f4xx_hal_i2c_ex.o
LOAD ./Drivers/STM32F4xx_HAL_Driver/Src/stm32f4xx_hal_pcd.o
LOAD ./Drivers/STM32F4xx_HAL_Driver/Src/stm32f4xx_hal_pcd_ex.o
LOAD ./Drivers/STM32F4xx_HAL_Driver/Src/stm32f4xx_hal_pwr.o
LOAD ./Drivers/STM32F4xx_HAL_Driver/Src/stm32f4xx_hal_pwr_ex.o
LOAD ./Drivers/STM32F4xx_HAL_Driver/Src/stm32f4xx_hal_rcc.o
LOAD ./Drivers/STM32F4xx_HAL_Driver/Src/stm32f4xx_hal_rcc_ex.o
LOAD ./Drivers/STM32F4xx_HAL_Driver/Src/stm32f4xx_hal_spi.o
LOAD ./Drivers/STM32F4xx_HAL_Driver/Src/stm32f4xx_hal_tim.o
LOAD ./Drivers/STM32F4xx_HAL_Driver/Src/stm32f4xx_hal_tim_ex.o
LOAD ./Drivers/STM32F4xx_HAL_Driver/Src/stm32f4xx_hal_uart.o
LOAD ./Drivers/STM32F4xx_HAL_Driver/Src/stm32f4xx_ll_adc.o
LOAD ./Drivers/STM32F4xx_HAL_Driver/Src/stm32f4xx_ll_usb.o
LOAD ./Library_for_Ro_Bo_Rho_V4/Arduino.o
LOAD ./Library_for_Ro_Bo_Rho_V4/Encoder_Motor.o
LOAD ./Library_for_Ro_Bo_Rho_V4/Forward_Kinematics.o
LOAD ./Library_for_Ro_Bo_Rho_V4/Game_Play.o
LOAD ./Library_for_Ro_Bo_Rho_V4/Inverse_Kinematics.o
LOAD ./Library_for_Ro_Bo_Rho_V4/MPU6050.o
LOAD ./Library_for_Ro_Bo_Rho_V4/Ramp_Robot.o
LOAD ./Library_for_Ro_Bo_Rho_V4/UART_ESP.o
LOAD ./Middlewares/ST/STM32_USB_Device_Library/Class/CDC/Src/usbd_cdc.o
LOAD ./Middlewares/ST/STM32_USB_Device_Library/Core/Src/usbd_core.o
LOAD ./Middlewares/ST/STM32_USB_Device_Library/Core/Src/usbd_ctlreq.o
LOAD ./Middlewares/ST/STM32_USB_Device_Library/Core/Src/usbd_ioreq.o
LOAD ./USB_DEVICE/App/usb_device.o
LOAD ./USB_DEVICE/App/usbd_cdc_if.o
LOAD ./USB_DEVICE/App/usbd_desc.o
LOAD ./USB_DEVICE/Target/usbd_conf.o
START GROUP
LOAD C:/ST/STM32CubeIDE_1.15.1/STM32CubeIDE/plugins/com.st.stm32cube.ide.mcu.externaltools.gnu-tools-for-stm32.12.3.rel1.win32_1.0.100.202403111256/tools/bin/../lib/gcc/arm-none-eabi/12.3.1/../../../../arm-none-eabi/lib/thumb/v7e-m+fp/hard\libc_nano.a
LOAD C:/ST/STM32CubeIDE_1.15.1/STM32CubeIDE/plugins/com.st.stm32cube.ide.mcu.externaltools.gnu-tools-for-stm32.12.3.rel1.win32_1.0.100.202403111256/tools/bin/../lib/gcc/arm-none-eabi/12.3.1/../../../../arm-none-eabi/lib/thumb/v7e-m+fp/hard\libm.a
END GROUP
START GROUP
LOAD C:/ST/STM32CubeIDE_1.15.1/STM32CubeIDE/plugins/com.st.stm32cube.ide.mcu.externaltools.gnu-tools-for-stm32.12.3.rel1.win32_1.0.100.202403111256/tools/bin/../lib/gcc/arm-none-eabi/12.3.1/thumb/v7e-m+fp/hard\libgcc.a
LOAD C:/ST/STM32CubeIDE_1.15.1/STM32CubeIDE/plugins/com.st.stm32cube.ide.mcu.externaltools.gnu-tools-for-stm32.12.3.rel1.win32_1.0.100.202403111256/tools/bin/../lib/gcc/arm-none-eabi/12.3.1/../../../../arm-none-eabi/lib/thumb/v7e-m+fp/hard\libc_nano.a
END GROUP
START GROUP
LOAD C:/ST/STM32CubeIDE_1.15.1/STM32CubeIDE/plugins/com.st.stm32cube.ide.mcu.externaltools.gnu-tools-for-stm32.12.3.rel1.win32_1.0.100.202403111256/tools/bin/../lib/gcc/arm-none-eabi/12.3.1/thumb/v7e-m+fp/hard\libgcc.a
LOAD C:/ST/STM32CubeIDE_1.15.1/STM32CubeIDE/plugins/com.st.stm32cube.ide.mcu.externaltools.gnu-tools-for-stm32.12.3.rel1.win32_1.0.100.202403111256/tools/bin/../lib/gcc/arm-none-eabi/12.3.1/../../../../arm-none-eabi/lib/thumb/v7e-m+fp/hard\libc_nano.a
LOAD C:/ST/STM32CubeIDE_1.15.1/STM32CubeIDE/plugins/com.st.stm32cube.ide.mcu.externaltools.gnu-tools-for-stm32.12.3.rel1.win32_1.0.100.202403111256/tools/bin/../lib/gcc/arm-none-eabi/12.3.1/../../../../arm-none-eabi/lib/thumb/v7e-m+fp/hard\libnosys.a
END GROUP
START GROUP
LOAD C:/ST/STM32CubeIDE_1.15.1/STM32CubeIDE/plugins/com.st.stm32cube.ide.mcu.externaltools.gnu-tools-for-stm32.12.3.rel1.win32_1.0.100.202403111256/tools/bin/../lib/gcc/arm-none-eabi/12.3.1/thumb/v7e-m+fp/hard\libgcc.a
LOAD C:/ST/STM32CubeIDE_1.15.1/STM32CubeIDE/plugins/com.st.stm32cube.ide.mcu.externaltools.gnu-tools-for-stm32.12.3.rel1.win32_1.0.100.202403111256/tools/bin/../lib/gcc/arm-none-eabi/12.3.1/../../../../arm-none-eabi/lib/thumb/v7e-m+fp/hard\libc_nano.a
LOAD C:/ST/STM32CubeIDE_1.15.1/STM32CubeIDE/plugins/com.st.stm32cube.ide.mcu.externaltools.gnu-tools-for-stm32.12.3.rel1.win32_1.0.100.202403111256/tools/bin/../lib/gcc/arm-none-eabi/12.3.1/../../../../arm-none-eabi/lib/thumb/v7e-m+fp/hard\libnosys.a
END GROUP
LOAD C:/ST/STM32CubeIDE_1.15.1/STM32CubeIDE/plugins/com.st.stm32cube.ide.mcu.externaltools.gnu-tools-for-stm32.12.3.rel1.win32_1.0.100.202403111256/tools/bin/../lib/gcc/arm-none-eabi/12.3.1/thumb/v7e-m+fp/hard/crtend.o
LOAD C:/ST/STM32CubeIDE_1.15.1/STM32CubeIDE/plugins/com.st.stm32cube.ide.mcu.externaltools.gnu-tools-for-stm32.12.3.rel1.win32_1.0.100.202403111256/tools/bin/../lib/gcc/arm-none-eabi/12.3.1/thumb/v7e-m+fp/hard/crtn.o
                0x20020000                        _estack = (ORIGIN (RAM) + LENGTH (RAM))
                0x00000200                        _Min_Heap_Size = 0x200
                0x00000400                        _Min_Stack_Size = 0x400

.isr_vector     0x08000000      0x188
                0x08000000                        . = ALIGN (0x4)
 *(.isr_vector)
 .isr_vector    0x08000000      0x188 ./Core/Startup/startup_stm32f407vetx.o
                0x08000000                g_pfnVectors
                0x08000188                        . = ALIGN (0x4)

.text           0x08000188     0xec80
                0x08000188                        . = ALIGN (0x4)
 *(.text)
 .text          0x08000188       0x40 C:/ST/STM32CubeIDE_1.15.1/STM32CubeIDE/plugins/com.st.stm32cube.ide.mcu.externaltools.gnu-tools-for-stm32.12.3.rel1.win32_1.0.100.202403111256/tools/bin/../lib/gcc/arm-none-eabi/12.3.1/thumb/v7e-m+fp/hard/crtbegin.o
 .text          0x080001c8      0x378 C:/ST/STM32CubeIDE_1.15.1/STM32CubeIDE/plugins/com.st.stm32cube.ide.mcu.externaltools.gnu-tools-for-stm32.12.3.rel1.win32_1.0.100.202403111256/tools/bin/../lib/gcc/arm-none-eabi/12.3.1/thumb/v7e-m+fp/hard\libgcc.a(_arm_addsubdf3.o)
                0x080001c8                __aeabi_drsub
                0x080001d0                __aeabi_dsub
                0x080001d0                __subdf3
                0x080001d4                __aeabi_dadd
                0x080001d4                __adddf3
                0x0800044c                __floatunsidf
                0x0800044c                __aeabi_ui2d
                0x0800046c                __floatsidf
                0x0800046c                __aeabi_i2d
                0x08000490                __aeabi_f2d
                0x08000490                __extendsfdf2
                0x080004d4                __floatundidf
                0x080004d4                __aeabi_ul2d
                0x080004e4                __floatdidf
                0x080004e4                __aeabi_l2d
 .text          0x08000540      0x424 C:/ST/STM32CubeIDE_1.15.1/STM32CubeIDE/plugins/com.st.stm32cube.ide.mcu.externaltools.gnu-tools-for-stm32.12.3.rel1.win32_1.0.100.202403111256/tools/bin/../lib/gcc/arm-none-eabi/12.3.1/thumb/v7e-m+fp/hard\libgcc.a(_arm_muldivdf3.o)
                0x08000540                __aeabi_dmul
                0x08000540                __muldf3
                0x08000794                __divdf3
                0x08000794                __aeabi_ddiv
 .text          0x08000964      0x110 C:/ST/STM32CubeIDE_1.15.1/STM32CubeIDE/plugins/com.st.stm32cube.ide.mcu.externaltools.gnu-tools-for-stm32.12.3.rel1.win32_1.0.100.202403111256/tools/bin/../lib/gcc/arm-none-eabi/12.3.1/thumb/v7e-m+fp/hard\libgcc.a(_arm_cmpdf2.o)
                0x08000964                __gtdf2
                0x08000964                __gedf2
                0x0800096c                __ltdf2
                0x0800096c                __ledf2
                0x08000974                __nedf2
                0x08000974                __eqdf2
                0x08000974                __cmpdf2
                0x080009f0                __aeabi_cdrcmple
                0x08000a00                __aeabi_cdcmpeq
                0x08000a00                __aeabi_cdcmple
                0x08000a10                __aeabi_dcmpeq
                0x08000a24                __aeabi_dcmplt
                0x08000a38                __aeabi_dcmple
                0x08000a4c                __aeabi_dcmpge
                0x08000a60                __aeabi_dcmpgt
 .text          0x08000a74       0x2c C:/ST/STM32CubeIDE_1.15.1/STM32CubeIDE/plugins/com.st.stm32cube.ide.mcu.externaltools.gnu-tools-for-stm32.12.3.rel1.win32_1.0.100.202403111256/tools/bin/../lib/gcc/arm-none-eabi/12.3.1/thumb/v7e-m+fp/hard\libgcc.a(_arm_unorddf2.o)
                0x08000a74                __unorddf2
                0x08000a74                __aeabi_dcmpun
 .text          0x08000aa0       0x50 C:/ST/STM32CubeIDE_1.15.1/STM32CubeIDE/plugins/com.st.stm32cube.ide.mcu.externaltools.gnu-tools-for-stm32.12.3.rel1.win32_1.0.100.202403111256/tools/bin/../lib/gcc/arm-none-eabi/12.3.1/thumb/v7e-m+fp/hard\libgcc.a(_arm_fixdfsi.o)
                0x08000aa0                __aeabi_d2iz
                0x08000aa0                __fixdfsi
 .text          0x08000af0       0xa0 C:/ST/STM32CubeIDE_1.15.1/STM32CubeIDE/plugins/com.st.stm32cube.ide.mcu.externaltools.gnu-tools-for-stm32.12.3.rel1.win32_1.0.100.202403111256/tools/bin/../lib/gcc/arm-none-eabi/12.3.1/thumb/v7e-m+fp/hard\libgcc.a(_arm_truncdfsf2.o)
                0x08000af0                __truncdfsf2
                0x08000af0                __aeabi_d2f
 .text          0x08000b90       0x30 C:/ST/STM32CubeIDE_1.15.1/STM32CubeIDE/plugins/com.st.stm32cube.ide.mcu.externaltools.gnu-tools-for-stm32.12.3.rel1.win32_1.0.100.202403111256/tools/bin/../lib/gcc/arm-none-eabi/12.3.1/thumb/v7e-m+fp/hard\libgcc.a(_aeabi_uldivmod.o)
                0x08000b90                __aeabi_uldivmod
 .text          0x08000bc0      0x2bc C:/ST/STM32CubeIDE_1.15.1/STM32CubeIDE/plugins/com.st.stm32cube.ide.mcu.externaltools.gnu-tools-for-stm32.12.3.rel1.win32_1.0.100.202403111256/tools/bin/../lib/gcc/arm-none-eabi/12.3.1/thumb/v7e-m+fp/hard\libgcc.a(_udivmoddi4.o)
                0x08000bc0                __udivmoddi4
 .text          0x08000e7c        0x4 C:/ST/STM32CubeIDE_1.15.1/STM32CubeIDE/plugins/com.st.stm32cube.ide.mcu.externaltools.gnu-tools-for-stm32.12.3.rel1.win32_1.0.100.202403111256/tools/bin/../lib/gcc/arm-none-eabi/12.3.1/thumb/v7e-m+fp/hard\libgcc.a(_dvmd_tls.o)
                0x08000e7c                __aeabi_idiv0
                0x08000e7c                __aeabi_ldiv0
 *(.text*)
 .text.main     0x08000e80      0x39c ./Core/Src/main.o
                0x08000e80                main
 .text.SystemClock_Config
                0x0800121c       0xd4 ./Core/Src/main.o
                0x0800121c                SystemClock_Config
 .text.MX_ADC1_Init
                0x080012f0       0xa4 ./Core/Src/main.o
 .text.MX_I2C2_Init
                0x08001394       0x5c ./Core/Src/main.o
 .text.MX_SPI2_Init
                0x080013f0       0x6c ./Core/Src/main.o
 .text.MX_TIM1_Init
                0x0800145c       0xb0 ./Core/Src/main.o
 .text.MX_TIM2_Init
                0x0800150c       0xa8 ./Core/Src/main.o
 .text.MX_TIM3_Init
                0x080015b4       0xa8 ./Core/Src/main.o
 .text.MX_TIM4_Init
                0x0800165c       0xa8 ./Core/Src/main.o
 .text.MX_TIM5_Init
                0x08001704       0xa8 ./Core/Src/main.o
 .text.MX_TIM8_Init
                0x080017ac       0xb0 ./Core/Src/main.o
 .text.MX_TIM9_Init
                0x0800185c       0xa0 ./Core/Src/main.o
 .text.MX_TIM10_Init
                0x080018fc       0x9c ./Core/Src/main.o
 .text.MX_TIM11_Init
                0x08001998       0x9c ./Core/Src/main.o
 .text.MX_TIM12_Init
                0x08001a34       0xa0 ./Core/Src/main.o
 .text.MX_TIM13_Init
                0x08001ad4       0x9c ./Core/Src/main.o
 .text.MX_TIM14_Init
                0x08001b70       0x9c ./Core/Src/main.o
 .text.MX_UART4_Init
                0x08001c0c       0x54 ./Core/Src/main.o
 .text.MX_USART2_UART_Init
                0x08001c60       0x54 ./Core/Src/main.o
 .text.MX_GPIO_Init
                0x08001cb4      0x1d4 ./Core/Src/main.o
 .text.HAL_UART_RxCpltCallback
                0x08001e88       0x4c ./Core/Src/main.o
                0x08001e88                HAL_UART_RxCpltCallback
 .text.Error_Handler
                0x08001ed4        0xc ./Core/Src/main.o
                0x08001ed4                Error_Handler
 .text.HAL_MspInit
                0x08001ee0       0x50 ./Core/Src/stm32f4xx_hal_msp.o
                0x08001ee0                HAL_MspInit
 .text.HAL_ADC_MspInit
                0x08001f30       0xc0 ./Core/Src/stm32f4xx_hal_msp.o
                0x08001f30                HAL_ADC_MspInit
 .text.HAL_I2C_MspInit
                0x08001ff0       0x90 ./Core/Src/stm32f4xx_hal_msp.o
                0x08001ff0                HAL_I2C_MspInit
 .text.HAL_SPI_MspInit
                0x08002080       0xd0 ./Core/Src/stm32f4xx_hal_msp.o
                0x08002080                HAL_SPI_MspInit
 .text.HAL_TIM_Encoder_MspInit
                0x08002150      0x2ec ./Core/Src/stm32f4xx_hal_msp.o
                0x08002150                HAL_TIM_Encoder_MspInit
 .text.HAL_TIM_PWM_MspInit
                0x0800243c       0x70 ./Core/Src/stm32f4xx_hal_msp.o
                0x0800243c                HAL_TIM_PWM_MspInit
 .text.HAL_TIM_Base_MspInit
                0x080024ac       0xc8 ./Core/Src/stm32f4xx_hal_msp.o
                0x080024ac                HAL_TIM_Base_MspInit
 .text.HAL_TIM_MspPostInit
                0x08002574      0x1fc ./Core/Src/stm32f4xx_hal_msp.o
                0x08002574                HAL_TIM_MspPostInit
 .text.HAL_UART_MspInit
                0x08002770      0x10c ./Core/Src/stm32f4xx_hal_msp.o
                0x08002770                HAL_UART_MspInit
 .text.HAL_UART_MspDeInit
                0x0800287c       0x6c ./Core/Src/stm32f4xx_hal_msp.o
                0x0800287c                HAL_UART_MspDeInit
 .text.NMI_Handler
                0x080028e8        0x8 ./Core/Src/stm32f4xx_it.o
                0x080028e8                NMI_Handler
 .text.HardFault_Handler
                0x080028f0        0x8 ./Core/Src/stm32f4xx_it.o
                0x080028f0                HardFault_Handler
 .text.MemManage_Handler
                0x080028f8        0x8 ./Core/Src/stm32f4xx_it.o
                0x080028f8                MemManage_Handler
 .text.BusFault_Handler
                0x08002900        0x8 ./Core/Src/stm32f4xx_it.o
                0x08002900                BusFault_Handler
 .text.UsageFault_Handler
                0x08002908        0x8 ./Core/Src/stm32f4xx_it.o
                0x08002908                UsageFault_Handler
 .text.SVC_Handler
                0x08002910        0xe ./Core/Src/stm32f4xx_it.o
                0x08002910                SVC_Handler
 .text.DebugMon_Handler
                0x0800291e        0xe ./Core/Src/stm32f4xx_it.o
                0x0800291e                DebugMon_Handler
 .text.PendSV_Handler
                0x0800292c        0xe ./Core/Src/stm32f4xx_it.o
                0x0800292c                PendSV_Handler
 .text.SysTick_Handler
                0x0800293a        0xc ./Core/Src/stm32f4xx_it.o
                0x0800293a                SysTick_Handler
 *fill*         0x08002946        0x2 
 .text.USART2_IRQHandler
                0x08002948       0x14 ./Core/Src/stm32f4xx_it.o
                0x08002948                USART2_IRQHandler
 .text.OTG_FS_IRQHandler
                0x0800295c       0x14 ./Core/Src/stm32f4xx_it.o
                0x0800295c                OTG_FS_IRQHandler
 .text.SystemInit
                0x08002970       0x24 ./Core/Src/system_stm32f4xx.o
                0x08002970                SystemInit
 .text.Reset_Handler
                0x08002994       0x50 ./Core/Startup/startup_stm32f407vetx.o
                0x08002994                Reset_Handler
 .text.Default_Handler
                0x080029e4        0x2 ./Core/Startup/startup_stm32f407vetx.o
                0x080029e4                RTC_Alarm_IRQHandler
                0x080029e4                HASH_RNG_IRQHandler
                0x080029e4                EXTI2_IRQHandler
                0x080029e4                TIM8_CC_IRQHandler
                0x080029e4                TIM1_CC_IRQHandler
                0x080029e4                DMA2_Stream5_IRQHandler
                0x080029e4                DMA1_Stream5_IRQHandler
                0x080029e4                PVD_IRQHandler
                0x080029e4                SDIO_IRQHandler
                0x080029e4                TAMP_STAMP_IRQHandler
                0x080029e4                CAN2_RX1_IRQHandler
                0x080029e4                EXTI3_IRQHandler
                0x080029e4                TIM8_TRG_COM_TIM14_IRQHandler
                0x080029e4                TIM1_UP_TIM10_IRQHandler
                0x080029e4                TIM8_UP_TIM13_IRQHandler
                0x080029e4                I2C3_ER_IRQHandler
                0x080029e4                EXTI0_IRQHandler
                0x080029e4                I2C2_EV_IRQHandler
                0x080029e4                DMA1_Stream2_IRQHandler
                0x080029e4                CAN1_RX0_IRQHandler
                0x080029e4                FPU_IRQHandler
                0x080029e4                OTG_HS_WKUP_IRQHandler
                0x080029e4                CAN2_SCE_IRQHandler
                0x080029e4                DMA2_Stream2_IRQHandler
                0x080029e4                SPI1_IRQHandler
                0x080029e4                TIM6_DAC_IRQHandler
                0x080029e4                TIM1_BRK_TIM9_IRQHandler
                0x080029e4                DCMI_IRQHandler
                0x080029e4                CAN2_RX0_IRQHandler
                0x080029e4                DMA2_Stream3_IRQHandler
                0x080029e4                USART6_IRQHandler
                0x080029e4                USART3_IRQHandler
                0x080029e4                CAN1_RX1_IRQHandler
                0x080029e4                UART5_IRQHandler
                0x080029e4                DMA2_Stream0_IRQHandler
                0x080029e4                TIM4_IRQHandler
                0x080029e4                I2C1_EV_IRQHandler
                0x080029e4                DMA1_Stream6_IRQHandler
                0x080029e4                DMA1_Stream1_IRQHandler
                0x080029e4                UART4_IRQHandler
                0x080029e4                TIM3_IRQHandler
                0x080029e4                RCC_IRQHandler
                0x080029e4                TIM8_BRK_TIM12_IRQHandler
                0x080029e4                Default_Handler
                0x080029e4                EXTI15_10_IRQHandler
                0x080029e4                ADC_IRQHandler
                0x080029e4                DMA1_Stream7_IRQHandler
                0x080029e4                TIM7_IRQHandler
                0x080029e4                CAN2_TX_IRQHandler
                0x080029e4                TIM5_IRQHandler
                0x080029e4                DMA2_Stream7_IRQHandler
                0x080029e4                I2C3_EV_IRQHandler
                0x080029e4                EXTI9_5_IRQHandler
                0x080029e4                RTC_WKUP_IRQHandler
                0x080029e4                ETH_WKUP_IRQHandler
                0x080029e4                SPI2_IRQHandler
                0x080029e4                OTG_HS_EP1_IN_IRQHandler
                0x080029e4                DMA1_Stream0_IRQHandler
                0x080029e4                CAN1_TX_IRQHandler
                0x080029e4                EXTI4_IRQHandler
                0x080029e4                FSMC_IRQHandler
                0x080029e4                ETH_IRQHandler
                0x080029e4                OTG_HS_EP1_OUT_IRQHandler
                0x080029e4                WWDG_IRQHandler
                0x080029e4                TIM2_IRQHandler
                0x080029e4                OTG_FS_WKUP_IRQHandler
                0x080029e4                TIM1_TRG_COM_TIM11_IRQHandler
                0x080029e4                OTG_HS_IRQHandler
                0x080029e4                EXTI1_IRQHandler
                0x080029e4                I2C2_ER_IRQHandler
                0x080029e4                DMA2_Stream1_IRQHandler
                0x080029e4                CAN1_SCE_IRQHandler
                0x080029e4                FLASH_IRQHandler
                0x080029e4                DMA2_Stream4_IRQHandler
                0x080029e4                USART1_IRQHandler
                0x080029e4                SPI3_IRQHandler
                0x080029e4                DMA1_Stream4_IRQHandler
                0x080029e4                I2C1_ER_IRQHandler
                0x080029e4                DMA2_Stream6_IRQHandler
                0x080029e4                DMA1_Stream3_IRQHandler
 *fill*         0x080029e6        0x2 
 .text.HAL_Init
                0x080029e8       0x44 ./Drivers/STM32F4xx_HAL_Driver/Src/stm32f4xx_hal.o
                0x080029e8                HAL_Init
 .text.HAL_InitTick
                0x08002a2c       0x60 ./Drivers/STM32F4xx_HAL_Driver/Src/stm32f4xx_hal.o
                0x08002a2c                HAL_InitTick
 .text.HAL_IncTick
                0x08002a8c       0x28 ./Drivers/STM32F4xx_HAL_Driver/Src/stm32f4xx_hal.o
                0x08002a8c                HAL_IncTick
 .text.HAL_GetTick
                0x08002ab4       0x18 ./Drivers/STM32F4xx_HAL_Driver/Src/stm32f4xx_hal.o
                0x08002ab4                HAL_GetTick
 .text.HAL_Delay
                0x08002acc       0x48 ./Drivers/STM32F4xx_HAL_Driver/Src/stm32f4xx_hal.o
                0x08002acc                HAL_Delay
 .text.HAL_ADC_Init
                0x08002b14       0x86 ./Drivers/STM32F4xx_HAL_Driver/Src/stm32f4xx_hal_adc.o
                0x08002b14                HAL_ADC_Init
 *fill*         0x08002b9a        0x2 
 .text.HAL_ADC_ConfigChannel
                0x08002b9c      0x244 ./Drivers/STM32F4xx_HAL_Driver/Src/stm32f4xx_hal_adc.o
                0x08002b9c                HAL_ADC_ConfigChannel
 .text.ADC_Init
                0x08002de0      0x1f8 ./Drivers/STM32F4xx_HAL_Driver/Src/stm32f4xx_hal_adc.o
 .text.__NVIC_SetPriorityGrouping
                0x08002fd8       0x48 ./Drivers/STM32F4xx_HAL_Driver/Src/stm32f4xx_hal_cortex.o
 .text.__NVIC_GetPriorityGrouping
                0x08003020       0x1c ./Drivers/STM32F4xx_HAL_Driver/Src/stm32f4xx_hal_cortex.o
 .text.__NVIC_EnableIRQ
                0x0800303c       0x3c ./Drivers/STM32F4xx_HAL_Driver/Src/stm32f4xx_hal_cortex.o
 .text.__NVIC_DisableIRQ
                0x08003078       0x48 ./Drivers/STM32F4xx_HAL_Driver/Src/stm32f4xx_hal_cortex.o
 .text.__NVIC_SetPriority
                0x080030c0       0x54 ./Drivers/STM32F4xx_HAL_Driver/Src/stm32f4xx_hal_cortex.o
 .text.NVIC_EncodePriority
                0x08003114       0x66 ./Drivers/STM32F4xx_HAL_Driver/Src/stm32f4xx_hal_cortex.o
 *fill*         0x0800317a        0x2 
 .text.SysTick_Config
                0x0800317c       0x44 ./Drivers/STM32F4xx_HAL_Driver/Src/stm32f4xx_hal_cortex.o
 .text.HAL_NVIC_SetPriorityGrouping
                0x080031c0       0x16 ./Drivers/STM32F4xx_HAL_Driver/Src/stm32f4xx_hal_cortex.o
                0x080031c0                HAL_NVIC_SetPriorityGrouping
 .text.HAL_NVIC_SetPriority
                0x080031d6       0x38 ./Drivers/STM32F4xx_HAL_Driver/Src/stm32f4xx_hal_cortex.o
                0x080031d6                HAL_NVIC_SetPriority
 .text.HAL_NVIC_EnableIRQ
                0x0800320e       0x1c ./Drivers/STM32F4xx_HAL_Driver/Src/stm32f4xx_hal_cortex.o
                0x0800320e                HAL_NVIC_EnableIRQ
 .text.HAL_NVIC_DisableIRQ
                0x0800322a       0x1c ./Drivers/STM32F4xx_HAL_Driver/Src/stm32f4xx_hal_cortex.o
                0x0800322a                HAL_NVIC_DisableIRQ
 .text.HAL_SYSTICK_Config
                0x08003246       0x18 ./Drivers/STM32F4xx_HAL_Driver/Src/stm32f4xx_hal_cortex.o
                0x08003246                HAL_SYSTICK_Config
 .text.HAL_DMA_Abort
                0x0800325e       0xe0 ./Drivers/STM32F4xx_HAL_Driver/Src/stm32f4xx_hal_dma.o
                0x0800325e                HAL_DMA_Abort
 .text.HAL_DMA_Abort_IT
                0x0800333e       0x44 ./Drivers/STM32F4xx_HAL_Driver/Src/stm32f4xx_hal_dma.o
                0x0800333e                HAL_DMA_Abort_IT
 *fill*         0x08003382        0x2 
 .text.HAL_GPIO_Init
                0x08003384      0x338 ./Drivers/STM32F4xx_HAL_Driver/Src/stm32f4xx_hal_gpio.o
                0x08003384                HAL_GPIO_Init
 .text.HAL_GPIO_DeInit
                0x080036bc      0x1f8 ./Drivers/STM32F4xx_HAL_Driver/Src/stm32f4xx_hal_gpio.o
                0x080036bc                HAL_GPIO_DeInit
 .text.HAL_GPIO_WritePin
                0x080038b4       0x32 ./Drivers/STM32F4xx_HAL_Driver/Src/stm32f4xx_hal_gpio.o
                0x080038b4                HAL_GPIO_WritePin
 *fill*         0x080038e6        0x2 
 .text.HAL_I2C_Init
                0x080038e8      0x288 ./Drivers/STM32F4xx_HAL_Driver/Src/stm32f4xx_hal_i2c.o
                0x080038e8                HAL_I2C_Init
 .text.HAL_PCD_Init
                0x08003b70      0x21e ./Drivers/STM32F4xx_HAL_Driver/Src/stm32f4xx_hal_pcd.o
                0x08003b70                HAL_PCD_Init
 .text.HAL_PCD_Start
                0x08003d8e       0x6a ./Drivers/STM32F4xx_HAL_Driver/Src/stm32f4xx_hal_pcd.o
                0x08003d8e                HAL_PCD_Start
 .text.HAL_PCD_IRQHandler
                0x08003df8      0x942 ./Drivers/STM32F4xx_HAL_Driver/Src/stm32f4xx_hal_pcd.o
                0x08003df8                HAL_PCD_IRQHandler
 .text.HAL_PCD_SetAddress
                0x0800473a       0x48 ./Drivers/STM32F4xx_HAL_Driver/Src/stm32f4xx_hal_pcd.o
                0x0800473a                HAL_PCD_SetAddress
 .text.HAL_PCD_EP_Open
                0x08004782       0xd4 ./Drivers/STM32F4xx_HAL_Driver/Src/stm32f4xx_hal_pcd.o
                0x08004782                HAL_PCD_EP_Open
 .text.HAL_PCD_EP_Close
                0x08004856       0x94 ./Drivers/STM32F4xx_HAL_Driver/Src/stm32f4xx_hal_pcd.o
                0x08004856                HAL_PCD_EP_Close
 .text.HAL_PCD_EP_Receive
                0x080048ea       0x76 ./Drivers/STM32F4xx_HAL_Driver/Src/stm32f4xx_hal_pcd.o
                0x080048ea                HAL_PCD_EP_Receive
 .text.HAL_PCD_EP_GetRxCount
                0x08004960       0x30 ./Drivers/STM32F4xx_HAL_Driver/Src/stm32f4xx_hal_pcd.o
                0x08004960                HAL_PCD_EP_GetRxCount
 .text.HAL_PCD_EP_Transmit
                0x08004990       0x74 ./Drivers/STM32F4xx_HAL_Driver/Src/stm32f4xx_hal_pcd.o
                0x08004990                HAL_PCD_EP_Transmit
 .text.HAL_PCD_EP_SetStall
                0x08004a04       0xc6 ./Drivers/STM32F4xx_HAL_Driver/Src/stm32f4xx_hal_pcd.o
                0x08004a04                HAL_PCD_EP_SetStall
 .text.HAL_PCD_EP_ClrStall
                0x08004aca       0xac ./Drivers/STM32F4xx_HAL_Driver/Src/stm32f4xx_hal_pcd.o
                0x08004aca                HAL_PCD_EP_ClrStall
 .text.HAL_PCD_EP_Abort
                0x08004b76       0x62 ./Drivers/STM32F4xx_HAL_Driver/Src/stm32f4xx_hal_pcd.o
                0x08004b76                HAL_PCD_EP_Abort
 .text.PCD_WriteEmptyTxFifo
                0x08004bd8      0x118 ./Drivers/STM32F4xx_HAL_Driver/Src/stm32f4xx_hal_pcd.o
 .text.PCD_EP_OutXfrComplete_int
                0x08004cf0      0x1d0 ./Drivers/STM32F4xx_HAL_Driver/Src/stm32f4xx_hal_pcd.o
 .text.PCD_EP_OutSetupPacket_int
                0x08004ec0       0x8c ./Drivers/STM32F4xx_HAL_Driver/Src/stm32f4xx_hal_pcd.o
 .text.HAL_PCDEx_SetTxFiFo
                0x08004f4c       0x8e ./Drivers/STM32F4xx_HAL_Driver/Src/stm32f4xx_hal_pcd_ex.o
                0x08004f4c                HAL_PCDEx_SetTxFiFo
 .text.HAL_PCDEx_SetRxFiFo
                0x08004fda       0x22 ./Drivers/STM32F4xx_HAL_Driver/Src/stm32f4xx_hal_pcd_ex.o
                0x08004fda                HAL_PCDEx_SetRxFiFo
 .text.HAL_PCDEx_LPM_Callback
                0x08004ffc       0x18 ./Drivers/STM32F4xx_HAL_Driver/Src/stm32f4xx_hal_pcd_ex.o
                0x08004ffc                HAL_PCDEx_LPM_Callback
 .text.HAL_RCC_OscConfig
                0x08005014      0x4f0 ./Drivers/STM32F4xx_HAL_Driver/Src/stm32f4xx_hal_rcc.o
                0x08005014                HAL_RCC_OscConfig
 .text.HAL_RCC_ClockConfig
                0x08005504      0x1cc ./Drivers/STM32F4xx_HAL_Driver/Src/stm32f4xx_hal_rcc.o
                0x08005504                HAL_RCC_ClockConfig
 .text.HAL_RCC_GetSysClockFreq
                0x080056d0      0x20c ./Drivers/STM32F4xx_HAL_Driver/Src/stm32f4xx_hal_rcc.o
                0x080056d0                HAL_RCC_GetSysClockFreq
 .text.HAL_RCC_GetHCLKFreq
                0x080058dc       0x18 ./Drivers/STM32F4xx_HAL_Driver/Src/stm32f4xx_hal_rcc.o
                0x080058dc                HAL_RCC_GetHCLKFreq
 .text.HAL_RCC_GetPCLK1Freq
                0x080058f4       0x28 ./Drivers/STM32F4xx_HAL_Driver/Src/stm32f4xx_hal_rcc.o
                0x080058f4                HAL_RCC_GetPCLK1Freq
 .text.HAL_RCC_GetPCLK2Freq
                0x0800591c       0x28 ./Drivers/STM32F4xx_HAL_Driver/Src/stm32f4xx_hal_rcc.o
                0x0800591c                HAL_RCC_GetPCLK2Freq
 .text.HAL_SPI_Init
                0x08005944      0x112 ./Drivers/STM32F4xx_HAL_Driver/Src/stm32f4xx_hal_spi.o
                0x08005944                HAL_SPI_Init
 .text.HAL_TIM_Base_Init
                0x08005a56       0x9e ./Drivers/STM32F4xx_HAL_Driver/Src/stm32f4xx_hal_tim.o
                0x08005a56                HAL_TIM_Base_Init
 .text.HAL_TIM_PWM_Init
                0x08005af4       0x9e ./Drivers/STM32F4xx_HAL_Driver/Src/stm32f4xx_hal_tim.o
                0x08005af4                HAL_TIM_PWM_Init
 *fill*         0x08005b92        0x2 
 .text.HAL_TIM_PWM_Start
                0x08005b94      0x190 ./Drivers/STM32F4xx_HAL_Driver/Src/stm32f4xx_hal_tim.o
                0x08005b94                HAL_TIM_PWM_Start
 .text.HAL_TIM_Encoder_Init
                0x08005d24      0x14c ./Drivers/STM32F4xx_HAL_Driver/Src/stm32f4xx_hal_tim.o
                0x08005d24                HAL_TIM_Encoder_Init
 .text.HAL_TIM_Encoder_Start
                0x08005e70      0x11c ./Drivers/STM32F4xx_HAL_Driver/Src/stm32f4xx_hal_tim.o
                0x08005e70                HAL_TIM_Encoder_Start
 .text.HAL_TIM_PWM_ConfigChannel
                0x08005f8c      0x184 ./Drivers/STM32F4xx_HAL_Driver/Src/stm32f4xx_hal_tim.o
                0x08005f8c                HAL_TIM_PWM_ConfigChannel
 .text.TIM_Base_SetConfig
                0x08006110      0x158 ./Drivers/STM32F4xx_HAL_Driver/Src/stm32f4xx_hal_tim.o
                0x08006110                TIM_Base_SetConfig
 .text.TIM_OC1_SetConfig
                0x08006268       0xe0 ./Drivers/STM32F4xx_HAL_Driver/Src/stm32f4xx_hal_tim.o
 .text.TIM_OC2_SetConfig
                0x08006348       0xec ./Drivers/STM32F4xx_HAL_Driver/Src/stm32f4xx_hal_tim.o
                0x08006348                TIM_OC2_SetConfig
 .text.TIM_OC3_SetConfig
                0x08006434       0xe8 ./Drivers/STM32F4xx_HAL_Driver/Src/stm32f4xx_hal_tim.o
 .text.TIM_OC4_SetConfig
                0x0800651c       0xac ./Drivers/STM32F4xx_HAL_Driver/Src/stm32f4xx_hal_tim.o
 .text.TIM_CCxChannelCmd
                0x080065c8       0x4a ./Drivers/STM32F4xx_HAL_Driver/Src/stm32f4xx_hal_tim.o
                0x080065c8                TIM_CCxChannelCmd
 *fill*         0x08006612        0x2 
 .text.HAL_TIMEx_MasterConfigSynchronization
                0x08006614       0xf8 ./Drivers/STM32F4xx_HAL_Driver/Src/stm32f4xx_hal_tim_ex.o
                0x08006614                HAL_TIMEx_MasterConfigSynchronization
 .text.HAL_UART_Init
                0x0800670c       0xa0 ./Drivers/STM32F4xx_HAL_Driver/Src/stm32f4xx_hal_uart.o
                0x0800670c                HAL_UART_Init
 .text.HAL_UART_DeInit
                0x080067ac       0x64 ./Drivers/STM32F4xx_HAL_Driver/Src/stm32f4xx_hal_uart.o
                0x080067ac                HAL_UART_DeInit
 .text.HAL_UART_Receive_IT
                0x08006810       0x4a ./Drivers/STM32F4xx_HAL_Driver/Src/stm32f4xx_hal_uart.o
                0x08006810                HAL_UART_Receive_IT
 *fill*         0x0800685a        0x2 
 .text.HAL_UART_IRQHandler
                0x0800685c      0x524 ./Drivers/STM32F4xx_HAL_Driver/Src/stm32f4xx_hal_uart.o
                0x0800685c                HAL_UART_IRQHandler
 .text.HAL_UART_TxCpltCallback
                0x08006d80       0x14 ./Drivers/STM32F4xx_HAL_Driver/Src/stm32f4xx_hal_uart.o
                0x08006d80                HAL_UART_TxCpltCallback
 .text.HAL_UART_ErrorCallback
                0x08006d94       0x14 ./Drivers/STM32F4xx_HAL_Driver/Src/stm32f4xx_hal_uart.o
                0x08006d94                HAL_UART_ErrorCallback
 .text.HAL_UARTEx_RxEventCallback
                0x08006da8       0x18 ./Drivers/STM32F4xx_HAL_Driver/Src/stm32f4xx_hal_uart.o
                0x08006da8                HAL_UARTEx_RxEventCallback
 .text.UART_Start_Receive_IT
                0x08006dc0       0x74 ./Drivers/STM32F4xx_HAL_Driver/Src/stm32f4xx_hal_uart.o
                0x08006dc0                UART_Start_Receive_IT
 .text.UART_EndRxTransfer
                0x08006e34       0xc6 ./Drivers/STM32F4xx_HAL_Driver/Src/stm32f4xx_hal_uart.o
 .text.UART_DMAAbortOnError
                0x08006efa       0x28 ./Drivers/STM32F4xx_HAL_Driver/Src/stm32f4xx_hal_uart.o
 .text.UART_Transmit_IT
                0x08006f22       0xa0 ./Drivers/STM32F4xx_HAL_Driver/Src/stm32f4xx_hal_uart.o
 .text.UART_EndTransmit_IT
                0x08006fc2       0x30 ./Drivers/STM32F4xx_HAL_Driver/Src/stm32f4xx_hal_uart.o
 .text.UART_Receive_IT
                0x08006ff2      0x17c ./Drivers/STM32F4xx_HAL_Driver/Src/stm32f4xx_hal_uart.o
 *fill*         0x0800716e        0x2 
 .text.UART_SetConfig
                0x08007170      0x4e8 ./Drivers/STM32F4xx_HAL_Driver/Src/stm32f4xx_hal_uart.o
 .text.USB_CoreInit
                0x08007658       0xc8 ./Drivers/STM32F4xx_HAL_Driver/Src/stm32f4xx_ll_usb.o
                0x08007658                USB_CoreInit
 .text.USB_SetTurnaroundTime
                0x08007720      0x144 ./Drivers/STM32F4xx_HAL_Driver/Src/stm32f4xx_ll_usb.o
                0x08007720                USB_SetTurnaroundTime
 .text.USB_EnableGlobalInt
                0x08007864       0x22 ./Drivers/STM32F4xx_HAL_Driver/Src/stm32f4xx_ll_usb.o
                0x08007864                USB_EnableGlobalInt
 .text.USB_DisableGlobalInt
                0x08007886       0x22 ./Drivers/STM32F4xx_HAL_Driver/Src/stm32f4xx_ll_usb.o
                0x08007886                USB_DisableGlobalInt
 .text.USB_SetCurrentMode
                0x080078a8       0x98 ./Drivers/STM32F4xx_HAL_Driver/Src/stm32f4xx_ll_usb.o
                0x080078a8                USB_SetCurrentMode
 .text.USB_DevInit
                0x08007940      0x2c8 ./Drivers/STM32F4xx_HAL_Driver/Src/stm32f4xx_ll_usb.o
                0x08007940                USB_DevInit
 .text.USB_FlushTxFifo
                0x08007c08       0x64 ./Drivers/STM32F4xx_HAL_Driver/Src/stm32f4xx_ll_usb.o
                0x08007c08                USB_FlushTxFifo
 .text.USB_FlushRxFifo
                0x08007c6c       0x5c ./Drivers/STM32F4xx_HAL_Driver/Src/stm32f4xx_ll_usb.o
                0x08007c6c                USB_FlushRxFifo
 .text.USB_SetDevSpeed
                0x08007cc8       0x32 ./Drivers/STM32F4xx_HAL_Driver/Src/stm32f4xx_ll_usb.o
                0x08007cc8                USB_SetDevSpeed
 .text.USB_GetDevSpeed
                0x08007cfa       0x4a ./Drivers/STM32F4xx_HAL_Driver/Src/stm32f4xx_ll_usb.o
                0x08007cfa                USB_GetDevSpeed
 .text.USB_ActivateEndpoint
                0x08007d44      0x10e ./Drivers/STM32F4xx_HAL_Driver/Src/stm32f4xx_ll_usb.o
                0x08007d44                USB_ActivateEndpoint
 *fill*         0x08007e52        0x2 
 .text.USB_DeactivateEndpoint
                0x08007e54      0x1b8 ./Drivers/STM32F4xx_HAL_Driver/Src/stm32f4xx_ll_usb.o
                0x08007e54                USB_DeactivateEndpoint
 .text.USB_EPStartXfer
                0x0800800c      0x53c ./Drivers/STM32F4xx_HAL_Driver/Src/stm32f4xx_ll_usb.o
                0x0800800c                USB_EPStartXfer
 .text.USB_EPStopXfer
                0x08008548      0x154 ./Drivers/STM32F4xx_HAL_Driver/Src/stm32f4xx_ll_usb.o
                0x08008548                USB_EPStopXfer
 .text.USB_WritePacket
                0x0800869c       0x7c ./Drivers/STM32F4xx_HAL_Driver/Src/stm32f4xx_ll_usb.o
                0x0800869c                USB_WritePacket
 .text.USB_ReadPacket
                0x08008718       0xb0 ./Drivers/STM32F4xx_HAL_Driver/Src/stm32f4xx_ll_usb.o
                0x08008718                USB_ReadPacket
 .text.USB_EPSetStall
                0x080087c8       0xdc ./Drivers/STM32F4xx_HAL_Driver/Src/stm32f4xx_ll_usb.o
                0x080087c8                USB_EPSetStall
 .text.USB_EPClearStall
                0x080088a4       0xcc ./Drivers/STM32F4xx_HAL_Driver/Src/stm32f4xx_ll_usb.o
                0x080088a4                USB_EPClearStall
 .text.USB_SetDevAddress
                0x08008970       0x4c ./Drivers/STM32F4xx_HAL_Driver/Src/stm32f4xx_ll_usb.o
                0x08008970                USB_SetDevAddress
 .text.USB_DevConnect
                0x080089bc       0x42 ./Drivers/STM32F4xx_HAL_Driver/Src/stm32f4xx_ll_usb.o
                0x080089bc                USB_DevConnect
 .text.USB_DevDisconnect
                0x080089fe       0x42 ./Drivers/STM32F4xx_HAL_Driver/Src/stm32f4xx_ll_usb.o
                0x080089fe                USB_DevDisconnect
 .text.USB_ReadInterrupts
                0x08008a40       0x26 ./Drivers/STM32F4xx_HAL_Driver/Src/stm32f4xx_ll_usb.o
                0x08008a40                USB_ReadInterrupts
 .text.USB_ReadDevAllOutEpInterrupt
                0x08008a66       0x34 ./Drivers/STM32F4xx_HAL_Driver/Src/stm32f4xx_ll_usb.o
                0x08008a66                USB_ReadDevAllOutEpInterrupt
 .text.USB_ReadDevAllInEpInterrupt
                0x08008a9a       0x34 ./Drivers/STM32F4xx_HAL_Driver/Src/stm32f4xx_ll_usb.o
                0x08008a9a                USB_ReadDevAllInEpInterrupt
 .text.USB_ReadDevOutEPInterrupt
                0x08008ace       0x3c ./Drivers/STM32F4xx_HAL_Driver/Src/stm32f4xx_ll_usb.o
                0x08008ace                USB_ReadDevOutEPInterrupt
 .text.USB_ReadDevInEPInterrupt
                0x08008b0a       0x5c ./Drivers/STM32F4xx_HAL_Driver/Src/stm32f4xx_ll_usb.o
                0x08008b0a                USB_ReadDevInEPInterrupt
 .text.USB_GetMode
                0x08008b66       0x1c ./Drivers/STM32F4xx_HAL_Driver/Src/stm32f4xx_ll_usb.o
                0x08008b66                USB_GetMode
 .text.USB_ActivateSetup
                0x08008b82       0x46 ./Drivers/STM32F4xx_HAL_Driver/Src/stm32f4xx_ll_usb.o
                0x08008b82                USB_ActivateSetup
 .text.USB_EP0_OutStart
                0x08008bc8       0xbc ./Drivers/STM32F4xx_HAL_Driver/Src/stm32f4xx_ll_usb.o
                0x08008bc8                USB_EP0_OutStart
 .text.USB_CoreReset
                0x08008c84       0x62 ./Drivers/STM32F4xx_HAL_Driver/Src/stm32f4xx_ll_usb.o
 *fill*         0x08008ce6        0x2 
 .text.digitalWrite
                0x08008ce8      0x6cc ./Library_for_Ro_Bo_Rho_V4/Arduino.o
                0x08008ce8                digitalWrite
 .text.map      0x080093b4       0x5c ./Library_for_Ro_Bo_Rho_V4/Arduino.o
                0x080093b4                map
 .text.Motor_setup_LF
                0x08009410       0x5c ./Library_for_Ro_Bo_Rho_V4/Encoder_Motor.o
                0x08009410                Motor_setup_LF
 .text.Motor_setup_LB
                0x0800946c       0x5c ./Library_for_Ro_Bo_Rho_V4/Encoder_Motor.o
                0x0800946c                Motor_setup_LB
 .text.Motor_setup_RF
                0x080094c8       0x5c ./Library_for_Ro_Bo_Rho_V4/Encoder_Motor.o
                0x080094c8                Motor_setup_RF
 .text.Motor_setup_RB
                0x08009524       0x5c ./Library_for_Ro_Bo_Rho_V4/Encoder_Motor.o
                0x08009524                Motor_setup_RB
 .text.Motor_setup_EXTRA1
                0x08009580       0x5c ./Library_for_Ro_Bo_Rho_V4/Encoder_Motor.o
                0x08009580                Motor_setup_EXTRA1
 .text.Motor_setup_EXTRA2
                0x080095dc       0x5c ./Library_for_Ro_Bo_Rho_V4/Encoder_Motor.o
                0x080095dc                Motor_setup_EXTRA2
 .text.getCount
                0x08009638       0x34 ./Library_for_Ro_Bo_Rho_V4/Encoder_Motor.o
                0x08009638                getCount
 .text.Setup_frequency_Motor
                0x0800966c       0x20 ./Library_for_Ro_Bo_Rho_V4/Encoder_Motor.o
                0x0800966c                Setup_frequency_Motor
 .text.Setup_CPR
                0x0800968c       0x20 ./Library_for_Ro_Bo_Rho_V4/Encoder_Motor.o
                0x0800968c                Setup_CPR
 .text.Setup_Gear_Ratio
                0x080096ac       0x20 ./Library_for_Ro_Bo_Rho_V4/Encoder_Motor.o
                0x080096ac                Setup_Gear_Ratio
 .text.getRad_s_to_RPM
                0x080096cc       0x34 ./Library_for_Ro_Bo_Rho_V4/Encoder_Motor.o
                0x080096cc                getRad_s_to_RPM
 .text.getRPM_TIM_Wheel
                0x08009700      0x10c ./Library_for_Ro_Bo_Rho_V4/Encoder_Motor.o
                0x08009700                getRPM_TIM_Wheel
 .text.Setup_PID_Wheel
                0x0800980c       0x7c ./Library_for_Ro_Bo_Rho_V4/Encoder_Motor.o
                0x0800980c                Setup_PID_Wheel
 .text.PID_Speed
                0x08009888      0x25c ./Library_for_Ro_Bo_Rho_V4/Encoder_Motor.o
                0x08009888                PID_Speed
 .text.Motor_DutyCycle_LF
                0x08009ae4       0xb0 ./Library_for_Ro_Bo_Rho_V4/Encoder_Motor.o
                0x08009ae4                Motor_DutyCycle_LF
 .text.Motor_DutyCycle_LB
                0x08009b94       0xb8 ./Library_for_Ro_Bo_Rho_V4/Encoder_Motor.o
                0x08009b94                Motor_DutyCycle_LB
 .text.Motor_DutyCycle_RF
                0x08009c4c       0xb8 ./Library_for_Ro_Bo_Rho_V4/Encoder_Motor.o
                0x08009c4c                Motor_DutyCycle_RF
 .text.Motor_DutyCycle_RB
                0x08009d04       0xb0 ./Library_for_Ro_Bo_Rho_V4/Encoder_Motor.o
                0x08009d04                Motor_DutyCycle_RB
 .text.Motor_DutyCycle_EXTRA1
                0x08009db4       0xb0 ./Library_for_Ro_Bo_Rho_V4/Encoder_Motor.o
                0x08009db4                Motor_DutyCycle_EXTRA1
 .text.Motor_DutyCycle_EXTRA2
                0x08009e64       0xb0 ./Library_for_Ro_Bo_Rho_V4/Encoder_Motor.o
                0x08009e64                Motor_DutyCycle_EXTRA2
 .text.Motor_DutyCycle
                0x08009f14       0xe8 ./Library_for_Ro_Bo_Rho_V4/Encoder_Motor.o
                0x08009f14                Motor_DutyCycle
 .text.Motor_Speed_LF
                0x08009ffc       0xd8 ./Library_for_Ro_Bo_Rho_V4/Encoder_Motor.o
                0x08009ffc                Motor_Speed_LF
 .text.Motor_Speed_LB
                0x0800a0d4       0xd8 ./Library_for_Ro_Bo_Rho_V4/Encoder_Motor.o
                0x0800a0d4                Motor_Speed_LB
 .text.Motor_Speed_RF
                0x0800a1ac       0xd8 ./Library_for_Ro_Bo_Rho_V4/Encoder_Motor.o
                0x0800a1ac                Motor_Speed_RF
 .text.Motor_Speed_RB
                0x0800a284       0xd8 ./Library_for_Ro_Bo_Rho_V4/Encoder_Motor.o
                0x0800a284                Motor_Speed_RB
 .text.Shoot_Ball
                0x0800a35c       0x68 ./Library_for_Ro_Bo_Rho_V4/Game_Play.o
                0x0800a35c                Shoot_Ball
 .text.Juggling
                0x0800a3c4       0xc4 ./Library_for_Ro_Bo_Rho_V4/Game_Play.o
                0x0800a3c4                Juggling
 .text.Reload   0x0800a488       0xa0 ./Library_for_Ro_Bo_Rho_V4/Game_Play.o
                0x0800a488                Reload
 .text.Game_Play_ROBOT_1
                0x0800a528      0x1c8 ./Library_for_Ro_Bo_Rho_V4/Game_Play.o
                0x0800a528                Game_Play_ROBOT_1
 .text.Setup_Inverse_Kinematic
                0x0800a6f0       0x3c ./Library_for_Ro_Bo_Rho_V4/Inverse_Kinematics.o
                0x0800a6f0                Setup_Inverse_Kinematic
 .text.Inverse_Kinematic_Lock_Direction
                0x0800a72c      0x240 ./Library_for_Ro_Bo_Rho_V4/Inverse_Kinematics.o
                0x0800a72c                Inverse_Kinematic_Lock_Direction
 .text.get_w_LF
                0x0800a96c       0x1c ./Library_for_Ro_Bo_Rho_V4/Inverse_Kinematics.o
                0x0800a96c                get_w_LF
 .text.get_w_LB
                0x0800a988       0x1c ./Library_for_Ro_Bo_Rho_V4/Inverse_Kinematics.o
                0x0800a988                get_w_LB
 .text.get_w_RF
                0x0800a9a4       0x1c ./Library_for_Ro_Bo_Rho_V4/Inverse_Kinematics.o
                0x0800a9a4                get_w_RF
 .text.get_w_RB
                0x0800a9c0       0x1c ./Library_for_Ro_Bo_Rho_V4/Inverse_Kinematics.o
                0x0800a9c0                get_w_RB
 .text.Setup_Ramp_Count
                0x0800a9dc       0x58 ./Library_for_Ro_Bo_Rho_V4/Ramp_Robot.o
                0x0800a9dc                Setup_Ramp_Count
 .text.Count_to_degree
                0x0800aa34       0x3c ./Library_for_Ro_Bo_Rho_V4/Ramp_Robot.o
                0x0800aa34                Count_to_degree
 .text.Degree_to_Count
                0x0800aa70       0x38 ./Library_for_Ro_Bo_Rho_V4/Ramp_Robot.o
                0x0800aa70                Degree_to_Count
 .text.Ramp_Count
                0x0800aaa8      0x10c ./Library_for_Ro_Bo_Rho_V4/Ramp_Robot.o
                0x0800aaa8                Ramp_Count
 .text.UART_Runner
                0x0800abb4       0xf0 ./Library_for_Ro_Bo_Rho_V4/UART_ESP.o
                0x0800abb4                UART_Runner
 .text.USBD_CDC_Init
                0x0800aca4      0x1f0 ./Middlewares/ST/STM32_USB_Device_Library/Class/CDC/Src/usbd_cdc.o
 .text.USBD_CDC_DeInit
                0x0800ae94      0x104 ./Middlewares/ST/STM32_USB_Device_Library/Class/CDC/Src/usbd_cdc.o
 .text.USBD_CDC_Setup
                0x0800af98      0x1b8 ./Middlewares/ST/STM32_USB_Device_Library/Class/CDC/Src/usbd_cdc.o
 .text.USBD_CDC_DataIn
                0x0800b150       0xfe ./Middlewares/ST/STM32_USB_Device_Library/Class/CDC/Src/usbd_cdc.o
 .text.USBD_CDC_DataOut
                0x0800b24e       0x70 ./Middlewares/ST/STM32_USB_Device_Library/Class/CDC/Src/usbd_cdc.o
 .text.USBD_CDC_EP0_RxReady
                0x0800b2be       0x74 ./Middlewares/ST/STM32_USB_Device_Library/Class/CDC/Src/usbd_cdc.o
 *fill*         0x0800b332        0x2 
 .text.USBD_CDC_GetFSCfgDesc
                0x0800b334       0x70 ./Middlewares/ST/STM32_USB_Device_Library/Class/CDC/Src/usbd_cdc.o
 .text.USBD_CDC_GetHSCfgDesc
                0x0800b3a4       0x70 ./Middlewares/ST/STM32_USB_Device_Library/Class/CDC/Src/usbd_cdc.o
 .text.USBD_CDC_GetOtherSpeedCfgDesc
                0x0800b414       0x70 ./Middlewares/ST/STM32_USB_Device_Library/Class/CDC/Src/usbd_cdc.o
 .text.USBD_CDC_GetDeviceQualifierDescriptor
                0x0800b484       0x20 ./Middlewares/ST/STM32_USB_Device_Library/Class/CDC/Src/usbd_cdc.o
                0x0800b484                USBD_CDC_GetDeviceQualifierDescriptor
 .text.USBD_CDC_RegisterInterface
                0x0800b4a4       0x34 ./Middlewares/ST/STM32_USB_Device_Library/Class/CDC/Src/usbd_cdc.o
                0x0800b4a4                USBD_CDC_RegisterInterface
 .text.USBD_CDC_SetTxBuffer
                0x0800b4d8       0x44 ./Middlewares/ST/STM32_USB_Device_Library/Class/CDC/Src/usbd_cdc.o
                0x0800b4d8                USBD_CDC_SetTxBuffer
 .text.USBD_CDC_SetRxBuffer
                0x0800b51c       0x3a ./Middlewares/ST/STM32_USB_Device_Library/Class/CDC/Src/usbd_cdc.o
                0x0800b51c                USBD_CDC_SetRxBuffer
 *fill*         0x0800b556        0x2 
 .text.USBD_CDC_ReceivePacket
                0x0800b558       0x6c ./Middlewares/ST/STM32_USB_Device_Library/Class/CDC/Src/usbd_cdc.o
                0x0800b558                USBD_CDC_ReceivePacket
 .text.USBD_Init
                0x0800b5c4       0x60 ./Middlewares/ST/STM32_USB_Device_Library/Core/Src/usbd_core.o
                0x0800b5c4                USBD_Init
 .text.USBD_RegisterClass
                0x0800b624       0x6c ./Middlewares/ST/STM32_USB_Device_Library/Core/Src/usbd_core.o
                0x0800b624                USBD_RegisterClass
 .text.USBD_Start
                0x0800b690       0x18 ./Middlewares/ST/STM32_USB_Device_Library/Core/Src/usbd_core.o
                0x0800b690                USBD_Start
 .text.USBD_RunTestMode
                0x0800b6a8       0x16 ./Middlewares/ST/STM32_USB_Device_Library/Core/Src/usbd_core.o
                0x0800b6a8                USBD_RunTestMode
 .text.USBD_SetClassConfig
                0x0800b6be       0x38 ./Middlewares/ST/STM32_USB_Device_Library/Core/Src/usbd_core.o
                0x0800b6be                USBD_SetClassConfig
 .text.USBD_ClrClassConfig
                0x0800b6f6       0x34 ./Middlewares/ST/STM32_USB_Device_Library/Core/Src/usbd_core.o
                0x0800b6f6                USBD_ClrClassConfig
 .text.USBD_LL_SetupStage
                0x0800b72a       0xaa ./Middlewares/ST/STM32_USB_Device_Library/Core/Src/usbd_core.o
                0x0800b72a                USBD_LL_SetupStage
 .text.USBD_LL_DataOutStage
                0x0800b7d4      0x166 ./Middlewares/ST/STM32_USB_Device_Library/Core/Src/usbd_core.o
                0x0800b7d4                USBD_LL_DataOutStage
 .text.USBD_LL_DataInStage
                0x0800b93a      0x164 ./Middlewares/ST/STM32_USB_Device_Library/Core/Src/usbd_core.o
                0x0800b93a                USBD_LL_DataInStage
 .text.USBD_LL_Reset
                0x0800ba9e       0xa4 ./Middlewares/ST/STM32_USB_Device_Library/Core/Src/usbd_core.o
                0x0800ba9e                USBD_LL_Reset
 .text.USBD_LL_SetSpeed
                0x0800bb42       0x20 ./Middlewares/ST/STM32_USB_Device_Library/Core/Src/usbd_core.o
                0x0800bb42                USBD_LL_SetSpeed
 .text.USBD_LL_Suspend
                0x0800bb62       0x38 ./Middlewares/ST/STM32_USB_Device_Library/Core/Src/usbd_core.o
                0x0800bb62                USBD_LL_Suspend
 .text.USBD_LL_Resume
                0x0800bb9a       0x30 ./Middlewares/ST/STM32_USB_Device_Library/Core/Src/usbd_core.o
                0x0800bb9a                USBD_LL_Resume
 .text.USBD_LL_SOF
                0x0800bbca       0x40 ./Middlewares/ST/STM32_USB_Device_Library/Core/Src/usbd_core.o
                0x0800bbca                USBD_LL_SOF
 .text.USBD_LL_IsoINIncomplete
                0x0800bc0a       0x64 ./Middlewares/ST/STM32_USB_Device_Library/Core/Src/usbd_core.o
                0x0800bc0a                USBD_LL_IsoINIncomplete
 .text.USBD_LL_IsoOUTIncomplete
                0x0800bc6e       0x64 ./Middlewares/ST/STM32_USB_Device_Library/Core/Src/usbd_core.o
                0x0800bc6e                USBD_LL_IsoOUTIncomplete
 .text.USBD_LL_DevConnected
                0x0800bcd2       0x16 ./Middlewares/ST/STM32_USB_Device_Library/Core/Src/usbd_core.o
                0x0800bcd2                USBD_LL_DevConnected
 .text.USBD_LL_DevDisconnected
                0x0800bce8       0x46 ./Middlewares/ST/STM32_USB_Device_Library/Core/Src/usbd_core.o
                0x0800bce8                USBD_LL_DevDisconnected
 .text.USBD_CoreFindIF
                0x0800bd2e       0x1a ./Middlewares/ST/STM32_USB_Device_Library/Core/Src/usbd_core.o
                0x0800bd2e                USBD_CoreFindIF
 .text.USBD_CoreFindEP
                0x0800bd48       0x1a ./Middlewares/ST/STM32_USB_Device_Library/Core/Src/usbd_core.o
                0x0800bd48                USBD_CoreFindEP
 .text.USBD_GetEpDesc
                0x0800bd62       0x70 ./Middlewares/ST/STM32_USB_Device_Library/Core/Src/usbd_core.o
                0x0800bd62                USBD_GetEpDesc
 .text.USBD_GetNextDesc
                0x0800bdd2       0x38 ./Middlewares/ST/STM32_USB_Device_Library/Core/Src/usbd_core.o
                0x0800bdd2                USBD_GetNextDesc
 .text.SWAPBYTE
                0x0800be0a       0x3c ./Middlewares/ST/STM32_USB_Device_Library/Core/Src/usbd_ctlreq.o
 *fill*         0x0800be46        0x2 
 .text.USBD_StdDevReq
                0x0800be48       0xe4 ./Middlewares/ST/STM32_USB_Device_Library/Core/Src/usbd_ctlreq.o
                0x0800be48                USBD_StdDevReq
 .text.USBD_StdItfReq
                0x0800bf2c       0xd8 ./Middlewares/ST/STM32_USB_Device_Library/Core/Src/usbd_ctlreq.o
                0x0800bf2c                USBD_StdItfReq
 .text.USBD_StdEPReq
                0x0800c004      0x33a ./Middlewares/ST/STM32_USB_Device_Library/Core/Src/usbd_ctlreq.o
                0x0800c004                USBD_StdEPReq
 *fill*         0x0800c33e        0x2 
 .text.USBD_GetDescriptor
                0x0800c340      0x2d4 ./Middlewares/ST/STM32_USB_Device_Library/Core/Src/usbd_ctlreq.o
 .text.USBD_SetAddress
                0x0800c614       0x88 ./Middlewares/ST/STM32_USB_Device_Library/Core/Src/usbd_ctlreq.o
 .text.USBD_SetConfig
                0x0800c69c      0x154 ./Middlewares/ST/STM32_USB_Device_Library/Core/Src/usbd_ctlreq.o
 .text.USBD_GetConfig
                0x0800c7f0       0x6c ./Middlewares/ST/STM32_USB_Device_Library/Core/Src/usbd_ctlreq.o
 .text.USBD_GetStatus
                0x0800c85c       0x68 ./Middlewares/ST/STM32_USB_Device_Library/Core/Src/usbd_ctlreq.o
 .text.USBD_SetFeature
                0x0800c8c4       0x52 ./Middlewares/ST/STM32_USB_Device_Library/Core/Src/usbd_ctlreq.o
 .text.USBD_ClrFeature
                0x0800c916       0x44 ./Middlewares/ST/STM32_USB_Device_Library/Core/Src/usbd_ctlreq.o
 .text.USBD_ParseSetupRequest
                0x0800c95a       0x74 ./Middlewares/ST/STM32_USB_Device_Library/Core/Src/usbd_ctlreq.o
                0x0800c95a                USBD_ParseSetupRequest
 .text.USBD_CtlError
                0x0800c9ce       0x22 ./Middlewares/ST/STM32_USB_Device_Library/Core/Src/usbd_ctlreq.o
                0x0800c9ce                USBD_CtlError
 .text.USBD_GetString
                0x0800c9f0       0xa4 ./Middlewares/ST/STM32_USB_Device_Library/Core/Src/usbd_ctlreq.o
                0x0800c9f0                USBD_GetString
 .text.USBD_GetLen
                0x0800ca94       0x34 ./Middlewares/ST/STM32_USB_Device_Library/Core/Src/usbd_ctlreq.o
 .text.USBD_CtlSendData
                0x0800cac8       0x36 ./Middlewares/ST/STM32_USB_Device_Library/Core/Src/usbd_ioreq.o
                0x0800cac8                USBD_CtlSendData
 .text.USBD_CtlContinueSendData
                0x0800cafe       0x22 ./Middlewares/ST/STM32_USB_Device_Library/Core/Src/usbd_ioreq.o
                0x0800cafe                USBD_CtlContinueSendData
 .text.USBD_CtlPrepareRx
                0x0800cb20       0x3a ./Middlewares/ST/STM32_USB_Device_Library/Core/Src/usbd_ioreq.o
                0x0800cb20                USBD_CtlPrepareRx
 .text.USBD_CtlContinueRx
                0x0800cb5a       0x22 ./Middlewares/ST/STM32_USB_Device_Library/Core/Src/usbd_ioreq.o
                0x0800cb5a                USBD_CtlContinueRx
 .text.USBD_CtlSendStatus
                0x0800cb7c       0x26 ./Middlewares/ST/STM32_USB_Device_Library/Core/Src/usbd_ioreq.o
                0x0800cb7c                USBD_CtlSendStatus
 .text.USBD_CtlReceiveStatus
                0x0800cba2       0x26 ./Middlewares/ST/STM32_USB_Device_Library/Core/Src/usbd_ioreq.o
                0x0800cba2                USBD_CtlReceiveStatus
 .text.MX_USB_DEVICE_Init
                0x0800cbc8       0x60 ./USB_DEVICE/App/usb_device.o
                0x0800cbc8                MX_USB_DEVICE_Init
 .text.CDC_Init_FS
                0x0800cc28       0x28 ./USB_DEVICE/App/usbd_cdc_if.o
 .text.CDC_DeInit_FS
                0x0800cc50       0x10 ./USB_DEVICE/App/usbd_cdc_if.o
 .text.CDC_Control_FS
                0x0800cc60       0xbc ./USB_DEVICE/App/usbd_cdc_if.o
 .text.CDC_Receive_FS
                0x0800cd1c       0x28 ./USB_DEVICE/App/usbd_cdc_if.o
 .text.CDC_TransmitCplt_FS
                0x0800cd44       0x22 ./USB_DEVICE/App/usbd_cdc_if.o
 *fill*         0x0800cd66        0x2 
 .text.USBD_FS_DeviceDescriptor
                0x0800cd68       0x24 ./USB_DEVICE/App/usbd_desc.o
                0x0800cd68                USBD_FS_DeviceDescriptor
 .text.USBD_FS_LangIDStrDescriptor
                0x0800cd8c       0x24 ./USB_DEVICE/App/usbd_desc.o
                0x0800cd8c                USBD_FS_LangIDStrDescriptor
 .text.USBD_FS_ProductStrDescriptor
                0x0800cdb0       0x3c ./USB_DEVICE/App/usbd_desc.o
                0x0800cdb0                USBD_FS_ProductStrDescriptor
 .text.USBD_FS_ManufacturerStrDescriptor
                0x0800cdec       0x28 ./USB_DEVICE/App/usbd_desc.o
                0x0800cdec                USBD_FS_ManufacturerStrDescriptor
 .text.USBD_FS_SerialStrDescriptor
                0x0800ce14       0x24 ./USB_DEVICE/App/usbd_desc.o
                0x0800ce14                USBD_FS_SerialStrDescriptor
 .text.USBD_FS_ConfigStrDescriptor
                0x0800ce38       0x3c ./USB_DEVICE/App/usbd_desc.o
                0x0800ce38                USBD_FS_ConfigStrDescriptor
 .text.USBD_FS_InterfaceStrDescriptor
                0x0800ce74       0x3c ./USB_DEVICE/App/usbd_desc.o
                0x0800ce74                USBD_FS_InterfaceStrDescriptor
 .text.Get_SerialNum
                0x0800ceb0       0x58 ./USB_DEVICE/App/usbd_desc.o
 .text.IntToUnicode
                0x0800cf08       0x7e ./USB_DEVICE/App/usbd_desc.o
 *fill*         0x0800cf86        0x2 
 .text.HAL_PCD_MspInit
                0x0800cf88       0xa8 ./USB_DEVICE/Target/usbd_conf.o
                0x0800cf88                HAL_PCD_MspInit
 .text.HAL_PCD_SetupStageCallback
                0x0800d030       0x24 ./USB_DEVICE/Target/usbd_conf.o
                0x0800d030                HAL_PCD_SetupStageCallback
 .text.HAL_PCD_DataOutStageCallback
                0x0800d054       0x36 ./USB_DEVICE/Target/usbd_conf.o
                0x0800d054                HAL_PCD_DataOutStageCallback
 .text.HAL_PCD_DataInStageCallback
                0x0800d08a       0x34 ./USB_DEVICE/Target/usbd_conf.o
                0x0800d08a                HAL_PCD_DataInStageCallback
 .text.HAL_PCD_SOFCallback
                0x0800d0be       0x1c ./USB_DEVICE/Target/usbd_conf.o
                0x0800d0be                HAL_PCD_SOFCallback
 .text.HAL_PCD_ResetCallback
                0x0800d0da       0x50 ./USB_DEVICE/Target/usbd_conf.o
                0x0800d0da                HAL_PCD_ResetCallback
 *fill*         0x0800d12a        0x2 
 .text.HAL_PCD_SuspendCallback
                0x0800d12c       0x4c ./USB_DEVICE/Target/usbd_conf.o
                0x0800d12c                HAL_PCD_SuspendCallback
 .text.HAL_PCD_ResumeCallback
                0x0800d178       0x1c ./USB_DEVICE/Target/usbd_conf.o
                0x0800d178                HAL_PCD_ResumeCallback
 .text.HAL_PCD_ISOOUTIncompleteCallback
                0x0800d194       0x24 ./USB_DEVICE/Target/usbd_conf.o
                0x0800d194                HAL_PCD_ISOOUTIncompleteCallback
 .text.HAL_PCD_ISOINIncompleteCallback
                0x0800d1b8       0x24 ./USB_DEVICE/Target/usbd_conf.o
                0x0800d1b8                HAL_PCD_ISOINIncompleteCallback
 .text.HAL_PCD_ConnectCallback
                0x0800d1dc       0x1c ./USB_DEVICE/Target/usbd_conf.o
                0x0800d1dc                HAL_PCD_ConnectCallback
 .text.HAL_PCD_DisconnectCallback
                0x0800d1f8       0x1c ./USB_DEVICE/Target/usbd_conf.o
                0x0800d1f8                HAL_PCD_DisconnectCallback
 .text.USBD_LL_Init
                0x0800d214       0x98 ./USB_DEVICE/Target/usbd_conf.o
                0x0800d214                USBD_LL_Init
 .text.USBD_LL_Start
                0x0800d2ac       0x36 ./USB_DEVICE/Target/usbd_conf.o
                0x0800d2ac                USBD_LL_Start
 .text.USBD_LL_OpenEP
                0x0800d2e2       0x4c ./USB_DEVICE/Target/usbd_conf.o
                0x0800d2e2                USBD_LL_OpenEP
 .text.USBD_LL_CloseEP
                0x0800d32e       0x3e ./USB_DEVICE/Target/usbd_conf.o
                0x0800d32e                USBD_LL_CloseEP
 .text.USBD_LL_StallEP
                0x0800d36c       0x3e ./USB_DEVICE/Target/usbd_conf.o
                0x0800d36c                USBD_LL_StallEP
 .text.USBD_LL_ClearStallEP
                0x0800d3aa       0x3e ./USB_DEVICE/Target/usbd_conf.o
                0x0800d3aa                USBD_LL_ClearStallEP
 .text.USBD_LL_IsStallEP
                0x0800d3e8       0x58 ./USB_DEVICE/Target/usbd_conf.o
                0x0800d3e8                USBD_LL_IsStallEP
 .text.USBD_LL_SetUSBAddress
                0x0800d440       0x3e ./USB_DEVICE/Target/usbd_conf.o
                0x0800d440                USBD_LL_SetUSBAddress
 .text.USBD_LL_Transmit
                0x0800d47e       0x42 ./USB_DEVICE/Target/usbd_conf.o
                0x0800d47e                USBD_LL_Transmit
 .text.USBD_LL_PrepareReceive
                0x0800d4c0       0x42 ./USB_DEVICE/Target/usbd_conf.o
                0x0800d4c0                USBD_LL_PrepareReceive
 .text.USBD_LL_GetRxDataSize
                0x0800d502       0x26 ./USB_DEVICE/Target/usbd_conf.o
                0x0800d502                USBD_LL_GetRxDataSize
 .text.USBD_static_malloc
                0x0800d528       0x1c ./USB_DEVICE/Target/usbd_conf.o
                0x0800d528                USBD_static_malloc
 .text.USBD_static_free
                0x0800d544       0x14 ./USB_DEVICE/Target/usbd_conf.o
                0x0800d544                USBD_static_free
 .text.USBD_Get_USB_Status
                0x0800d558       0x58 ./USB_DEVICE/Target/usbd_conf.o
                0x0800d558                USBD_Get_USB_Status
 .text.memset   0x0800d5b0       0x10 C:/ST/STM32CubeIDE_1.15.1/STM32CubeIDE/plugins/com.st.stm32cube.ide.mcu.externaltools.gnu-tools-for-stm32.12.3.rel1.win32_1.0.100.202403111256/tools/bin/../lib/gcc/arm-none-eabi/12.3.1/../../../../arm-none-eabi/lib/thumb/v7e-m+fp/hard\libc_nano.a(libc_a-memset.o)
                0x0800d5b0                memset
 .text.__errno  0x0800d5c0        0xc C:/ST/STM32CubeIDE_1.15.1/STM32CubeIDE/plugins/com.st.stm32cube.ide.mcu.externaltools.gnu-tools-for-stm32.12.3.rel1.win32_1.0.100.202403111256/tools/bin/../lib/gcc/arm-none-eabi/12.3.1/../../../../arm-none-eabi/lib/thumb/v7e-m+fp/hard\libc_nano.a(libc_a-errno.o)
                0x0800d5c0                __errno
 .text.__libc_init_array
                0x0800d5cc       0x48 C:/ST/STM32CubeIDE_1.15.1/STM32CubeIDE/plugins/com.st.stm32cube.ide.mcu.externaltools.gnu-tools-for-stm32.12.3.rel1.win32_1.0.100.202403111256/tools/bin/../lib/gcc/arm-none-eabi/12.3.1/../../../../arm-none-eabi/lib/thumb/v7e-m+fp/hard\libc_nano.a(libc_a-init.o)
                0x0800d5cc                __libc_init_array
 .text.atan2    0x0800d614        0x4 C:/ST/STM32CubeIDE_1.15.1/STM32CubeIDE/plugins/com.st.stm32cube.ide.mcu.externaltools.gnu-tools-for-stm32.12.3.rel1.win32_1.0.100.202403111256/tools/bin/../lib/gcc/arm-none-eabi/12.3.1/../../../../arm-none-eabi/lib/thumb/v7e-m+fp/hard\libm.a(libm_a-w_atan2.o)
                0x0800d614                atan2
 .text.sqrt     0x0800d618       0x58 C:/ST/STM32CubeIDE_1.15.1/STM32CubeIDE/plugins/com.st.stm32cube.ide.mcu.externaltools.gnu-tools-for-stm32.12.3.rel1.win32_1.0.100.202403111256/tools/bin/../lib/gcc/arm-none-eabi/12.3.1/../../../../arm-none-eabi/lib/thumb/v7e-m+fp/hard\libm.a(libm_a-w_sqrt.o)
                0x0800d618                sqrt
 .text.cos      0x0800d670       0xa8 C:/ST/STM32CubeIDE_1.15.1/STM32CubeIDE/plugins/com.st.stm32cube.ide.mcu.externaltools.gnu-tools-for-stm32.12.3.rel1.win32_1.0.100.202403111256/tools/bin/../lib/gcc/arm-none-eabi/12.3.1/../../../../arm-none-eabi/lib/thumb/v7e-m+fp/hard\libm.a(libm_a-s_cos.o)
                0x0800d670                cos
 .text.sin      0x0800d718       0xa8 C:/ST/STM32CubeIDE_1.15.1/STM32CubeIDE/plugins/com.st.stm32cube.ide.mcu.externaltools.gnu-tools-for-stm32.12.3.rel1.win32_1.0.100.202403111256/tools/bin/../lib/gcc/arm-none-eabi/12.3.1/../../../../arm-none-eabi/lib/thumb/v7e-m+fp/hard\libm.a(libm_a-s_sin.o)
                0x0800d718                sin
 .text.__ieee754_sqrt
                0x0800d7c0      0x1b4 C:/ST/STM32CubeIDE_1.15.1/STM32CubeIDE/plugins/com.st.stm32cube.ide.mcu.externaltools.gnu-tools-for-stm32.12.3.rel1.win32_1.0.100.202403111256/tools/bin/../lib/gcc/arm-none-eabi/12.3.1/../../../../arm-none-eabi/lib/thumb/v7e-m+fp/hard\libm.a(libm_a-e_sqrt.o)
                0x0800d7c0                __ieee754_sqrt
 *fill*         0x0800d974        0x4 
 .text.__kernel_cos
                0x0800d978      0x18c C:/ST/STM32CubeIDE_1.15.1/STM32CubeIDE/plugins/com.st.stm32cube.ide.mcu.externaltools.gnu-tools-for-stm32.12.3.rel1.win32_1.0.100.202403111256/tools/bin/../lib/gcc/arm-none-eabi/12.3.1/../../../../arm-none-eabi/lib/thumb/v7e-m+fp/hard\libm.a(libm_a-k_cos.o)
                0x0800d978                __kernel_cos
 *fill*         0x0800db04        0x4 
 .text.__kernel_sin
                0x0800db08      0x174 C:/ST/STM32CubeIDE_1.15.1/STM32CubeIDE/plugins/com.st.stm32cube.ide.mcu.externaltools.gnu-tools-for-stm32.12.3.rel1.win32_1.0.100.202403111256/tools/bin/../lib/gcc/arm-none-eabi/12.3.1/../../../../arm-none-eabi/lib/thumb/v7e-m+fp/hard\libm.a(libm_a-k_sin.o)
                0x0800db08                __kernel_sin
 *fill*         0x0800dc7c        0x4 
 .text.__ieee754_atan2
                0x0800dc80      0x18c C:/ST/STM32CubeIDE_1.15.1/STM32CubeIDE/plugins/com.st.stm32cube.ide.mcu.externaltools.gnu-tools-for-stm32.12.3.rel1.win32_1.0.100.202403111256/tools/bin/../lib/gcc/arm-none-eabi/12.3.1/../../../../arm-none-eabi/lib/thumb/v7e-m+fp/hard\libm.a(libm_a-e_atan2.o)
                0x0800dc80                __ieee754_atan2
 *fill*         0x0800de0c        0x4 
 .text.__ieee754_rem_pio2
                0x0800de10      0x3f8 C:/ST/STM32CubeIDE_1.15.1/STM32CubeIDE/plugins/com.st.stm32cube.ide.mcu.externaltools.gnu-tools-for-stm32.12.3.rel1.win32_1.0.100.202403111256/tools/bin/../lib/gcc/arm-none-eabi/12.3.1/../../../../arm-none-eabi/lib/thumb/v7e-m+fp/hard\libm.a(libm_a-e_rem_pio2.o)
                0x0800de10                __ieee754_rem_pio2
 .text.atan     0x0800e208      0x330 C:/ST/STM32CubeIDE_1.15.1/STM32CubeIDE/plugins/com.st.stm32cube.ide.mcu.externaltools.gnu-tools-for-stm32.12.3.rel1.win32_1.0.100.202403111256/tools/bin/../lib/gcc/arm-none-eabi/12.3.1/../../../../arm-none-eabi/lib/thumb/v7e-m+fp/hard\libm.a(libm_a-s_atan.o)
                0x0800e208                atan
 .text.fabs     0x0800e538       0x10 C:/ST/STM32CubeIDE_1.15.1/STM32CubeIDE/plugins/com.st.stm32cube.ide.mcu.externaltools.gnu-tools-for-stm32.12.3.rel1.win32_1.0.100.202403111256/tools/bin/../lib/gcc/arm-none-eabi/12.3.1/../../../../arm-none-eabi/lib/thumb/v7e-m+fp/hard\libm.a(libm_a-s_fabs.o)
                0x0800e538                fabs
 .text.__kernel_rem_pio2
                0x0800e548      0x6b0 C:/ST/STM32CubeIDE_1.15.1/STM32CubeIDE/plugins/com.st.stm32cube.ide.mcu.externaltools.gnu-tools-for-stm32.12.3.rel1.win32_1.0.100.202403111256/tools/bin/../lib/gcc/arm-none-eabi/12.3.1/../../../../arm-none-eabi/lib/thumb/v7e-m+fp/hard\libm.a(libm_a-k_rem_pio2.o)
                0x0800e548                __kernel_rem_pio2
 .text.scalbn   0x0800ebf8       0xfc C:/ST/STM32CubeIDE_1.15.1/STM32CubeIDE/plugins/com.st.stm32cube.ide.mcu.externaltools.gnu-tools-for-stm32.12.3.rel1.win32_1.0.100.202403111256/tools/bin/../lib/gcc/arm-none-eabi/12.3.1/../../../../arm-none-eabi/lib/thumb/v7e-m+fp/hard\libm.a(libm_a-s_scalbn.o)
                0x0800ebf8                scalbn
 *fill*         0x0800ecf4        0x4 
 .text.floor    0x0800ecf8       0xf8 C:/ST/STM32CubeIDE_1.15.1/STM32CubeIDE/plugins/com.st.stm32cube.ide.mcu.externaltools.gnu-tools-for-stm32.12.3.rel1.win32_1.0.100.202403111256/tools/bin/../lib/gcc/arm-none-eabi/12.3.1/../../../../arm-none-eabi/lib/thumb/v7e-m+fp/hard\libm.a(libm_a-s_floor.o)
                0x0800ecf8                floor
 *(.glue_7)
 .glue_7        0x0800edf0        0x0 linker stubs
 *(.glue_7t)
 .glue_7t       0x0800edf0        0x0 linker stubs
 *(.eh_frame)
 .eh_frame      0x0800edf0        0x0 C:/ST/STM32CubeIDE_1.15.1/STM32CubeIDE/plugins/com.st.stm32cube.ide.mcu.externaltools.gnu-tools-for-stm32.12.3.rel1.win32_1.0.100.202403111256/tools/bin/../lib/gcc/arm-none-eabi/12.3.1/thumb/v7e-m+fp/hard/crtbegin.o
 *(.init)
 .init          0x0800edf0        0x4 C:/ST/STM32CubeIDE_1.15.1/STM32CubeIDE/plugins/com.st.stm32cube.ide.mcu.externaltools.gnu-tools-for-stm32.12.3.rel1.win32_1.0.100.202403111256/tools/bin/../lib/gcc/arm-none-eabi/12.3.1/thumb/v7e-m+fp/hard/crti.o
                0x0800edf0                _init
 .init          0x0800edf4        0x8 C:/ST/STM32CubeIDE_1.15.1/STM32CubeIDE/plugins/com.st.stm32cube.ide.mcu.externaltools.gnu-tools-for-stm32.12.3.rel1.win32_1.0.100.202403111256/tools/bin/../lib/gcc/arm-none-eabi/12.3.1/thumb/v7e-m+fp/hard/crtn.o
 *(.fini)
 .fini          0x0800edfc        0x4 C:/ST/STM32CubeIDE_1.15.1/STM32CubeIDE/plugins/com.st.stm32cube.ide.mcu.externaltools.gnu-tools-for-stm32.12.3.rel1.win32_1.0.100.202403111256/tools/bin/../lib/gcc/arm-none-eabi/12.3.1/thumb/v7e-m+fp/hard/crti.o
                0x0800edfc                _fini
 .fini          0x0800ee00        0x8 C:/ST/STM32CubeIDE_1.15.1/STM32CubeIDE/plugins/com.st.stm32cube.ide.mcu.externaltools.gnu-tools-for-stm32.12.3.rel1.win32_1.0.100.202403111256/tools/bin/../lib/gcc/arm-none-eabi/12.3.1/thumb/v7e-m+fp/hard/crtn.o
                0x0800ee08                        . = ALIGN (0x4)
                0x0800ee08                        _etext = .

.vfp11_veneer   0x0800ee08        0x0
 .vfp11_veneer  0x0800ee08        0x0 linker stubs

.v4_bx          0x0800ee08        0x0
 .v4_bx         0x0800ee08        0x0 linker stubs

.iplt           0x0800ee08        0x0
 .iplt          0x0800ee08        0x0 C:/ST/STM32CubeIDE_1.15.1/STM32CubeIDE/plugins/com.st.stm32cube.ide.mcu.externaltools.gnu-tools-for-stm32.12.3.rel1.win32_1.0.100.202403111256/tools/bin/../lib/gcc/arm-none-eabi/12.3.1/thumb/v7e-m+fp/hard/crtbegin.o

.rodata         0x0800ee08      0x308
                0x0800ee08                        . = ALIGN (0x4)
 *(.rodata)
 .rodata        0x0800ee08       0x35 ./Core/Src/main.o
 *fill*         0x0800ee3d        0x3 
 .rodata        0x0800ee40       0x25 ./Library_for_Ro_Bo_Rho_V4/Game_Play.o
 *fill*         0x0800ee65        0x3 
 .rodata        0x0800ee68       0x46 ./USB_DEVICE/App/usbd_desc.o
 *(.rodata*)
 *fill*         0x0800eeae        0x2 
 .rodata.AHBPrescTable
                0x0800eeb0       0x10 ./Core/Src/system_stm32f4xx.o
                0x0800eeb0                AHBPrescTable
 .rodata.APBPrescTable
                0x0800eec0        0x8 ./Core/Src/system_stm32f4xx.o
                0x0800eec0                APBPrescTable
 .rodata.CSWTCH.9
                0x0800eec8       0x18 C:/ST/STM32CubeIDE_1.15.1/STM32CubeIDE/plugins/com.st.stm32cube.ide.mcu.externaltools.gnu-tools-for-stm32.12.3.rel1.win32_1.0.100.202403111256/tools/bin/../lib/gcc/arm-none-eabi/12.3.1/../../../../arm-none-eabi/lib/thumb/v7e-m+fp/hard\libm.a(libm_a-e_atan2.o)
 .rodata.CSWTCH.8
                0x0800eee0       0x18 C:/ST/STM32CubeIDE_1.15.1/STM32CubeIDE/plugins/com.st.stm32cube.ide.mcu.externaltools.gnu-tools-for-stm32.12.3.rel1.win32_1.0.100.202403111256/tools/bin/../lib/gcc/arm-none-eabi/12.3.1/../../../../arm-none-eabi/lib/thumb/v7e-m+fp/hard\libm.a(libm_a-e_atan2.o)
 .rodata.npio2_hw
                0x0800eef8       0x80 C:/ST/STM32CubeIDE_1.15.1/STM32CubeIDE/plugins/com.st.stm32cube.ide.mcu.externaltools.gnu-tools-for-stm32.12.3.rel1.win32_1.0.100.202403111256/tools/bin/../lib/gcc/arm-none-eabi/12.3.1/../../../../arm-none-eabi/lib/thumb/v7e-m+fp/hard\libm.a(libm_a-e_rem_pio2.o)
 .rodata.two_over_pi
                0x0800ef78      0x108 C:/ST/STM32CubeIDE_1.15.1/STM32CubeIDE/plugins/com.st.stm32cube.ide.mcu.externaltools.gnu-tools-for-stm32.12.3.rel1.win32_1.0.100.202403111256/tools/bin/../lib/gcc/arm-none-eabi/12.3.1/../../../../arm-none-eabi/lib/thumb/v7e-m+fp/hard\libm.a(libm_a-e_rem_pio2.o)
 .rodata.atanlo
                0x0800f080       0x20 C:/ST/STM32CubeIDE_1.15.1/STM32CubeIDE/plugins/com.st.stm32cube.ide.mcu.externaltools.gnu-tools-for-stm32.12.3.rel1.win32_1.0.100.202403111256/tools/bin/../lib/gcc/arm-none-eabi/12.3.1/../../../../arm-none-eabi/lib/thumb/v7e-m+fp/hard\libm.a(libm_a-s_atan.o)
 .rodata.atanhi
                0x0800f0a0       0x20 C:/ST/STM32CubeIDE_1.15.1/STM32CubeIDE/plugins/com.st.stm32cube.ide.mcu.externaltools.gnu-tools-for-stm32.12.3.rel1.win32_1.0.100.202403111256/tools/bin/../lib/gcc/arm-none-eabi/12.3.1/../../../../arm-none-eabi/lib/thumb/v7e-m+fp/hard\libm.a(libm_a-s_atan.o)
 .rodata.PIo2   0x0800f0c0       0x40 C:/ST/STM32CubeIDE_1.15.1/STM32CubeIDE/plugins/com.st.stm32cube.ide.mcu.externaltools.gnu-tools-for-stm32.12.3.rel1.win32_1.0.100.202403111256/tools/bin/../lib/gcc/arm-none-eabi/12.3.1/../../../../arm-none-eabi/lib/thumb/v7e-m+fp/hard\libm.a(libm_a-k_rem_pio2.o)
 .rodata.init_jk
                0x0800f100       0x10 C:/ST/STM32CubeIDE_1.15.1/STM32CubeIDE/plugins/com.st.stm32cube.ide.mcu.externaltools.gnu-tools-for-stm32.12.3.rel1.win32_1.0.100.202403111256/tools/bin/../lib/gcc/arm-none-eabi/12.3.1/../../../../arm-none-eabi/lib/thumb/v7e-m+fp/hard\libm.a(libm_a-k_rem_pio2.o)
                0x0800f110                        . = ALIGN (0x4)

.ARM.extab      0x0800f110        0x0
                0x0800f110                        . = ALIGN (0x4)
 *(.ARM.extab* .gnu.linkonce.armextab.*)
                0x0800f110                        . = ALIGN (0x4)

.ARM            0x0800f110        0x8
                0x0800f110                        . = ALIGN (0x4)
                0x0800f110                        __exidx_start = .
 *(.ARM.exidx*)
 .ARM.exidx     0x0800f110        0x8 C:/ST/STM32CubeIDE_1.15.1/STM32CubeIDE/plugins/com.st.stm32cube.ide.mcu.externaltools.gnu-tools-for-stm32.12.3.rel1.win32_1.0.100.202403111256/tools/bin/../lib/gcc/arm-none-eabi/12.3.1/thumb/v7e-m+fp/hard\libgcc.a(_udivmoddi4.o)
                0x0800f118                        __exidx_end = .
                0x0800f118                        . = ALIGN (0x4)

.preinit_array  0x0800f118        0x0
                0x0800f118                        . = ALIGN (0x4)
                0x0800f118                        PROVIDE (__preinit_array_start = .)
 *(.preinit_array*)
                0x0800f118                        PROVIDE (__preinit_array_end = .)
                0x0800f118                        . = ALIGN (0x4)

.init_array     0x0800f118        0x4
                0x0800f118                        . = ALIGN (0x4)
                0x0800f118                        PROVIDE (__init_array_start = .)
 *(SORT_BY_NAME(.init_array.*))
 *(.init_array*)
 .init_array    0x0800f118        0x4 C:/ST/STM32CubeIDE_1.15.1/STM32CubeIDE/plugins/com.st.stm32cube.ide.mcu.externaltools.gnu-tools-for-stm32.12.3.rel1.win32_1.0.100.202403111256/tools/bin/../lib/gcc/arm-none-eabi/12.3.1/thumb/v7e-m+fp/hard/crtbegin.o
                0x0800f11c                        PROVIDE (__init_array_end = .)
                0x0800f11c                        . = ALIGN (0x4)

.fini_array     0x0800f11c        0x4
                0x0800f11c                        . = ALIGN (0x4)
                [!provide]                        PROVIDE (__fini_array_start = .)
 *(SORT_BY_NAME(.fini_array.*))
 *(.fini_array*)
 .fini_array    0x0800f11c        0x4 C:/ST/STM32CubeIDE_1.15.1/STM32CubeIDE/plugins/com.st.stm32cube.ide.mcu.externaltools.gnu-tools-for-stm32.12.3.rel1.win32_1.0.100.202403111256/tools/bin/../lib/gcc/arm-none-eabi/12.3.1/thumb/v7e-m+fp/hard/crtbegin.o
                [!provide]                        PROVIDE (__fini_array_end = .)
                0x0800f120                        . = ALIGN (0x4)
                0x0800f120                        _sidata = LOADADDR (.data)

.rel.dyn        0x0800f120        0x0
 .rel.iplt      0x0800f120        0x0 C:/ST/STM32CubeIDE_1.15.1/STM32CubeIDE/plugins/com.st.stm32cube.ide.mcu.externaltools.gnu-tools-for-stm32.12.3.rel1.win32_1.0.100.202403111256/tools/bin/../lib/gcc/arm-none-eabi/12.3.1/thumb/v7e-m+fp/hard/crtbegin.o

.data           0x20000000      0x170 load address 0x0800f120
                0x20000000                        . = ALIGN (0x4)
                0x20000000                        _sdata = .
 *(.data)
 *(.data*)
 .data.Rad      0x20000000        0x4 ./Core/Src/main.o
                0x20000000                Rad
 .data.SystemCoreClock
                0x20000004        0x4 ./Core/Src/system_stm32f4xx.o
                0x20000004                SystemCoreClock
 .data.uwTickPrio
                0x20000008        0x4 ./Drivers/STM32F4xx_HAL_Driver/Src/stm32f4xx_hal.o
                0x20000008                uwTickPrio
 .data.uwTickFreq
                0x2000000c        0x1 ./Drivers/STM32F4xx_HAL_Driver/Src/stm32f4xx_hal.o
                0x2000000c                uwTickFreq
 *fill*         0x2000000d        0x3 
 .data._Setup   0x20000010        0x6 ./Library_for_Ro_Bo_Rho_V4/Encoder_Motor.o
                0x20000010                _Setup
 *fill*         0x20000016        0x2 
 .data.UART_TIMEOUT_MS
                0x20000018        0x4 ./Library_for_Ro_Bo_Rho_V4/UART_ESP.o
                0x20000018                UART_TIMEOUT_MS
 .data.USBD_CDC_DeviceQualifierDesc
                0x2000001c        0xa ./Middlewares/ST/STM32_USB_Device_Library/Class/CDC/Src/usbd_cdc.o
 *fill*         0x20000026        0x2 
 .data.USBD_CDC
                0x20000028       0x38 ./Middlewares/ST/STM32_USB_Device_Library/Class/CDC/Src/usbd_cdc.o
                0x20000028                USBD_CDC
 .data.USBD_CDC_CfgDesc
                0x20000060       0x43 ./Middlewares/ST/STM32_USB_Device_Library/Class/CDC/Src/usbd_cdc.o
 .data.CDCInEpAdd
                0x200000a3        0x1 ./Middlewares/ST/STM32_USB_Device_Library/Class/CDC/Src/usbd_cdc.o
 .data.CDCOutEpAdd
                0x200000a4        0x1 ./Middlewares/ST/STM32_USB_Device_Library/Class/CDC/Src/usbd_cdc.o
 .data.CDCCmdEpAdd
                0x200000a5        0x1 ./Middlewares/ST/STM32_USB_Device_Library/Class/CDC/Src/usbd_cdc.o
 *fill*         0x200000a6        0x2 
 .data.USBD_Interface_fops_FS
                0x200000a8       0x14 ./USB_DEVICE/App/usbd_cdc_if.o
                0x200000a8                USBD_Interface_fops_FS
 .data.FS_Desc  0x200000bc       0x1c ./USB_DEVICE/App/usbd_desc.o
                0x200000bc                FS_Desc
 .data.USBD_FS_DeviceDesc
                0x200000d8       0x12 ./USB_DEVICE/App/usbd_desc.o
                0x200000d8                USBD_FS_DeviceDesc
 *fill*         0x200000ea        0x2 
 .data.USBD_LangIDDesc
                0x200000ec        0x4 ./USB_DEVICE/App/usbd_desc.o
                0x200000ec                USBD_LangIDDesc
 .data.USBD_StringSerial
                0x200000f0       0x1a ./USB_DEVICE/App/usbd_desc.o
                0x200000f0                USBD_StringSerial
 *fill*         0x2000010a        0x2 
 .data._impure_ptr
                0x2000010c        0x4 C:/ST/STM32CubeIDE_1.15.1/STM32CubeIDE/plugins/com.st.stm32cube.ide.mcu.externaltools.gnu-tools-for-stm32.12.3.rel1.win32_1.0.100.202403111256/tools/bin/../lib/gcc/arm-none-eabi/12.3.1/../../../../arm-none-eabi/lib/thumb/v7e-m+fp/hard\libc_nano.a(libc_a-impure.o)
                0x2000010c                _impure_ptr
 .data._impure_data
                0x20000110       0x4c C:/ST/STM32CubeIDE_1.15.1/STM32CubeIDE/plugins/com.st.stm32cube.ide.mcu.externaltools.gnu-tools-for-stm32.12.3.rel1.win32_1.0.100.202403111256/tools/bin/../lib/gcc/arm-none-eabi/12.3.1/../../../../arm-none-eabi/lib/thumb/v7e-m+fp/hard\libc_nano.a(libc_a-impure.o)
                0x20000110                _impure_data
 *fill*         0x2000015c        0x4 
 .data.tiny     0x20000160        0x8 C:/ST/STM32CubeIDE_1.15.1/STM32CubeIDE/plugins/com.st.stm32cube.ide.mcu.externaltools.gnu-tools-for-stm32.12.3.rel1.win32_1.0.100.202403111256/tools/bin/../lib/gcc/arm-none-eabi/12.3.1/../../../../arm-none-eabi/lib/thumb/v7e-m+fp/hard\libm.a(libm_a-e_sqrt.o)
 .data.one      0x20000168        0x8 C:/ST/STM32CubeIDE_1.15.1/STM32CubeIDE/plugins/com.st.stm32cube.ide.mcu.externaltools.gnu-tools-for-stm32.12.3.rel1.win32_1.0.100.202403111256/tools/bin/../lib/gcc/arm-none-eabi/12.3.1/../../../../arm-none-eabi/lib/thumb/v7e-m+fp/hard\libm.a(libm_a-e_sqrt.o)
 *(.RamFunc)
 *(.RamFunc*)
                0x20000170                        . = ALIGN (0x4)
                0x20000170                        _edata = .
                0x0800f290                        _siccmram = LOADADDR (.ccmram)

.igot.plt       0x20000170        0x0 load address 0x0800f290
 .igot.plt      0x20000170        0x0 C:/ST/STM32CubeIDE_1.15.1/STM32CubeIDE/plugins/com.st.stm32cube.ide.mcu.externaltools.gnu-tools-for-stm32.12.3.rel1.win32_1.0.100.202403111256/tools/bin/../lib/gcc/arm-none-eabi/12.3.1/thumb/v7e-m+fp/hard/crtbegin.o

.ccmram         0x10000000        0x0 load address 0x0800f290
                0x10000000                        . = ALIGN (0x4)
                0x10000000                        _sccmram = .
 *(.ccmram)
 *(.ccmram*)
                0x10000000                        . = ALIGN (0x4)
                0x10000000                        _eccmram = .
                0x10000000                        . = ALIGN (0x4)

.bss            0x20000170     0x2464
                0x20000170                        _sbss = .
                0x20000170                        __bss_start__ = _sbss
 *(.bss)
 .bss           0x20000170       0x1c C:/ST/STM32CubeIDE_1.15.1/STM32CubeIDE/plugins/com.st.stm32cube.ide.mcu.externaltools.gnu-tools-for-stm32.12.3.rel1.win32_1.0.100.202403111256/tools/bin/../lib/gcc/arm-none-eabi/12.3.1/thumb/v7e-m+fp/hard/crtbegin.o
 *(.bss*)
 .bss.hadc1     0x2000018c       0x48 ./Core/Src/main.o
                0x2000018c                hadc1
 .bss.hi2c2     0x200001d4       0x54 ./Core/Src/main.o
                0x200001d4                hi2c2
 .bss.hspi2     0x20000228       0x58 ./Core/Src/main.o
                0x20000228                hspi2
 .bss.htim1     0x20000280       0x48 ./Core/Src/main.o
                0x20000280                htim1
 .bss.htim2     0x200002c8       0x48 ./Core/Src/main.o
                0x200002c8                htim2
 .bss.htim3     0x20000310       0x48 ./Core/Src/main.o
                0x20000310                htim3
 .bss.htim4     0x20000358       0x48 ./Core/Src/main.o
                0x20000358                htim4
 .bss.htim5     0x200003a0       0x48 ./Core/Src/main.o
                0x200003a0                htim5
 .bss.htim8     0x200003e8       0x48 ./Core/Src/main.o
                0x200003e8                htim8
 .bss.htim9     0x20000430       0x48 ./Core/Src/main.o
                0x20000430                htim9
 .bss.htim10    0x20000478       0x48 ./Core/Src/main.o
                0x20000478                htim10
 .bss.htim11    0x200004c0       0x48 ./Core/Src/main.o
                0x200004c0                htim11
 .bss.htim12    0x20000508       0x48 ./Core/Src/main.o
                0x20000508                htim12
 .bss.htim13    0x20000550       0x48 ./Core/Src/main.o
                0x20000550                htim13
 .bss.htim14    0x20000598       0x48 ./Core/Src/main.o
                0x20000598                htim14
 .bss.huart4    0x200005e0       0x48 ./Core/Src/main.o
                0x200005e0                huart4
 .bss.huart2    0x20000628       0x48 ./Core/Src/main.o
                0x20000628                huart2
 .bss.Str_PS2   0x20000670        0x8 ./Core/Src/main.o
                0x20000670                Str_PS2
 .bss.PastTime  0x20000678        0x4 ./Core/Src/main.o
                0x20000678                PastTime
 .bss.Vx        0x2000067c        0x4 ./Core/Src/main.o
                0x2000067c                Vx
 .bss.Vy        0x20000680        0x4 ./Core/Src/main.o
                0x20000680                Vy
 .bss.Vz        0x20000684        0x4 ./Core/Src/main.o
                0x20000684                Vz
 .bss.uwTick    0x20000688        0x4 ./Drivers/STM32F4xx_HAL_Driver/Src/stm32f4xx_hal.o
                0x20000688                uwTick
 .bss.EN_LF     0x2000068c        0x4 ./Library_for_Ro_Bo_Rho_V4/Encoder_Motor.o
                0x2000068c                EN_LF
 .bss.EN_LB     0x20000690        0x4 ./Library_for_Ro_Bo_Rho_V4/Encoder_Motor.o
                0x20000690                EN_LB
 .bss.EN_RF     0x20000694        0x4 ./Library_for_Ro_Bo_Rho_V4/Encoder_Motor.o
                0x20000694                EN_RF
 .bss.EN_RB     0x20000698        0x4 ./Library_for_Ro_Bo_Rho_V4/Encoder_Motor.o
                0x20000698                EN_RB
 .bss.EN_X      0x2000069c        0x4 ./Library_for_Ro_Bo_Rho_V4/Encoder_Motor.o
                0x2000069c                EN_X
 .bss.EN_Y      0x200006a0        0x4 ./Library_for_Ro_Bo_Rho_V4/Encoder_Motor.o
                0x200006a0                EN_Y
 .bss.LF_PWM    0x200006a4        0x4 ./Library_for_Ro_Bo_Rho_V4/Encoder_Motor.o
                0x200006a4                LF_PWM
 .bss.LB_PWM    0x200006a8        0x4 ./Library_for_Ro_Bo_Rho_V4/Encoder_Motor.o
                0x200006a8                LB_PWM
 .bss.RF_PWM    0x200006ac        0x4 ./Library_for_Ro_Bo_Rho_V4/Encoder_Motor.o
                0x200006ac                RF_PWM
 .bss.RB_PWM    0x200006b0        0x4 ./Library_for_Ro_Bo_Rho_V4/Encoder_Motor.o
                0x200006b0                RB_PWM
 .bss.EXTRA1_PWM
                0x200006b4        0x4 ./Library_for_Ro_Bo_Rho_V4/Encoder_Motor.o
                0x200006b4                EXTRA1_PWM
 .bss.EXTRA2_PWM
                0x200006b8        0x4 ./Library_for_Ro_Bo_Rho_V4/Encoder_Motor.o
                0x200006b8                EXTRA2_PWM
 .bss.Motor_feedback
                0x200006bc       0x3c ./Library_for_Ro_Bo_Rho_V4/Encoder_Motor.o
                0x200006bc                Motor_feedback
 .bss.DutyCycle_LF_MAX
                0x200006f8        0x2 ./Library_for_Ro_Bo_Rho_V4/Encoder_Motor.o
                0x200006f8                DutyCycle_LF_MAX
 .bss.DutyCycle_LB_MAX
                0x200006fa        0x2 ./Library_for_Ro_Bo_Rho_V4/Encoder_Motor.o
                0x200006fa                DutyCycle_LB_MAX
 .bss.DutyCycle_RF_MAX
                0x200006fc        0x2 ./Library_for_Ro_Bo_Rho_V4/Encoder_Motor.o
                0x200006fc                DutyCycle_RF_MAX
 .bss.DutyCycle_RB_MAX
                0x200006fe        0x2 ./Library_for_Ro_Bo_Rho_V4/Encoder_Motor.o
                0x200006fe                DutyCycle_RB_MAX
 .bss.DutyCycle_EXTRA1_MAX
                0x20000700        0x2 ./Library_for_Ro_Bo_Rho_V4/Encoder_Motor.o
                0x20000700                DutyCycle_EXTRA1_MAX
 .bss.DutyCycle_EXTRA2_MAX
                0x20000702        0x2 ./Library_for_Ro_Bo_Rho_V4/Encoder_Motor.o
                0x20000702                DutyCycle_EXTRA2_MAX
 .bss.IN_LF     0x20000704        0x4 ./Library_for_Ro_Bo_Rho_V4/Encoder_Motor.o
                0x20000704                IN_LF
 .bss.IN_LB     0x20000708        0x4 ./Library_for_Ro_Bo_Rho_V4/Encoder_Motor.o
                0x20000708                IN_LB
 .bss.IN_RF     0x2000070c        0x4 ./Library_for_Ro_Bo_Rho_V4/Encoder_Motor.o
                0x2000070c                IN_RF
 .bss.IN_RB     0x20000710        0x4 ./Library_for_Ro_Bo_Rho_V4/Encoder_Motor.o
                0x20000710                IN_RB
 .bss.IN_EXTRA1
                0x20000714        0x4 ./Library_for_Ro_Bo_Rho_V4/Encoder_Motor.o
                0x20000714                IN_EXTRA1
 .bss.IN_EXTRA2
                0x20000718        0x4 ./Library_for_Ro_Bo_Rho_V4/Encoder_Motor.o
                0x20000718                IN_EXTRA2
 .bss.Present_Count
                0x2000071c        0xc ./Library_for_Ro_Bo_Rho_V4/Encoder_Motor.o
                0x2000071c                Present_Count
 .bss.Past_Count
                0x20000728        0xc ./Library_for_Ro_Bo_Rho_V4/Encoder_Motor.o
                0x20000728                Past_Count
 .bss.Kp_Wheel  0x20000734       0x18 ./Library_for_Ro_Bo_Rho_V4/Encoder_Motor.o
                0x20000734                Kp_Wheel
 .bss.Ki_Wheel  0x2000074c       0x18 ./Library_for_Ro_Bo_Rho_V4/Encoder_Motor.o
                0x2000074c                Ki_Wheel
 .bss.Kd_Wheel  0x20000764       0x18 ./Library_for_Ro_Bo_Rho_V4/Encoder_Motor.o
                0x20000764                Kd_Wheel
 .bss.min_speed
                0x2000077c       0x18 ./Library_for_Ro_Bo_Rho_V4/Encoder_Motor.o
                0x2000077c                min_speed
 .bss.max_speed
                0x20000794       0x18 ./Library_for_Ro_Bo_Rho_V4/Encoder_Motor.o
                0x20000794                max_speed
 .bss.Error_Speed
                0x200007ac       0x18 ./Library_for_Ro_Bo_Rho_V4/Encoder_Motor.o
                0x200007ac                Error_Speed
 .bss.Proportional
                0x200007c4       0x18 ./Library_for_Ro_Bo_Rho_V4/Encoder_Motor.o
                0x200007c4                Proportional
 .bss.Integnator
                0x200007dc       0x18 ./Library_for_Ro_Bo_Rho_V4/Encoder_Motor.o
                0x200007dc                Integnator
 .bss.Derivative
                0x200007f4       0x18 ./Library_for_Ro_Bo_Rho_V4/Encoder_Motor.o
                0x200007f4                Derivative
 .bss.Past_Error
                0x2000080c       0x18 ./Library_for_Ro_Bo_Rho_V4/Encoder_Motor.o
                0x2000080c                Past_Error
 .bss.PWM_Setup
                0x20000824        0x2 ./Library_for_Ro_Bo_Rho_V4/Encoder_Motor.o
                0x20000824                PWM_Setup
 *fill*         0x20000826        0x2 
 .bss.Duty_Cycle
                0x20000828        0xc ./Library_for_Ro_Bo_Rho_V4/Encoder_Motor.o
                0x20000828                Duty_Cycle
 .bss.Past_move4
                0x20000834        0x1 ./Library_for_Ro_Bo_Rho_V4/Game_Play.o
                0x20000834                Past_move4
 *fill*         0x20000835        0x3 
 .bss.Time_GUN  0x20000838        0x4 ./Library_for_Ro_Bo_Rho_V4/Game_Play.o
                0x20000838                Time_GUN
 .bss.__Degree  0x2000083c        0x4 ./Library_for_Ro_Bo_Rho_V4/Game_Play.o
                0x2000083c                __Degree
 .bss.Past_attack1
                0x20000840        0x1 ./Library_for_Ro_Bo_Rho_V4/Game_Play.o
                0x20000840                Past_attack1
 .bss.Past_attack2
                0x20000841        0x1 ./Library_for_Ro_Bo_Rho_V4/Game_Play.o
                0x20000841                Past_attack2
 *fill*         0x20000842        0x2 
 .bss.Time_Juggling
                0x20000844        0x4 ./Library_for_Ro_Bo_Rho_V4/Game_Play.o
                0x20000844                Time_Juggling
 .bss._Case_Juggling
                0x20000848        0x1 ./Library_for_Ro_Bo_Rho_V4/Game_Play.o
                0x20000848                _Case_Juggling
 .bss.Past_attack3
                0x20000849        0x1 ./Library_for_Ro_Bo_Rho_V4/Game_Play.o
                0x20000849                Past_attack3
 *fill*         0x2000084a        0x2 
 .bss.Time_Reload
                0x2000084c        0x4 ./Library_for_Ro_Bo_Rho_V4/Game_Play.o
                0x2000084c                Time_Reload
 .bss._Case_Reload
                0x20000850        0x1 ./Library_for_Ro_Bo_Rho_V4/Game_Play.o
                0x20000850                _Case_Reload
 .bss.Past_attack4
                0x20000851        0x1 ./Library_for_Ro_Bo_Rho_V4/Game_Play.o
                0x20000851                Past_attack4
 *fill*         0x20000852        0x2 
 .bss.Status_Robot
                0x20000854        0x3 ./Library_for_Ro_Bo_Rho_V4/Game_Play.o
                0x20000854                Status_Robot
 *fill*         0x20000857        0x1 
 .bss.Lx_       0x20000858        0x4 ./Library_for_Ro_Bo_Rho_V4/Inverse_Kinematics.o
                0x20000858                Lx_
 .bss.Ly_       0x2000085c        0x4 ./Library_for_Ro_Bo_Rho_V4/Inverse_Kinematics.o
                0x2000085c                Ly_
 .bss.Radius_wheel_
                0x20000860        0x4 ./Library_for_Ro_Bo_Rho_V4/Inverse_Kinematics.o
                0x20000860                Radius_wheel_
 .bss.w_LF      0x20000864        0x4 ./Library_for_Ro_Bo_Rho_V4/Inverse_Kinematics.o
                0x20000864                w_LF