Archive member included to satisfy reference by file (symbol)

C:/ST/STM32CubeIDE_1.15.1/STM32CubeIDE/plugins/com.st.stm32cube.ide.mcu.externaltools.gnu-tools-for-stm32.12.3.rel1.win32_1.0.100.202403111256/tools/bin/../lib/gcc/arm-none-eabi/12.3.1/../../../../arm-none-eabi/lib/thumb/v7e-m+fp/hard\libc_nano.a(libc_a-exit.o)
                              C:/ST/STM32CubeIDE_1.15.1/STM32CubeIDE/plugins/com.st.stm32cube.ide.mcu.externaltools.gnu-tools-for-stm32.12.3.rel1.win32_1.0.100.202403111256/tools/bin/../lib/gcc/arm-none-eabi/12.3.1/../../../../arm-none-eabi/lib/thumb/v7e-m+fp/hard/crt0.o (exit)
C:/ST/STM32CubeIDE_1.15.1/STM32CubeIDE/plugins/com.st.stm32cube.ide.mcu.externaltools.gnu-tools-for-stm32.12.3.rel1.win32_1.0.100.202403111256/tools/bin/../lib/gcc/arm-none-eabi/12.3.1/../../../../arm-none-eabi/lib/thumb/v7e-m+fp/hard\libc_nano.a(libc_a-findfp.o)
                              C:/ST/STM32CubeIDE_1.15.1/STM32CubeIDE/plugins/com.st.stm32cube.ide.mcu.externaltools.gnu-tools-for-stm32.12.3.rel1.win32_1.0.100.202403111256/tools/bin/../lib/gcc/arm-none-eabi/12.3.1/../../../../arm-none-eabi/lib/thumb/v7e-m+fp/hard\libc_nano.a(libc_a-exit.o) (__stdio_exit_handler)
C:/ST/STM32CubeIDE_1.15.1/STM32CubeIDE/plugins/com.st.stm32cube.ide.mcu.externaltools.gnu-tools-for-stm32.12.3.rel1.win32_1.0.100.202403111256/tools/bin/../lib/gcc/arm-none-eabi/12.3.1/../../../../arm-none-eabi/lib/thumb/v7e-m+fp/hard\libc_nano.a(libc_a-fwalk.o)
                              C:/ST/STM32CubeIDE_1.15.1/STM32CubeIDE/plugins/com.st.stm32cube.ide.mcu.externaltools.gnu-tools-for-stm32.12.3.rel1.win32_1.0.100.202403111256/tools/bin/../lib/gcc/arm-none-eabi/12.3.1/../../../../arm-none-eabi/lib/thumb/v7e-m+fp/hard\libc_nano.a(libc_a-findfp.o) (_fwalk_sglue)
C:/ST/STM32CubeIDE_1.15.1/STM32CubeIDE/plugins/com.st.stm32cube.ide.mcu.externaltools.gnu-tools-for-stm32.12.3.rel1.win32_1.0.100.202403111256/tools/bin/../lib/gcc/arm-none-eabi/12.3.1/../../../../arm-none-eabi/lib/thumb/v7e-m+fp/hard\libc_nano.a(libc_a-stdio.o)
                              C:/ST/STM32CubeIDE_1.15.1/STM32CubeIDE/plugins/com.st.stm32cube.ide.mcu.externaltools.gnu-tools-for-stm32.12.3.rel1.win32_1.0.100.202403111256/tools/bin/../lib/gcc/arm-none-eabi/12.3.1/../../../../arm-none-eabi/lib/thumb/v7e-m+fp/hard\libc_nano.a(libc_a-findfp.o) (__sread)
C:/ST/STM32CubeIDE_1.15.1/STM32CubeIDE/plugins/com.st.stm32cube.ide.mcu.externaltools.gnu-tools-for-stm32.12.3.rel1.win32_1.0.100.202403111256/tools/bin/../lib/gcc/arm-none-eabi/12.3.1/../../../../arm-none-eabi/lib/thumb/v7e-m+fp/hard\libc_nano.a(libc_a-memset.o)
                              C:/ST/STM32CubeIDE_1.15.1/STM32CubeIDE/plugins/com.st.stm32cube.ide.mcu.externaltools.gnu-tools-for-stm32.12.3.rel1.win32_1.0.100.202403111256/tools/bin/../lib/gcc/arm-none-eabi/12.3.1/../../../../arm-none-eabi/lib/thumb/v7e-m+fp/hard/crt0.o (memset)
C:/ST/STM32CubeIDE_1.15.1/STM32CubeIDE/plugins/com.st.stm32cube.ide.mcu.externaltools.gnu-tools-for-stm32.12.3.rel1.win32_1.0.100.202403111256/tools/bin/../lib/gcc/arm-none-eabi/12.3.1/../../../../arm-none-eabi/lib/thumb/v7e-m+fp/hard\libc_nano.a(libc_a-closer.o)
                              C:/ST/STM32CubeIDE_1.15.1/STM32CubeIDE/plugins/com.st.stm32cube.ide.mcu.externaltools.gnu-tools-for-stm32.12.3.rel1.win32_1.0.100.202403111256/tools/bin/../lib/gcc/arm-none-eabi/12.3.1/../../../../arm-none-eabi/lib/thumb/v7e-m+fp/hard\libc_nano.a(libc_a-stdio.o) (_close_r)
C:/ST/STM32CubeIDE_1.15.1/STM32CubeIDE/plugins/com.st.stm32cube.ide.mcu.externaltools.gnu-tools-for-stm32.12.3.rel1.win32_1.0.100.202403111256/tools/bin/../lib/gcc/arm-none-eabi/12.3.1/../../../../arm-none-eabi/lib/thumb/v7e-m+fp/hard\libc_nano.a(libc_a-reent.o)
                              C:/ST/STM32CubeIDE_1.15.1/STM32CubeIDE/plugins/com.st.stm32cube.ide.mcu.externaltools.gnu-tools-for-stm32.12.3.rel1.win32_1.0.100.202403111256/tools/bin/../lib/gcc/arm-none-eabi/12.3.1/../../../../arm-none-eabi/lib/thumb/v7e-m+fp/hard\libc_nano.a(libc_a-closer.o) (errno)
C:/ST/STM32CubeIDE_1.15.1/STM32CubeIDE/plugins/com.st.stm32cube.ide.mcu.externaltools.gnu-tools-for-stm32.12.3.rel1.win32_1.0.100.202403111256/tools/bin/../lib/gcc/arm-none-eabi/12.3.1/../../../../arm-none-eabi/lib/thumb/v7e-m+fp/hard\libc_nano.a(libc_a-impure.o)
                              C:/ST/STM32CubeIDE_1.15.1/STM32CubeIDE/plugins/com.st.stm32cube.ide.mcu.externaltools.gnu-tools-for-stm32.12.3.rel1.win32_1.0.100.202403111256/tools/bin/../lib/gcc/arm-none-eabi/12.3.1/../../../../arm-none-eabi/lib/thumb/v7e-m+fp/hard\libc_nano.a(libc_a-reent.o) (_impure_ptr)
C:/ST/STM32CubeIDE_1.15.1/STM32CubeIDE/plugins/com.st.stm32cube.ide.mcu.externaltools.gnu-tools-for-stm32.12.3.rel1.win32_1.0.100.202403111256/tools/bin/../lib/gcc/arm-none-eabi/12.3.1/../../../../arm-none-eabi/lib/thumb/v7e-m+fp/hard\libc_nano.a(libc_a-lseekr.o)
[...]
Memory Configuration

Name             Origin             Length             Attributes
CCMRAM           0x10000000         0x00010000         xrw
RAM              0x20000000         0x00020000         xrw
FLASH            0x08000000         0x00080000         xr
*default*        0x00000000         0xffffffff

Linker script and memory map

LOAD C:/ST/STM32CubeIDE_1.15.1/STM32CubeIDE/plugins/com.st.stm32cube.ide.mcu.externaltools.gnu-tools-for-stm32.12.3.rel1.win32_1.0.100.202403111256/tools/bin/../lib/gcc/arm-none-eabi/12.3.1/thumb/v7e-m+fp/hard/crti.o
LOAD C:/ST/STM32CubeIDE_1.15.1/STM32CubeIDE/plugins/com.st.stm32cube.ide.mcu.externaltools.gnu-tools-for-stm32.12.3.rel1.win32_1.0.100.202403111256/tools/bin/../lib/gcc/arm-none-eabi/12.3.1/thumb/v7e-m+fp/hard/crtbegin.o
LOAD C:/ST/STM32CubeIDE_1.15.1/STM32CubeIDE/plugins/com.st.stm32cube.ide.mcu.externaltools.gnu-tools-for-stm32.12.3.rel1.win32_1.0.100.202403111256/tools/bin/../lib/gcc/arm-none-eabi/12.3.1/../../../../arm-none-eabi/lib/thumb/v7e-m+fp/hard/crt0.o
LOAD ./Core/Src/main.o
LOAD ./Core/Src/stm32f4xx_hal_msp.o
LOAD ./Core/Src/stm32f4xx_it.o
LOAD ./Core/Src/syscalls.o
LOAD ./Core/Src/sysmem.o
LOAD ./Core/Src/system_stm32f4xx.o
LOAD ./Core/Startup/startup_stm32f407vetx.o
LOAD ./Drivers/STM32F4xx_HAL_Driver/Src/stm32f4xx_hal.o
LOAD ./Drivers/STM32F4xx_HAL_Driver/Src/stm32f4xx_hal_adc.o
LOAD ./Drivers/STM32F4xx_HAL_Driver/Src/stm32f4xx_hal_adc_ex.o
LOAD ./Drivers/STM32F4xx_HAL_Driver/Src/stm32f4xx_hal_cortex.o
LOAD ./Drivers/STM32F4xx_HAL_Driver/Src/stm32f4xx_hal_dma.o
LOAD ./Drivers/STM32F4xx_HAL_Driver/Src/stm32f4xx_hal_dma_ex.o
LOAD ./Drivers/STM32F4xx_HAL_Driver/Src/stm32f4xx_hal_exti.o
LOAD ./Drivers/STM32F4xx_HAL_Driver/Src/stm32f4xx_hal_flash.o
LOAD ./Drivers/STM32F4xx_HAL_Driver/Src/stm32f4xx_hal_flash_ex.o
LOAD ./Drivers/STM32F4xx_HAL_Driver/Src/stm32f4xx_hal_flash_ramfunc.o
LOAD ./Drivers/STM32F4xx_HAL_Driver/Src/stm32f4xx_hal_gpio.o
LOAD ./Drivers/STM32F4xx_HAL_Driver/Src/stm32f4xx_hal_i2c.o
LOAD ./Drivers/STM32F4xx_HAL_Driver/Src/stm32f4xx_hal_i2c_ex.o
LOAD ./Drivers/STM32F4xx_HAL_Driver/Src/stm32f4xx_hal_pcd.o
LOAD ./Drivers/STM32F4xx_HAL_Driver/Src/stm32f4xx_hal_pcd_ex.o
LOAD ./Drivers/STM32F4xx_HAL_Driver/Src/stm32f4xx_hal_pwr.o
LOAD ./Drivers/STM32F4xx_HAL_Driver/Src/stm32f4xx_hal_pwr_ex.o
LOAD ./Drivers/STM32F4xx_HAL_Driver/Src/stm32f4xx_hal_rcc.o
LOAD ./Drivers/STM32F4xx_HAL_Driver/Src/stm32f4xx_hal_rcc_ex.o
LOAD ./Drivers/STM32F4xx_HAL_Driver/Src/stm32f4xx_hal_spi.o
LOAD ./Drivers/STM32F4xx_HAL_Driver/Src/stm32f4xx_hal_tim.o
LOAD ./Drivers/STM32F4xx_HAL_Driver/Src/stm32f4xx_hal_tim_ex.o
LOAD ./Drivers/STM32F4xx_HAL_Driver/Src/stm32f4xx_hal_uart.o
LOAD ./Drivers/STM32F4xx_HAL_Driver/Src/stm32f4xx_ll_adc.o
LOAD ./Drivers/STM32F4xx_HAL_Driver/Src/stm32f4xx_ll_usb.o
LOAD ./Library_for_Ro_Bo_Rho_V4/Arduino.o
LOAD ./Library_for_Ro_Bo_Rho_V4/Encoder_Motor.o
LOAD ./Library_for_Ro_Bo_Rho_V4/Forward_Kinematics.o
LOAD ./Library_for_Ro_Bo_Rho_V4/Game_Play.o
LOAD ./Library_for_Ro_Bo_Rho_V4/Inverse_Kinematics.o
LOAD ./Library_for_Ro_Bo_Rho_V4/MPU6050.o
LOAD ./Library_for_Ro_Bo_Rho_V4/Ramp_Robot.o
LOAD ./Library_for_Ro_Bo_Rho_V4/UART_ESP.o
LOAD ./Middlewares/ST/STM32_USB_Device_Library/Class/CDC/Src/usbd_cdc.o
LOAD ./Middlewares/ST/STM32_USB_Device_Library/Core/Src/usbd_core.o
LOAD ./Middlewares/ST/STM32_USB_Device_Library/Core/Src/usbd_ctlreq.o
LOAD ./Middlewares/ST/STM32_USB_Device_Library/Core/Src/usbd_ioreq.o
LOAD ./USB_DEVICE/App/usb_device.o
LOAD ./USB_DEVICE/App/usbd_cdc_if.o
LOAD ./USB_DEVICE/App/usbd_desc.o
LOAD ./USB_DEVICE/Target/usbd_conf.o
START GROUP
LOAD C:/ST/STM32CubeIDE_1.15.1/STM32CubeIDE/plugins/com.st.stm32cube.ide.mcu.externaltools.gnu-tools-for-stm32.12.3.rel1.win32_1.0.100.202403111256/tools/bin/../lib/gcc/arm-none-eabi/12.3.1/../../../../arm-none-eabi/lib/thumb/v7e-m+fp/hard\libc_nano.a
LOAD C:/ST/STM32CubeIDE_1.15.1/STM32CubeIDE/plugins/com.st.stm32cube.ide.mcu.externaltools.gnu-tools-for-stm32.12.3.rel1.win32_1.0.100.202403111256/tools/bin/../lib/gcc/arm-none-eabi/12.3.1/../../../../arm-none-eabi/lib/thumb/v7e-m+fp/hard\libm.a
END GROUP
START GROUP
LOAD C:/ST/STM32CubeIDE_1.15.1/STM32CubeIDE/plugins/com.st.stm32cube.ide.mcu.externaltools.gnu-tools-for-stm32.12.3.rel1.win32_1.0.100.202403111256/tools/bin/../lib/gcc/arm-none-eabi/12.3.1/thumb/v7e-m+fp/hard\libgcc.a
LOAD C:/ST/STM32CubeIDE_1.15.1/STM32CubeIDE/plugins/com.st.stm32cube.ide.mcu.externaltools.gnu-tools-for-stm32.12.3.rel1.win32_1.0.100.202403111256/tools/bin/../lib/gcc/arm-none-eabi/12.3.1/../../../../arm-none-eabi/lib/thumb/v7e-m+fp/hard\libc_nano.a
END GROUP
START GROUP
LOAD C:/ST/STM32CubeIDE_1.15.1/STM32CubeIDE/plugins/com.st.stm32cube.ide.mcu.externaltools.gnu-tools-for-stm32.12.3.rel1.win32_1.0.100.202403111256/tools/bin/../lib/gcc/arm-none-eabi/12.3.1/thumb/v7e-m+fp/hard\libgcc.a
LOAD C:/ST/STM32CubeIDE_1.15.1/STM32CubeIDE/plugins/com.st.stm32cube.ide.mcu.externaltools.gnu-tools-for-stm32.12.3.rel1.win32_1.0.100.202403111256/tools/bin/../lib/gcc/arm-none-eabi/12.3.1/../../../../arm-none-eabi/lib/thumb/v7e-m+fp/hard\libc_nano.a
LOAD C:/ST/STM32CubeIDE_1.15.1/STM32CubeIDE/plugins/com.st.stm32cube.ide.mcu.externaltools.gnu-tools-for-stm32.12.3.rel1.win32_1.0.100.202403111256/tools/bin/../lib/gcc/arm-none-eabi/12.3.1/../../../../arm-none-eabi/lib/thumb/v7e-m+fp/hard\libnosys.a
END GROUP
START GROUP
LOAD C:/ST/STM32CubeIDE_1.15.1/STM32CubeIDE/plugins/com.st.stm32cube.ide.mcu.externaltools.gnu-tools-for-stm32.12.3.rel1.win32_1.0.100.202403111256/tools/bin/../lib/gcc/arm-none-eabi/12.3.1/thumb/v7e-m+fp/hard\libgcc.a
LOAD C:/ST/STM32CubeIDE_1.15.1/STM32CubeIDE/plugins/com.st.stm32cube.ide.mcu.externaltools.gnu-tools-for-stm32.12.3.rel1.win32_1.0.100.202403111256/tools/bin/../lib/gcc/arm-none-eabi/12.3.1/../../../../arm-none-eabi/lib/thumb/v7e-m+fp/hard\libc_nano.a
LOAD C:/ST/STM32CubeIDE_1.15.1/STM32CubeIDE/plugins/com.st.stm32cube.ide.mcu.externaltools.gnu-tools-for-stm32.12.3.rel1.win32_1.0.100.202403111256/tools/bin/../lib/gcc/arm-none-eabi/12.3.1/../../../../arm-none-eabi/lib/thumb/v7e-m+fp/hard\libnosys.a
END GROUP
LOAD C:/ST/STM32CubeIDE_1.15.1/STM32CubeIDE/plugins/com.st.stm32cube.ide.mcu.externaltools.gnu-tools-for-stm32.12.3.rel1.win32_1.0.100.202403111256/tools/bin/../lib/gcc/arm-none-eabi/12.3.1/thumb/v7e-m+fp/hard/crtend.o
LOAD C:/ST/STM32CubeIDE_1.15.1/STM32CubeIDE/plugins/com.st.stm32cube.ide.mcu.externaltools.gnu-tools-for-stm32.12.3.rel1.win32_1.0.100.202403111256/tools/bin/../lib/gcc/arm-none-eabi/12.3.1/thumb/v7e-m+fp/hard/crtn.o
                0x20020000                        _estack = (ORIGIN (RAM) + LENGTH (RAM))
                0x00000200                        _Min_Heap_Size = 0x200
                0x00000400                        _Min_Stack_Size = 0x400

.isr_vector     0x08000000      0x188
                0x08000000                        . = ALIGN (0x4)
 *(.isr_vector)
 .isr_vector    0x08000000      0x188 ./Core/Startup/startup_stm32f407vetx.o
                0x08000000                g_pfnVectors
                0x08000188                        . = ALIGN (0x4)

.text           0x08000188     0xe500
                0x08000188                        . = ALIGN (0x4)
 *(.text)
 .text          0x08000188       0x40 C:/ST/STM32CubeIDE_1.15.1/STM32CubeIDE/plugins/com.st.stm32cube.ide.mcu.externaltools.gnu-tools-for-stm32.12.3.rel1.win32_1.0.100.202403111256/tools/bin/../lib/gcc/arm-none-eabi/12.3.1/thumb/v7e-m+fp/hard/crtbegin.o
 .text          0x080001c8      0x378 C:/ST/STM32CubeIDE_1.15.1/STM32CubeIDE/plugins/com.st.stm32cube.ide.mcu.externaltools.gnu-tools-for-stm32.12.3.rel1.win32_1.0.100.202403111256/tools/bin/../lib/gcc/arm-none-eabi/12.3.1/thumb/v7e-m+fp/hard\libgcc.a(_arm_addsubdf3.o)
                0x080001c8                __aeabi_drsub
                0x080001d0                __aeabi_dsub
                0x080001d0                __subdf3
                0x080001d4                __aeabi_dadd
                0x080001d4                __adddf3
                0x0800044c                __floatunsidf
                0x0800044c                __aeabi_ui2d
                0x0800046c                __floatsidf
                0x0800046c                __aeabi_i2d
                0x08000490                __aeabi_f2d
                0x08000490                __extendsfdf2
                0x080004d4                __floatundidf
                0x080004d4                __aeabi_ul2d
                0x080004e4                __floatdidf
                0x080004e4                __aeabi_l2d
 .text          0x08000540      0x424 C:/ST/STM32CubeIDE_1.15.1/STM32CubeIDE/plugins/com.st.stm32cube.ide.mcu.externaltools.gnu-tools-for-stm32.12.3.rel1.win32_1.0.100.202403111256/tools/bin/../lib/gcc/arm-none-eabi/12.3.1/thumb/v7e-m+fp/hard\libgcc.a(_arm_muldivdf3.o)
                0x08000540                __aeabi_dmul
                0x08000540                __muldf3
                0x08000794                __divdf3
                0x08000794                __aeabi_ddiv
 .text          0x08000964      0x110 C:/ST/STM32CubeIDE_1.15.1/STM32CubeIDE/plugins/com.st.stm32cube.ide.mcu.externaltools.gnu-tools-for-stm32.12.3.rel1.win32_1.0.100.202403111256/tools/bin/../lib/gcc/arm-none-eabi/12.3.1/thumb/v7e-m+fp/hard\libgcc.a(_arm_cmpdf2.o)
                0x08000964                __gtdf2
                0x08000964                __gedf2
                0x0800096c                __ltdf2
                0x0800096c                __ledf2
                0x08000974                __nedf2
                0x08000974                __eqdf2
                0x08000974                __cmpdf2
                0x080009f0                __aeabi_cdrcmple
                0x08000a00                __aeabi_cdcmpeq
                0x08000a00                __aeabi_cdcmple
                0x08000a10                __aeabi_dcmpeq
                0x08000a24                __aeabi_dcmplt
                0x08000a38                __aeabi_dcmple
                0x08000a4c                __aeabi_dcmpge
                0x08000a60                __aeabi_dcmpgt
 .text          0x08000a74       0x2c C:/ST/STM32CubeIDE_1.15.1/STM32CubeIDE/plugins/com.st.stm32cube.ide.mcu.externaltools.gnu-tools-for-stm32.12.3.rel1.win32_1.0.100.202403111256/tools/bin/../lib/gcc/arm-none-eabi/12.3.1/thumb/v7e-m+fp/hard\libgcc.a(_arm_unorddf2.o)
                0x08000a74                __unorddf2
                0x08000a74                __aeabi_dcmpun
 .text          0x08000aa0       0x50 C:/ST/STM32CubeIDE_1.15.1/STM32CubeIDE/plugins/com.st.stm32cube.ide.mcu.externaltools.gnu-tools-for-stm32.12.3.rel1.win32_1.0.100.202403111256/tools/bin/../lib/gcc/arm-none-eabi/12.3.1/thumb/v7e-m+fp/hard\libgcc.a(_arm_fixdfsi.o)
                0x08000aa0                __aeabi_d2iz
                0x08000aa0                __fixdfsi
 .text          0x08000af0       0xa0 C:/ST/STM32CubeIDE_1.15.1/STM32CubeIDE/plugins/com.st.stm32cube.ide.mcu.externaltools.gnu-tools-for-stm32.12.3.rel1.win32_1.0.100.202403111256/tools/bin/../lib/gcc/arm-none-eabi/12.3.1/thumb/v7e-m+fp/hard\libgcc.a(_arm_truncdfsf2.o)
                0x08000af0                __truncdfsf2
                0x08000af0                __aeabi_d2f
 .text          0x08000b90       0x30 C:/ST/STM32CubeIDE_1.15.1/STM32CubeIDE/plugins/com.st.stm32cube.ide.mcu.externaltools.gnu-tools-for-stm32.12.3.rel1.win32_1.0.100.202403111256/tools/bin/../lib/gcc/arm-none-eabi/12.3.1/thumb/v7e-m+fp/hard\libgcc.a(_aeabi_uldivmod.o)
                0x08000b90                __aeabi_uldivmod
 .text          0x08000bc0      0x2bc C:/ST/STM32CubeIDE_1.15.1/STM32CubeIDE/plugins/com.st.stm32cube.ide.mcu.externaltools.gnu-tools-for-stm32.12.3.rel1.win32_1.0.100.202403111256/tools/bin/../lib/gcc/arm-none-eabi/12.3.1/thumb/v7e-m+fp/hard\libgcc.a(_udivmoddi4.o)
                0x08000bc0                __udivmoddi4
 .text          0x08000e7c        0x4 C:/ST/STM32CubeIDE_1.15.1/STM32CubeIDE/plugins/com.st.stm32cube.ide.mcu.externaltools.gnu-tools-for-stm32.12.3.rel1.win32_1.0.100.202403111256/tools/bin/../lib/gcc/arm-none-eabi/12.3.1/thumb/v7e-m+fp/hard\libgcc.a(_dvmd_tls.o)
                0x08000e7c                __aeabi_idiv0
                0x08000e7c                __aeabi_ldiv0
 *(.text*)
 .text.main     0x08000e80      0x394 ./Core/Src/main.o
                0x08000e80                main
 .text.SystemClock_Config
                0x08001214       0xd4 ./Core/Src/main.o
                0x08001214                SystemClock_Config
 .text.MX_ADC1_Init
                0x080012e8       0xa4 ./Core/Src/main.o
 .text.MX_I2C2_Init
                0x0800138c       0x5c ./Core/Src/main.o
 .text.MX_SPI2_Init
                0x080013e8       0x6c ./Core/Src/main.o
 .text.MX_TIM1_Init
                0x08001454       0xb0 ./Core/Src/main.o
 .text.MX_TIM2_Init
                0x08001504       0xa8 ./Core/Src/main.o
 .text.MX_TIM3_Init
                0x080015ac       0xa8 ./Core/Src/main.o
 .text.MX_TIM4_Init
                0x08001654       0xa8 ./Core/Src/main.o
 .text.MX_TIM5_Init
                0x080016fc       0xa8 ./Core/Src/main.o
 .text.MX_TIM8_Init
                0x080017a4       0xb0 ./Core/Src/main.o
 .text.MX_TIM9_Init
                0x08001854       0xa0 ./Core/Src/main.o
 .text.MX_TIM10_Init
                0x080018f4       0x9c ./Core/Src/main.o
 .text.MX_TIM11_Init
                0x08001990       0x9c ./Core/Src/main.o
 .text.MX_TIM12_Init
                0x08001a2c       0xa0 ./Core/Src/main.o
 .text.MX_TIM13_Init
                0x08001acc       0x9c ./Core/Src/main.o
 .text.MX_TIM14_Init
                0x08001b68       0x9c ./Core/Src/main.o
 .text.MX_UART4_Init
                0x08001c04       0x54 ./Core/Src/main.o
 .text.MX_USART2_UART_Init
                0x08001c58       0x54 ./Core/Src/main.o
 .text.MX_GPIO_Init
                0x08001cac      0x1b8 ./Core/Src/main.o
 .text.HAL_UART_RxCpltCallback
                0x08001e64       0x4c ./Core/Src/main.o
                0x08001e64                HAL_UART_RxCpltCallback
 .text.Error_Handler
                0x08001eb0        0xc ./Core/Src/main.o
                0x08001eb0                Error_Handler
 .text.HAL_MspInit
                0x08001ebc       0x50 ./Core/Src/stm32f4xx_hal_msp.o
                0x08001ebc                HAL_MspInit
 .text.HAL_ADC_MspInit
                0x08001f0c       0xc0 ./Core/Src/stm32f4xx_hal_msp.o
                0x08001f0c                HAL_ADC_MspInit
 .text.HAL_I2C_MspInit
                0x08001fcc       0x90 ./Core/Src/stm32f4xx_hal_msp.o
                0x08001fcc                HAL_I2C_MspInit
 .text.HAL_SPI_MspInit
                0x0800205c       0xd0 ./Core/Src/stm32f4xx_hal_msp.o
                0x0800205c                HAL_SPI_MspInit
 .text.HAL_TIM_Encoder_MspInit
                0x0800212c      0x2ec ./Core/Src/stm32f4xx_hal_msp.o
                0x0800212c                HAL_TIM_Encoder_MspInit
 .text.HAL_TIM_PWM_MspInit
                0x08002418       0x70 ./Core/Src/stm32f4xx_hal_msp.o
                0x08002418                HAL_TIM_PWM_MspInit
 .text.HAL_TIM_Base_MspInit
                0x08002488       0xc8 ./Core/Src/stm32f4xx_hal_msp.o
                0x08002488                HAL_TIM_Base_MspInit
 .text.HAL_TIM_MspPostInit
                0x08002550      0x1fc ./Core/Src/stm32f4xx_hal_msp.o
                0x08002550                HAL_TIM_MspPostInit
 .text.HAL_UART_MspInit
                0x0800274c      0x10c ./Core/Src/stm32f4xx_hal_msp.o
                0x0800274c                HAL_UART_MspInit
 .text.HAL_UART_MspDeInit
                0x08002858       0x6c ./Core/Src/stm32f4xx_hal_msp.o
                0x08002858                HAL_UART_MspDeInit
 .text.NMI_Handler
                0x080028c4        0x8 ./Core/Src/stm32f4xx_it.o
                0x080028c4                NMI_Handler
 .text.HardFault_Handler
                0x080028cc        0x8 ./Core/Src/stm32f4xx_it.o
                0x080028cc                HardFault_Handler
 .text.MemManage_Handler
                0x080028d4        0x8 ./Core/Src/stm32f4xx_it.o
                0x080028d4                MemManage_Handler
 .text.BusFault_Handler
                0x080028dc        0x8 ./Core/Src/stm32f4xx_it.o
                0x080028dc                BusFault_Handler
 .text.UsageFault_Handler
                0x080028e4        0x8 ./Core/Src/stm32f4xx_it.o
                0x080028e4                UsageFault_Handler
 .text.SVC_Handler
                0x080028ec        0xe ./Core/Src/stm32f4xx_it.o
                0x080028ec                SVC_Handler
 .text.DebugMon_Handler
                0x080028fa        0xe ./Core/Src/stm32f4xx_it.o
                0x080028fa                DebugMon_Handler
 .text.PendSV_Handler
                0x08002908        0xe ./Core/Src/stm32f4xx_it.o
                0x08002908                PendSV_Handler
 .text.SysTick_Handler
                0x08002916        0xc ./Core/Src/stm32f4xx_it.o
                0x08002916                SysTick_Handler
 *fill*         0x08002922        0x2 
 .text.USART2_IRQHandler
                0x08002924       0x14 ./Core/Src/stm32f4xx_it.o
                0x08002924                USART2_IRQHandler
 .text.OTG_FS_IRQHandler
                0x08002938       0x14 ./Core/Src/stm32f4xx_it.o
                0x08002938                OTG_FS_IRQHandler
 .text.SystemInit
                0x0800294c       0x24 ./Core/Src/system_stm32f4xx.o
                0x0800294c                SystemInit
 .text.Reset_Handler
                0x08002970       0x50 ./Core/Startup/startup_stm32f407vetx.o
                0x08002970                Reset_Handler
 .text.Default_Handler
                0x080029c0        0x2 ./Core/Startup/startup_stm32f407vetx.o
                0x080029c0                RTC_Alarm_IRQHandler
                0x080029c0                HASH_RNG_IRQHandler
                0x080029c0                EXTI2_IRQHandler
                0x080029c0                TIM8_CC_IRQHandler
                0x080029c0                TIM1_CC_IRQHandler
                0x080029c0                DMA2_Stream5_IRQHandler
                0x080029c0                DMA1_Stream5_IRQHandler
                0x080029c0                PVD_IRQHandler
                0x080029c0                SDIO_IRQHandler
                0x080029c0                TAMP_STAMP_IRQHandler
                0x080029c0                CAN2_RX1_IRQHandler
                0x080029c0                EXTI3_IRQHandler
                0x080029c0                TIM8_TRG_COM_TIM14_IRQHandler
                0x080029c0                TIM1_UP_TIM10_IRQHandler
                0x080029c0                TIM8_UP_TIM13_IRQHandler
                0x080029c0                I2C3_ER_IRQHandler
                0x080029c0                EXTI0_IRQHandler
                0x080029c0                I2C2_EV_IRQHandler
                0x080029c0                DMA1_Stream2_IRQHandler
                0x080029c0                CAN1_RX0_IRQHandler
                0x080029c0                FPU_IRQHandler
                0x080029c0                OTG_HS_WKUP_IRQHandler
                0x080029c0                CAN2_SCE_IRQHandler
                0x080029c0                DMA2_Stream2_IRQHandler
                0x080029c0                SPI1_IRQHandler
                0x080029c0                TIM6_DAC_IRQHandler
                0x080029c0                TIM1_BRK_TIM9_IRQHandler
                0x080029c0                DCMI_IRQHandler
                0x080029c0                CAN2_RX0_IRQHandler
                0x080029c0                DMA2_Stream3_IRQHandler
                0x080029c0                USART6_IRQHandler
                0x080029c0                USART3_IRQHandler
                0x080029c0                CAN1_RX1_IRQHandler
                0x080029c0                UART5_IRQHandler
                0x080029c0                DMA2_Stream0_IRQHandler
                0x080029c0                TIM4_IRQHandler
                0x080029c0                I2C1_EV_IRQHandler
                0x080029c0                DMA1_Stream6_IRQHandler
                0x080029c0                DMA1_Stream1_IRQHandler
                0x080029c0                UART4_IRQHandler
                0x080029c0                TIM3_IRQHandler
                0x080029c0                RCC_IRQHandler
                0x080029c0                TIM8_BRK_TIM12_IRQHandler
                0x080029c0                Default_Handler
                0x080029c0                EXTI15_10_IRQHandler
                0x080029c0                ADC_IRQHandler
                0x080029c0                DMA1_Stream7_IRQHandler
                0x080029c0                TIM7_IRQHandler
                0x080029c0                CAN2_TX_IRQHandler
                0x080029c0                TIM5_IRQHandler
                0x080029c0                DMA2_Stream7_IRQHandler
                0x080029c0                I2C3_EV_IRQHandler
                0x080029c0                EXTI9_5_IRQHandler
                0x080029c0                RTC_WKUP_IRQHandler
                0x080029c0                ETH_WKUP_IRQHandler
                0x080029c0                SPI2_IRQHandler
                0x080029c0                OTG_HS_EP1_IN_IRQHandler
                0x080029c0                DMA1_Stream0_IRQHandler
                0x080029c0                CAN1_TX_IRQHandler
                0x080029c0                EXTI4_IRQHandler
                0x080029c0                FSMC_IRQHandler
                0x080029c0                ETH_IRQHandler
                0x080029c0                OTG_HS_EP1_OUT_IRQHandler
                0x080029c0                WWDG_IRQHandler
                0x080029c0                TIM2_IRQHandler
                0x080029c0                OTG_FS_WKUP_IRQHandler
                0x080029c0                TIM1_TRG_COM_TIM11_IRQHandler
                0x080029c0                OTG_HS_IRQHandler
                0x080029c0                EXTI1_IRQHandler
                0x080029c0                I2C2_ER_IRQHandler
                0x080029c0                DMA2_Stream1_IRQHandler
                0x080029c0                CAN1_SCE_IRQHandler
                0x080029c0                FLASH_IRQHandler
                0x080029c0                DMA2_Stream4_IRQHandler
                0x080029c0                USART1_IRQHandler
                0x080029c0                SPI3_IRQHandler
                0x080029c0                DMA1_Stream4_IRQHandler
                0x080029c0                I2C1_ER_IRQHandler
                0x080029c0                DMA2_Stream6_IRQHandler
                0x080029c0                DMA1_Stream3_IRQHandler
 *fill*         0x080029c2        0x2 
 .text.HAL_Init
                0x080029c4       0x44 ./Drivers/STM32F4xx_HAL_Driver/Src/stm32f4xx_hal.o
                0x080029c4                HAL_Init
 .text.HAL_InitTick
                0x08002a08       0x60 ./Drivers/STM32F4xx_HAL_Driver/Src/stm32f4xx_hal.o
                0x08002a08                HAL_InitTick
 .text.HAL_IncTick
                0x08002a68       0x28 ./Drivers/STM32F4xx_HAL_Driver/Src/stm32f4xx_hal.o
                0x08002a68                HAL_IncTick
 .text.HAL_GetTick
                0x08002a90       0x18 ./Drivers/STM32F4xx_HAL_Driver/Src/stm32f4xx_hal.o
                0x08002a90                HAL_GetTick
 .text.HAL_Delay
                0x08002aa8       0x48 ./Drivers/STM32F4xx_HAL_Driver/Src/stm32f4xx_hal.o
                0x08002aa8                HAL_Delay
 .text.HAL_ADC_Init
                0x08002af0       0x86 ./Drivers/STM32F4xx_HAL_Driver/Src/stm32f4xx_hal_adc.o
                0x08002af0                HAL_ADC_Init
 *fill*         0x08002b76        0x2 
 .text.HAL_ADC_ConfigChannel
                0x08002b78      0x244 ./Drivers/STM32F4xx_HAL_Driver/Src/stm32f4xx_hal_adc.o
                0x08002b78                HAL_ADC_ConfigChannel
 .text.ADC_Init
                0x08002dbc      0x1f8 ./Drivers/STM32F4xx_HAL_Driver/Src/stm32f4xx_hal_adc.o
 .text.__NVIC_SetPriorityGrouping
                0x08002fb4       0x48 ./Drivers/STM32F4xx_HAL_Driver/Src/stm32f4xx_hal_cortex.o
 .text.__NVIC_GetPriorityGrouping
                0x08002ffc       0x1c ./Drivers/STM32F4xx_HAL_Driver/Src/stm32f4xx_hal_cortex.o
 .text.__NVIC_EnableIRQ
                0x08003018       0x3c ./Drivers/STM32F4xx_HAL_Driver/Src/stm32f4xx_hal_cortex.o
 .text.__NVIC_DisableIRQ
                0x08003054       0x48 ./Drivers/STM32F4xx_HAL_Driver/Src/stm32f4xx_hal_cortex.o
 .text.__NVIC_SetPriority
                0x0800309c       0x54 ./Drivers/STM32F4xx_HAL_Driver/Src/stm32f4xx_hal_cortex.o
 .text.NVIC_EncodePriority
                0x080030f0       0x66 ./Drivers/STM32F4xx_HAL_Driver/Src/stm32f4xx_hal_cortex.o
 *fill*         0x08003156        0x2 
 .text.SysTick_Config
                0x08003158       0x44 ./Drivers/STM32F4xx_HAL_Driver/Src/stm32f4xx_hal_cortex.o
 .text.HAL_NVIC_SetPriorityGrouping
                0x0800319c       0x16 ./Drivers/STM32F4xx_HAL_Driver/Src/stm32f4xx_hal_cortex.o
                0x0800319c                HAL_NVIC_SetPriorityGrouping
 .text.HAL_NVIC_SetPriority
                0x080031b2       0x38 ./Drivers/STM32F4xx_HAL_Driver/Src/stm32f4xx_hal_cortex.o
                0x080031b2                HAL_NVIC_SetPriority
 .text.HAL_NVIC_EnableIRQ
                0x080031ea       0x1c ./Drivers/STM32F4xx_HAL_Driver/Src/stm32f4xx_hal_cortex.o
                0x080031ea                HAL_NVIC_EnableIRQ
 .text.HAL_NVIC_DisableIRQ
                0x08003206       0x1c ./Drivers/STM32F4xx_HAL_Driver/Src/stm32f4xx_hal_cortex.o
                0x08003206                HAL_NVIC_DisableIRQ
 .text.HAL_SYSTICK_Config
                0x08003222       0x18 ./Drivers/STM32F4xx_HAL_Driver/Src/stm32f4xx_hal_cortex.o
                0x08003222                HAL_SYSTICK_Config
 .text.HAL_DMA_Abort
                0x0800323a       0xe0 ./Drivers/STM32F4xx_HAL_Driver/Src/stm32f4xx_hal_dma.o
                0x0800323a                HAL_DMA_Abort
 .text.HAL_DMA_Abort_IT
                0x0800331a       0x44 ./Drivers/STM32F4xx_HAL_Driver/Src/stm32f4xx_hal_dma.o
                0x0800331a                HAL_DMA_Abort_IT
 *fill*         0x0800335e        0x2 
 .text.HAL_GPIO_Init
                0x08003360      0x338 ./Drivers/STM32F4xx_HAL_Driver/Src/stm32f4xx_hal_gpio.o
                0x08003360                HAL_GPIO_Init
 .text.HAL_GPIO_DeInit
                0x08003698      0x1f8 ./Drivers/STM32F4xx_HAL_Driver/Src/stm32f4xx_hal_gpio.o
                0x08003698                HAL_GPIO_DeInit
 .text.HAL_GPIO_WritePin
                0x08003890       0x32 ./Drivers/STM32F4xx_HAL_Driver/Src/stm32f4xx_hal_gpio.o
                0x08003890                HAL_GPIO_WritePin
 *fill*         0x080038c2        0x2 
 .text.HAL_I2C_Init
                0x080038c4      0x288 ./Drivers/STM32F4xx_HAL_Driver/Src/stm32f4xx_hal_i2c.o
                0x080038c4                HAL_I2C_Init
 .text.HAL_PCD_Init
                0x08003b4c      0x21e ./Drivers/STM32F4xx_HAL_Driver/Src/stm32f4xx_hal_pcd.o
                0x08003b4c                HAL_PCD_Init
 .text.HAL_PCD_Start
                0x08003d6a       0x6a ./Drivers/STM32F4xx_HAL_Driver/Src/stm32f4xx_hal_pcd.o
                0x08003d6a                HAL_PCD_Start
 .text.HAL_PCD_IRQHandler
                0x08003dd4      0x942 ./Drivers/STM32F4xx_HAL_Driver/Src/stm32f4xx_hal_pcd.o
                0x08003dd4                HAL_PCD_IRQHandler
 .text.HAL_PCD_SetAddress
                0x08004716       0x48 ./Drivers/STM32F4xx_HAL_Driver/Src/stm32f4xx_hal_pcd.o
                0x08004716                HAL_PCD_SetAddress
 .text.HAL_PCD_EP_Open
                0x0800475e       0xd4 ./Drivers/STM32F4xx_HAL_Driver/Src/stm32f4xx_hal_pcd.o
                0x0800475e                HAL_PCD_EP_Open
 .text.HAL_PCD_EP_Close
                0x08004832       0x94 ./Drivers/STM32F4xx_HAL_Driver/Src/stm32f4xx_hal_pcd.o
                0x08004832                HAL_PCD_EP_Close
 .text.HAL_PCD_EP_Receive
                0x080048c6       0x76 ./Drivers/STM32F4xx_HAL_Driver/Src/stm32f4xx_hal_pcd.o
                0x080048c6                HAL_PCD_EP_Receive
 .text.HAL_PCD_EP_GetRxCount
                0x0800493c       0x30 ./Drivers/STM32F4xx_HAL_Driver/Src/stm32f4xx_hal_pcd.o
                0x0800493c                HAL_PCD_EP_GetRxCount
 .text.HAL_PCD_EP_Transmit
                0x0800496c       0x74 ./Drivers/STM32F4xx_HAL_Driver/Src/stm32f4xx_hal_pcd.o
                0x0800496c                HAL_PCD_EP_Transmit
 .text.HAL_PCD_EP_SetStall
                0x080049e0       0xc6 ./Drivers/STM32F4xx_HAL_Driver/Src/stm32f4xx_hal_pcd.o
                0x080049e0                HAL_PCD_EP_SetStall
 .text.HAL_PCD_EP_ClrStall
                0x08004aa6       0xac ./Drivers/STM32F4xx_HAL_Driver/Src/stm32f4xx_hal_pcd.o
                0x08004aa6                HAL_PCD_EP_ClrStall
 .text.HAL_PCD_EP_Abort
                0x08004b52       0x62 ./Drivers/STM32F4xx_HAL_Driver/Src/stm32f4xx_hal_pcd.o
                0x08004b52                HAL_PCD_EP_Abort
 .text.PCD_WriteEmptyTxFifo
                0x08004bb4      0x118 ./Drivers/STM32F4xx_HAL_Driver/Src/stm32f4xx_hal_pcd.o
 .text.PCD_EP_OutXfrComplete_int
                0x08004ccc      0x1d0 ./Drivers/STM32F4xx_HAL_Driver/Src/stm32f4xx_hal_pcd.o
 .text.PCD_EP_OutSetupPacket_int
                0x08004e9c       0x8c ./Drivers/STM32F4xx_HAL_Driver/Src/stm32f4xx_hal_pcd.o
 .text.HAL_PCDEx_SetTxFiFo
                0x08004f28       0x8e ./Drivers/STM32F4xx_HAL_Driver/Src/stm32f4xx_hal_pcd_ex.o
                0x08004f28                HAL_PCDEx_SetTxFiFo
 .text.HAL_PCDEx_SetRxFiFo
                0x08004fb6       0x22 ./Drivers/STM32F4xx_HAL_Driver/Src/stm32f4xx_hal_pcd_ex.o
                0x08004fb6                HAL_PCDEx_SetRxFiFo
 .text.HAL_PCDEx_LPM_Callback
                0x08004fd8       0x18 ./Drivers/STM32F4xx_HAL_Driver/Src/stm32f4xx_hal_pcd_ex.o
                0x08004fd8                HAL_PCDEx_LPM_Callback
 .text.HAL_RCC_OscConfig
                0x08004ff0      0x4f0 ./Drivers/STM32F4xx_HAL_Driver/Src/stm32f4xx_hal_rcc.o
                0x08004ff0                HAL_RCC_OscConfig
 .text.HAL_RCC_ClockConfig
                0x080054e0      0x1cc ./Drivers/STM32F4xx_HAL_Driver/Src/stm32f4xx_hal_rcc.o
                0x080054e0                HAL_RCC_ClockConfig
 .text.HAL_RCC_GetSysClockFreq
                0x080056ac      0x20c ./Drivers/STM32F4xx_HAL_Driver/Src/stm32f4xx_hal_rcc.o
                0x080056ac                HAL_RCC_GetSysClockFreq
 .text.HAL_RCC_GetHCLKFreq
                0x080058b8       0x18 ./Drivers/STM32F4xx_HAL_Driver/Src/stm32f4xx_hal_rcc.o
                0x080058b8                HAL_RCC_GetHCLKFreq
 .text.HAL_RCC_GetPCLK1Freq
                0x080058d0       0x28 ./Drivers/STM32F4xx_HAL_Driver/Src/stm32f4xx_hal_rcc.o
                0x080058d0                HAL_RCC_GetPCLK1Freq
 .text.HAL_RCC_GetPCLK2Freq
                0x080058f8       0x28 ./Drivers/STM32F4xx_HAL_Driver/Src/stm32f4xx_hal_rcc.o
                0x080058f8                HAL_RCC_GetPCLK2Freq
 .text.HAL_SPI_Init
                0x08005920      0x112 ./Drivers/STM32F4xx_HAL_Driver/Src/stm32f4xx_hal_spi.o
                0x08005920                HAL_SPI_Init
 .text.HAL_TIM_Base_Init
                0x08005a32       0x9e ./Drivers/STM32F4xx_HAL_Driver/Src/stm32f4xx_hal_tim.o
                0x08005a32                HAL_TIM_Base_Init
 .text.HAL_TIM_PWM_Init
                0x08005ad0       0x9e ./Drivers/STM32F4xx_HAL_Driver/Src/stm32f4xx_hal_tim.o
                0x08005ad0                HAL_TIM_PWM_Init
 *fill*         0x08005b6e        0x2 
 .text.HAL_TIM_PWM_Start
                0x08005b70      0x190 ./Drivers/STM32F4xx_HAL_Driver/Src/stm32f4xx_hal_tim.o
                0x08005b70                HAL_TIM_PWM_Start
 .text.HAL_TIM_Encoder_Init
                0x08005d00      0x14c ./Drivers/STM32F4xx_HAL_Driver/Src/stm32f4xx_hal_tim.o
                0x08005d00                HAL_TIM_Encoder_Init
 .text.HAL_TIM_Encoder_Start
                0x08005e4c      0x11c ./Drivers/STM32F4xx_HAL_Driver/Src/stm32f4xx_hal_tim.o
                0x08005e4c                HAL_TIM_Encoder_Start
 .text.HAL_TIM_PWM_ConfigChannel
                0x08005f68      0x184 ./Drivers/STM32F4xx_HAL_Driver/Src/stm32f4xx_hal_tim.o
                0x08005f68                HAL_TIM_PWM_ConfigChannel
 .text.TIM_Base_SetConfig
                0x080060ec      0x158 ./Drivers/STM32F4xx_HAL_Driver/Src/stm32f4xx_hal_tim.o
                0x080060ec                TIM_Base_SetConfig
 .text.TIM_OC1_SetConfig
                0x08006244       0xe0 ./Drivers/STM32F4xx_HAL_Driver/Src/stm32f4xx_hal_tim.o
 .text.TIM_OC2_SetConfig
                0x08006324       0xec ./Drivers/STM32F4xx_HAL_Driver/Src/stm32f4xx_hal_tim.o
                0x08006324                TIM_OC2_SetConfig
 .text.TIM_OC3_SetConfig
                0x08006410       0xe8 ./Drivers/STM32F4xx_HAL_Driver/Src/stm32f4xx_hal_tim.o
 .text.TIM_OC4_SetConfig
                0x080064f8       0xac ./Drivers/STM32F4xx_HAL_Driver/Src/stm32f4xx_hal_tim.o
 .text.TIM_CCxChannelCmd
                0x080065a4       0x4a ./Drivers/STM32F4xx_HAL_Driver/Src/stm32f4xx_hal_tim.o
                0x080065a4                TIM_CCxChannelCmd
 *fill*         0x080065ee        0x2 
 .text.HAL_TIMEx_MasterConfigSynchronization
                0x080065f0       0xf8 ./Drivers/STM32F4xx_HAL_Driver/Src/stm32f4xx_hal_tim_ex.o
                0x080065f0                HAL_TIMEx_MasterConfigSynchronization
 .text.HAL_UART_Init
                0x080066e8       0xa0 ./Drivers/STM32F4xx_HAL_Driver/Src/stm32f4xx_hal_uart.o
                0x080066e8                HAL_UART_Init
 .text.HAL_UART_DeInit
                0x08006788       0x64 ./Drivers/STM32F4xx_HAL_Driver/Src/stm32f4xx_hal_uart.o
                0x08006788                HAL_UART_DeInit
 .text.HAL_UART_Receive_IT
                0x080067ec       0x4a ./Drivers/STM32F4xx_HAL_Driver/Src/stm32f4xx_hal_uart.o
                0x080067ec                HAL_UART_Receive_IT
 *fill*         0x08006836        0x2 
 .text.HAL_UART_IRQHandler
                0x08006838      0x524 ./Drivers/STM32F4xx_HAL_Driver/Src/stm32f4xx_hal_uart.o
                0x08006838                HAL_UART_IRQHandler
 .text.HAL_UART_TxCpltCallback
                0x08006d5c       0x14 ./Drivers/STM32F4xx_HAL_Driver/Src/stm32f4xx_hal_uart.o
                0x08006d5c                HAL_UART_TxCpltCallback
 .text.HAL_UART_ErrorCallback
                0x08006d70       0x14 ./Drivers/STM32F4xx_HAL_Driver/Src/stm32f4xx_hal_uart.o
                0x08006d70                HAL_UART_ErrorCallback
 .text.HAL_UARTEx_RxEventCallback
                0x08006d84       0x18 ./Drivers/STM32F4xx_HAL_Driver/Src/stm32f4xx_hal_uart.o
                0x08006d84                HAL_UARTEx_RxEventCallback
 .text.UART_Start_Receive_IT
                0x08006d9c       0x74 ./Drivers/STM32F4xx_HAL_Driver/Src/stm32f4xx_hal_uart.o
                0x08006d9c                UART_Start_Receive_IT
 .text.UART_EndRxTransfer
                0x08006e10       0xc6 ./Drivers/STM32F4xx_HAL_Driver/Src/stm32f4xx_hal_uart.o
 .text.UART_DMAAbortOnError
                0x08006ed6       0x28 ./Drivers/STM32F4xx_HAL_Driver/Src/stm32f4xx_hal_uart.o
 .text.UART_Transmit_IT
                0x08006efe       0xa0 ./Drivers/STM32F4xx_HAL_Driver/Src/stm32f4xx_hal_uart.o
 .text.UART_EndTransmit_IT
                0x08006f9e       0x30 ./Drivers/STM32F4xx_HAL_Driver/Src/stm32f4xx_hal_uart.o
 .text.UART_Receive_IT
                0x08006fce      0x17c ./Drivers/STM32F4xx_HAL_Driver/Src/stm32f4xx_hal_uart.o
 *fill*         0x0800714a        0x2 
 .text.UART_SetConfig
                0x0800714c      0x4e8 ./Drivers/STM32F4xx_HAL_Driver/Src/stm32f4xx_hal_uart.o
 .text.USB_CoreInit
                0x08007634       0xc8 ./Drivers/STM32F4xx_HAL_Driver/Src/stm32f4xx_ll_usb.o
                0x08007634                USB_CoreInit
 .text.USB_SetTurnaroundTime
                0x080076fc      0x144 ./Drivers/STM32F4xx_HAL_Driver/Src/stm32f4xx_ll_usb.o
                0x080076fc                USB_SetTurnaroundTime
 .text.USB_EnableGlobalInt
                0x08007840       0x22 ./Drivers/STM32F4xx_HAL_Driver/Src/stm32f4xx_ll_usb.o
                0x08007840                USB_EnableGlobalInt
 .text.USB_DisableGlobalInt
                0x08007862       0x22 ./Drivers/STM32F4xx_HAL_Driver/Src/stm32f4xx_ll_usb.o
                0x08007862                USB_DisableGlobalInt
 .text.USB_SetCurrentMode
                0x08007884       0x98 ./Drivers/STM32F4xx_HAL_Driver/Src/stm32f4xx_ll_usb.o
                0x08007884                USB_SetCurrentMode
 .text.USB_DevInit
                0x0800791c      0x2c8 ./Drivers/STM32F4xx_HAL_Driver/Src/stm32f4xx_ll_usb.o
                0x0800791c                USB_DevInit
 .text.USB_FlushTxFifo
                0x08007be4       0x64 ./Drivers/STM32F4xx_HAL_Driver/Src/stm32f4xx_ll_usb.o
                0x08007be4                USB_FlushTxFifo
 .text.USB_FlushRxFifo
                0x08007c48       0x5c ./Drivers/STM32F4xx_HAL_Driver/Src/stm32f4xx_ll_usb.o
                0x08007c48                USB_FlushRxFifo
 .text.USB_SetDevSpeed
                0x08007ca4       0x32 ./Drivers/STM32F4xx_HAL_Driver/Src/stm32f4xx_ll_usb.o
                0x08007ca4                USB_SetDevSpeed
 .text.USB_GetDevSpeed
                0x08007cd6       0x4a ./Drivers/STM32F4xx_HAL_Driver/Src/stm32f4xx_ll_usb.o
                0x08007cd6                USB_GetDevSpeed
 .text.USB_ActivateEndpoint
                0x08007d20      0x10e ./Drivers/STM32F4xx_HAL_Driver/Src/stm32f4xx_ll_usb.o
                0x08007d20                USB_ActivateEndpoint
 *fill*         0x08007e2e        0x2 
 .text.USB_DeactivateEndpoint
                0x08007e30      0x1b8 ./Drivers/STM32F4xx_HAL_Driver/Src/stm32f4xx_ll_usb.o
                0x08007e30                USB_DeactivateEndpoint
 .text.USB_EPStartXfer
                0x08007fe8      0x53c ./Drivers/STM32F4xx_HAL_Driver/Src/stm32f4xx_ll_usb.o
                0x08007fe8                USB_EPStartXfer
 .text.USB_EPStopXfer
                0x08008524      0x154 ./Drivers/STM32F4xx_HAL_Driver/Src/stm32f4xx_ll_usb.o
                0x08008524                USB_EPStopXfer
 .text.USB_WritePacket
                0x08008678       0x7c ./Drivers/STM32F4xx_HAL_Driver/Src/stm32f4xx_ll_usb.o
                0x08008678                USB_WritePacket
 .text.USB_ReadPacket
                0x080086f4       0xb0 ./Drivers/STM32F4xx_HAL_Driver/Src/stm32f4xx_ll_usb.o
                0x080086f4                USB_ReadPacket
 .text.USB_EPSetStall
                0x080087a4       0xdc ./Drivers/STM32F4xx_HAL_Driver/Src/stm32f4xx_ll_usb.o
                0x080087a4                USB_EPSetStall
 .text.USB_EPClearStall
                0x08008880       0xcc ./Drivers/STM32F4xx_HAL_Driver/Src/stm32f4xx_ll_usb.o
                0x08008880                USB_EPClearStall
 .text.USB_SetDevAddress
                0x0800894c       0x4c ./Drivers/STM32F4xx_HAL_Driver/Src/stm32f4xx_ll_usb.o
                0x0800894c                USB_SetDevAddress
 .text.USB_DevConnect
                0x08008998       0x42 ./Drivers/STM32F4xx_HAL_Driver/Src/stm32f4xx_ll_usb.o
                0x08008998                USB_DevConnect
 .text.USB_DevDisconnect
                0x080089da       0x42 ./Drivers/STM32F4xx_HAL_Driver/Src/stm32f4xx_ll_usb.o
                0x080089da                USB_DevDisconnect
 .text.USB_ReadInterrupts
                0x08008a1c       0x26 ./Drivers/STM32F4xx_HAL_Driver/Src/stm32f4xx_ll_usb.o
                0x08008a1c                USB_ReadInterrupts
 .text.USB_ReadDevAllOutEpInterrupt
                0x08008a42       0x34 ./Drivers/STM32F4xx_HAL_Driver/Src/stm32f4xx_ll_usb.o
                0x08008a42                USB_ReadDevAllOutEpInterrupt
 .text.USB_ReadDevAllInEpInterrupt
                0x08008a76       0x34 ./Drivers/STM32F4xx_HAL_Driver/Src/stm32f4xx_ll_usb.o
                0x08008a76                USB_ReadDevAllInEpInterrupt
 .text.USB_ReadDevOutEPInterrupt
                0x08008aaa       0x3c ./Drivers/STM32F4xx_HAL_Driver/Src/stm32f4xx_ll_usb.o
                0x08008aaa                USB_ReadDevOutEPInterrupt
 .text.USB_ReadDevInEPInterrupt
                0x08008ae6       0x5c ./Drivers/STM32F4xx_HAL_Driver/Src/stm32f4xx_ll_usb.o
                0x08008ae6                USB_ReadDevInEPInterrupt
 .text.USB_GetMode
                0x08008b42       0x1c ./Drivers/STM32F4xx_HAL_Driver/Src/stm32f4xx_ll_usb.o
                0x08008b42                USB_GetMode
 .text.USB_ActivateSetup
                0x08008b5e       0x46 ./Drivers/STM32F4xx_HAL_Driver/Src/stm32f4xx_ll_usb.o
                0x08008b5e                USB_ActivateSetup
 .text.USB_EP0_OutStart
                0x08008ba4       0xbc ./Drivers/STM32F4xx_HAL_Driver/Src/stm32f4xx_ll_usb.o
                0x08008ba4                USB_EP0_OutStart
 .text.USB_CoreReset
                0x08008c60       0x62 ./Drivers/STM32F4xx_HAL_Driver/Src/stm32f4xx_ll_usb.o
 *fill*         0x08008cc2        0x2 
 .text.digitalWrite
                0x08008cc4      0x6cc ./Library_for_Ro_Bo_Rho_V4/Arduino.o
                0x08008cc4                digitalWrite
 .text.map      0x08009390       0x5c ./Library_for_Ro_Bo_Rho_V4/Arduino.o
                0x08009390                map
 .text.Motor_setup_LF
                0x080093ec       0x5c ./Library_for_Ro_Bo_Rho_V4/Encoder_Motor.o
                0x080093ec                Motor_setup_LF
 .text.Motor_setup_LB
                0x08009448       0x5c ./Library_for_Ro_Bo_Rho_V4/Encoder_Motor.o
                0x08009448                Motor_setup_LB
 .text.Motor_setup_RF
                0x080094a4       0x5c ./Library_for_Ro_Bo_Rho_V4/Encoder_Motor.o
                0x080094a4                Motor_setup_RF
 .text.Motor_setup_RB
                0x08009500       0x5c ./Library_for_Ro_Bo_Rho_V4/Encoder_Motor.o
                0x08009500                Motor_setup_RB
 .text.Motor_setup_EXTRA1
                0x0800955c       0x5c ./Library_for_Ro_Bo_Rho_V4/Encoder_Motor.o
                0x0800955c                Motor_setup_EXTRA1
 .text.Motor_setup_EXTRA2
                0x080095b8       0x5c ./Library_for_Ro_Bo_Rho_V4/Encoder_Motor.o
                0x080095b8                Motor_setup_EXTRA2
 .text.getCount
                0x08009614       0x34 ./Library_for_Ro_Bo_Rho_V4/Encoder_Motor.o
                0x08009614                getCount
 .text.Setup_frequency_Motor
                0x08009648       0x20 ./Library_for_Ro_Bo_Rho_V4/Encoder_Motor.o
                0x08009648                Setup_frequency_Motor
 .text.Setup_CPR
                0x08009668       0x20 ./Library_for_Ro_Bo_Rho_V4/Encoder_Motor.o
                0x08009668                Setup_CPR
 .text.Setup_Gear_Ratio
                0x08009688       0x20 ./Library_for_Ro_Bo_Rho_V4/Encoder_Motor.o
                0x08009688                Setup_Gear_Ratio
 .text.getRad_s_to_RPM
                0x080096a8       0x34 ./Library_for_Ro_Bo_Rho_V4/Encoder_Motor.o
                0x080096a8                getRad_s_to_RPM
 .text.getRPM_TIM_Wheel
                0x080096dc      0x10c ./Library_for_Ro_Bo_Rho_V4/Encoder_Motor.o
                0x080096dc                getRPM_TIM_Wheel
 .text.Setup_PID_Wheel
                0x080097e8       0x7c ./Library_for_Ro_Bo_Rho_V4/Encoder_Motor.o
                0x080097e8                Setup_PID_Wheel
 .text.PID_Speed
                0x08009864      0x25c ./Library_for_Ro_Bo_Rho_V4/Encoder_Motor.o
                0x08009864                PID_Speed
 .text.Motor_DutyCycle_LF
                0x08009ac0       0xb0 ./Library_for_Ro_Bo_Rho_V4/Encoder_Motor.o
                0x08009ac0                Motor_DutyCycle_LF
 .text.Motor_DutyCycle_LB
                0x08009b70       0xb8 ./Library_for_Ro_Bo_Rho_V4/Encoder_Motor.o
                0x08009b70                Motor_DutyCycle_LB
 .text.Motor_DutyCycle_RF
                0x08009c28       0xb8 ./Library_for_Ro_Bo_Rho_V4/Encoder_Motor.o
                0x08009c28                Motor_DutyCycle_RF
 .text.Motor_DutyCycle_RB
                0x08009ce0       0xb0 ./Library_for_Ro_Bo_Rho_V4/Encoder_Motor.o
                0x08009ce0                Motor_DutyCycle_RB
 .text.Motor_Speed_LF
                0x08009d90       0xd8 ./Library_for_Ro_Bo_Rho_V4/Encoder_Motor.o
                0x08009d90                Motor_Speed_LF
 .text.Motor_Speed_LB
                0x08009e68       0xd8 ./Library_for_Ro_Bo_Rho_V4/Encoder_Motor.o
                0x08009e68                Motor_Speed_LB
 .text.Motor_Speed_RF
                0x08009f40       0xd8 ./Library_for_Ro_Bo_Rho_V4/Encoder_Motor.o
                0x08009f40                Motor_Speed_RF
 .text.Motor_Speed_RB
                0x0800a018       0xd8 ./Library_for_Ro_Bo_Rho_V4/Encoder_Motor.o
                0x0800a018                Motor_Speed_RB
 .text.Setup_Inverse_Kinematic
                0x0800a0f0       0x3c ./Library_for_Ro_Bo_Rho_V4/Inverse_Kinematics.o
                0x0800a0f0                Setup_Inverse_Kinematic
 .text.Inverse_Kinematic_Lock_Direction
                0x0800a12c      0x240 ./Library_for_Ro_Bo_Rho_V4/Inverse_Kinematics.o
                0x0800a12c                Inverse_Kinematic_Lock_Direction
 .text.get_w_LF
                0x0800a36c       0x1c ./Library_for_Ro_Bo_Rho_V4/Inverse_Kinematics.o
                0x0800a36c                get_w_LF
 .text.get_w_LB
                0x0800a388       0x1c ./Library_for_Ro_Bo_Rho_V4/Inverse_Kinematics.o
                0x0800a388                get_w_LB
 .text.get_w_RF
                0x0800a3a4       0x1c ./Library_for_Ro_Bo_Rho_V4/Inverse_Kinematics.o
                0x0800a3a4                get_w_RF
 .text.get_w_RB
                0x0800a3c0       0x1c ./Library_for_Ro_Bo_Rho_V4/Inverse_Kinematics.o
                0x0800a3c0                get_w_RB
 .text.Setup_Ramp_Count
                0x0800a3dc       0x58 ./Library_for_Ro_Bo_Rho_V4/Ramp_Robot.o
                0x0800a3dc                Setup_Ramp_Count
 .text.UART_Runner
                0x0800a434       0xf0 ./Library_for_Ro_Bo_Rho_V4/UART_ESP.o
                0x0800a434                UART_Runner
 .text.USBD_CDC_Init
                0x0800a524      0x1f0 ./Middlewares/ST/STM32_USB_Device_Library/Class/CDC/Src/usbd_cdc.o
 .text.USBD_CDC_DeInit
                0x0800a714      0x104 ./Middlewares/ST/STM32_USB_Device_Library/Class/CDC/Src/usbd_cdc.o
 .text.USBD_CDC_Setup
                0x0800a818      0x1b8 ./Middlewares/ST/STM32_USB_Device_Library/Class/CDC/Src/usbd_cdc.o
 .text.USBD_CDC_DataIn
                0x0800a9d0       0xfe ./Middlewares/ST/STM32_USB_Device_Library/Class/CDC/Src/usbd_cdc.o
 .text.USBD_CDC_DataOut
                0x0800aace       0x70 ./Middlewares/ST/STM32_USB_Device_Library/Class/CDC/Src/usbd_cdc.o
 .text.USBD_CDC_EP0_RxReady
                0x0800ab3e       0x74 ./Middlewares/ST/STM32_USB_Device_Library/Class/CDC/Src/usbd_cdc.o
 *fill*         0x0800abb2        0x2 
 .text.USBD_CDC_GetFSCfgDesc
                0x0800abb4       0x70 ./Middlewares/ST/STM32_USB_Device_Library/Class/CDC/Src/usbd_cdc.o
 .text.USBD_CDC_GetHSCfgDesc
                0x0800ac24       0x70 ./Middlewares/ST/STM32_USB_Device_Library/Class/CDC/Src/usbd_cdc.o
 .text.USBD_CDC_GetOtherSpeedCfgDesc
                0x0800ac94       0x70 ./Middlewares/ST/STM32_USB_Device_Library/Class/CDC/Src/usbd_cdc.o
 .text.USBD_CDC_GetDeviceQualifierDescriptor
                0x0800ad04       0x20 ./Middlewares/ST/STM32_USB_Device_Library/Class/CDC/Src/usbd_cdc.o
                0x0800ad04                USBD_CDC_GetDeviceQualifierDescriptor
 .text.USBD_CDC_RegisterInterface
                0x0800ad24       0x34 ./Middlewares/ST/STM32_USB_Device_Library/Class/CDC/Src/usbd_cdc.o
                0x0800ad24                USBD_CDC_RegisterInterface
 .text.USBD_CDC_SetTxBuffer
                0x0800ad58       0x44 ./Middlewares/ST/STM32_USB_Device_Library/Class/CDC/Src/usbd_cdc.o
                0x0800ad58                USBD_CDC_SetTxBuffer
 .text.USBD_CDC_SetRxBuffer
                0x0800ad9c       0x3a ./Middlewares/ST/STM32_USB_Device_Library/Class/CDC/Src/usbd_cdc.o
                0x0800ad9c                USBD_CDC_SetRxBuffer
 *fill*         0x0800add6        0x2 
 .text.USBD_CDC_ReceivePacket
                0x0800add8       0x6c ./Middlewares/ST/STM32_USB_Device_Library/Class/CDC/Src/usbd_cdc.o
                0x0800add8                USBD_CDC_ReceivePacket
 .text.USBD_Init
                0x0800ae44       0x60 ./Middlewares/ST/STM32_USB_Device_Library/Core/Src/usbd_core.o
                0x0800ae44                USBD_Init
 .text.USBD_RegisterClass
                0x0800aea4       0x6c ./Middlewares/ST/STM32_USB_Device_Library/Core/Src/usbd_core.o
                0x0800aea4                USBD_RegisterClass
 .text.USBD_Start
                0x0800af10       0x18 ./Middlewares/ST/STM32_USB_Device_Library/Core/Src/usbd_core.o
                0x0800af10                USBD_Start
 .text.USBD_RunTestMode
                0x0800af28       0x16 ./Middlewares/ST/STM32_USB_Device_Library/Core/Src/usbd_core.o
                0x0800af28                USBD_RunTestMode
 .text.USBD_SetClassConfig
                0x0800af3e       0x38 ./Middlewares/ST/STM32_USB_Device_Library/Core/Src/usbd_core.o
                0x0800af3e                USBD_SetClassConfig
 .text.USBD_ClrClassConfig
                0x0800af76       0x34 ./Middlewares/ST/STM32_USB_Device_Library/Core/Src/usbd_core.o
                0x0800af76                USBD_ClrClassConfig
 .text.USBD_LL_SetupStage
                0x0800afaa       0xaa ./Middlewares/ST/STM32_USB_Device_Library/Core/Src/usbd_core.o
                0x0800afaa                USBD_LL_SetupStage
 .text.USBD_LL_DataOutStage
                0x0800b054      0x166 ./Middlewares/ST/STM32_USB_Device_Library/Core/Src/usbd_core.o
                0x0800b054                USBD_LL_DataOutStage
 .text.USBD_LL_DataInStage
                0x0800b1ba      0x164 ./Middlewares/ST/STM32_USB_Device_Library/Core/Src/usbd_core.o
                0x0800b1ba                USBD_LL_DataInStage
 .text.USBD_LL_Reset
                0x0800b31e       0xa4 ./Middlewares/ST/STM32_USB_Device_Library/Core/Src/usbd_core.o
                0x0800b31e                USBD_LL_Reset
 .text.USBD_LL_SetSpeed
                0x0800b3c2       0x20 ./Middlewares/ST/STM32_USB_Device_Library/Core/Src/usbd_core.o
                0x0800b3c2                USBD_LL_SetSpeed
 .text.USBD_LL_Suspend
                0x0800b3e2       0x38 ./Middlewares/ST/STM32_USB_Device_Library/Core/Src/usbd_core.o
                0x0800b3e2                USBD_LL_Suspend
 .text.USBD_LL_Resume
                0x0800b41a       0x30 ./Middlewares/ST/STM32_USB_Device_Library/Core/Src/usbd_core.o
                0x0800b41a                USBD_LL_Resume
 .text.USBD_LL_SOF
                0x0800b44a       0x40 ./Middlewares/ST/STM32_USB_Device_Library/Core/Src/usbd_core.o
                0x0800b44a                USBD_LL_SOF
 .text.USBD_LL_IsoINIncomplete
                0x0800b48a       0x64 ./Middlewares/ST/STM32_USB_Device_Library/Core/Src/usbd_core.o
                0x0800b48a                USBD_LL_IsoINIncomplete
 .text.USBD_LL_IsoOUTIncomplete
                0x0800b4ee       0x64 ./Middlewares/ST/STM32_USB_Device_Library/Core/Src/usbd_core.o
                0x0800b4ee                USBD_LL_IsoOUTIncomplete
 .text.USBD_LL_DevConnected
                0x0800b552       0x16 ./Middlewares/ST/STM32_USB_Device_Library/Core/Src/usbd_core.o
                0x0800b552                USBD_LL_DevConnected
 .text.USBD_LL_DevDisconnected
                0x0800b568       0x46 ./Middlewares/ST/STM32_USB_Device_Library/Core/Src/usbd_core.o
                0x0800b568                USBD_LL_DevDisconnected
 .text.USBD_CoreFindIF
                0x0800b5ae       0x1a ./Middlewares/ST/STM32_USB_Device_Library/Core/Src/usbd_core.o
                0x0800b5ae                USBD_CoreFindIF
 .text.USBD_CoreFindEP
                0x0800b5c8       0x1a ./Middlewares/ST/STM32_USB_Device_Library/Core/Src/usbd_core.o
                0x0800b5c8                USBD_CoreFindEP
 .text.USBD_GetEpDesc
                0x0800b5e2       0x70 ./Middlewares/ST/STM32_USB_Device_Library/Core/Src/usbd_core.o
                0x0800b5e2                USBD_GetEpDesc
 .text.USBD_GetNextDesc
                0x0800b652       0x38 ./Middlewares/ST/STM32_USB_Device_Library/Core/Src/usbd_core.o
                0x0800b652                USBD_GetNextDesc
 .text.SWAPBYTE
                0x0800b68a       0x3c ./Middlewares/ST/STM32_USB_Device_Library/Core/Src/usbd_ctlreq.o
 *fill*         0x0800b6c6        0x2 
 .text.USBD_StdDevReq
                0x0800b6c8       0xe4 ./Middlewares/ST/STM32_USB_Device_Library/Core/Src/usbd_ctlreq.o
                0x0800b6c8                USBD_StdDevReq
 .text.USBD_StdItfReq
                0x0800b7ac       0xd8 ./Middlewares/ST/STM32_USB_Device_Library/Core/Src/usbd_ctlreq.o
                0x0800b7ac                USBD_StdItfReq
 .text.USBD_StdEPReq
                0x0800b884      0x33a ./Middlewares/ST/STM32_USB_Device_Library/Core/Src/usbd_ctlreq.o
                0x0800b884                USBD_StdEPReq
 *fill*         0x0800bbbe        0x2 
 .text.USBD_GetDescriptor
                0x0800bbc0      0x2d4 ./Middlewares/ST/STM32_USB_Device_Library/Core/Src/usbd_ctlreq.o
 .text.USBD_SetAddress
                0x0800be94       0x88 ./Middlewares/ST/STM32_USB_Device_Library/Core/Src/usbd_ctlreq.o
 .text.USBD_SetConfig
                0x0800bf1c      0x154 ./Middlewares/ST/STM32_USB_Device_Library/Core/Src/usbd_ctlreq.o
 .text.USBD_GetConfig
                0x0800c070       0x6c ./Middlewares/ST/STM32_USB_Device_Library/Core/Src/usbd_ctlreq.o
 .text.USBD_GetStatus
                0x0800c0dc       0x68 ./Middlewares/ST/STM32_USB_Device_Library/Core/Src/usbd_ctlreq.o
 .text.USBD_SetFeature
                0x0800c144       0x52 ./Middlewares/ST/STM32_USB_Device_Library/Core/Src/usbd_ctlreq.o
 .text.USBD_ClrFeature
                0x0800c196       0x44 ./Middlewares/ST/STM32_USB_Device_Library/Core/Src/usbd_ctlreq.o
 .text.USBD_ParseSetupRequest
                0x0800c1da       0x74 ./Middlewares/ST/STM32_USB_Device_Library/Core/Src/usbd_ctlreq.o
                0x0800c1da                USBD_ParseSetupRequest
 .text.USBD_CtlError
                0x0800c24e       0x22 ./Middlewares/ST/STM32_USB_Device_Library/Core/Src/usbd_ctlreq.o
                0x0800c24e                USBD_CtlError
 .text.USBD_GetString
                0x0800c270       0xa4 ./Middlewares/ST/STM32_USB_Device_Library/Core/Src/usbd_ctlreq.o
                0x0800c270                USBD_GetString
 .text.USBD_GetLen
                0x0800c314       0x34 ./Middlewares/ST/STM32_USB_Device_Library/Core/Src/usbd_ctlreq.o
 .text.USBD_CtlSendData
                0x0800c348       0x36 ./Middlewares/ST/STM32_USB_Device_Library/Core/Src/usbd_ioreq.o
                0x0800c348                USBD_CtlSendData
 .text.USBD_CtlContinueSendData
                0x0800c37e       0x22 ./Middlewares/ST/STM32_USB_Device_Library/Core/Src/usbd_ioreq.o
                0x0800c37e                USBD_CtlContinueSendData
 .text.USBD_CtlPrepareRx
                0x0800c3a0       0x3a ./Middlewares/ST/STM32_USB_Device_Library/Core/Src/usbd_ioreq.o
                0x0800c3a0                USBD_CtlPrepareRx
 .text.USBD_CtlContinueRx
                0x0800c3da       0x22 ./Middlewares/ST/STM32_USB_Device_Library/Core/Src/usbd_ioreq.o
                0x0800c3da                USBD_CtlContinueRx
 .text.USBD_CtlSendStatus
                0x0800c3fc       0x26 ./Middlewares/ST/STM32_USB_Device_Library/Core/Src/usbd_ioreq.o
                0x0800c3fc                USBD_CtlSendStatus
 .text.USBD_CtlReceiveStatus
                0x0800c422       0x26 ./Middlewares/ST/STM32_USB_Device_Library/Core/Src/usbd_ioreq.o
                0x0800c422                USBD_CtlReceiveStatus
 .text.MX_USB_DEVICE_Init
                0x0800c448       0x60 ./USB_DEVICE/App/usb_device.o
                0x0800c448                MX_USB_DEVICE_Init
 .text.CDC_Init_FS
                0x0800c4a8       0x28 ./USB_DEVICE/App/usbd_cdc_if.o
 .text.CDC_DeInit_FS
                0x0800c4d0       0x10 ./USB_DEVICE/App/usbd_cdc_if.o
 .text.CDC_Control_FS
                0x0800c4e0       0xbc ./USB_DEVICE/App/usbd_cdc_if.o
 .text.CDC_Receive_FS
                0x0800c59c       0x28 ./USB_DEVICE/App/usbd_cdc_if.o
 .text.CDC_TransmitCplt_FS
                0x0800c5c4       0x22 ./USB_DEVICE/App/usbd_cdc_if.o
 *fill*         0x0800c5e6        0x2 
 .text.USBD_FS_DeviceDescriptor
                0x0800c5e8       0x24 ./USB_DEVICE/App/usbd_desc.o
                0x0800c5e8                USBD_FS_DeviceDescriptor
 .text.USBD_FS_LangIDStrDescriptor
                0x0800c60c       0x24 ./USB_DEVICE/App/usbd_desc.o
                0x0800c60c                USBD_FS_LangIDStrDescriptor
 .text.USBD_FS_ProductStrDescriptor
                0x0800c630       0x3c ./USB_DEVICE/App/usbd_desc.o
                0x0800c630                USBD_FS_ProductStrDescriptor
 .text.USBD_FS_ManufacturerStrDescriptor
                0x0800c66c       0x28 ./USB_DEVICE/App/usbd_desc.o
                0x0800c66c                USBD_FS_ManufacturerStrDescriptor
 .text.USBD_FS_SerialStrDescriptor
                0x0800c694       0x24 ./USB_DEVICE/App/usbd_desc.o
                0x0800c694                USBD_FS_SerialStrDescriptor
 .text.USBD_FS_ConfigStrDescriptor
                0x0800c6b8       0x3c ./USB_DEVICE/App/usbd_desc.o
                0x0800c6b8                USBD_FS_ConfigStrDescriptor
 .text.USBD_FS_InterfaceStrDescriptor
                0x0800c6f4       0x3c ./USB_DEVICE/App/usbd_desc.o
                0x0800c6f4                USBD_FS_InterfaceStrDescriptor
 .text.Get_SerialNum
                0x0800c730       0x58 ./USB_DEVICE/App/usbd_desc.o
 .text.IntToUnicode
                0x0800c788       0x7e ./USB_DEVICE/App/usbd_desc.o
 *fill*         0x0800c806        0x2 
 .text.HAL_PCD_MspInit
                0x0800c808       0xa8 ./USB_DEVICE/Target/usbd_conf.o
                0x0800c808                HAL_PCD_MspInit
 .text.HAL_PCD_SetupStageCallback
                0x0800c8b0       0x24 ./USB_DEVICE/Target/usbd_conf.o
                0x0800c8b0                HAL_PCD_SetupStageCallback
 .text.HAL_PCD_DataOutStageCallback
                0x0800c8d4       0x36 ./USB_DEVICE/Target/usbd_conf.o
                0x0800c8d4                HAL_PCD_DataOutStageCallback
 .text.HAL_PCD_DataInStageCallback
                0x0800c90a       0x34 ./USB_DEVICE/Target/usbd_conf.o
                0x0800c90a                HAL_PCD_DataInStageCallback
 .text.HAL_PCD_SOFCallback
                0x0800c93e       0x1c ./USB_DEVICE/Target/usbd_conf.o
                0x0800c93e                HAL_PCD_SOFCallback
 .text.HAL_PCD_ResetCallback
                0x0800c95a       0x50 ./USB_DEVICE/Target/usbd_conf.o
                0x0800c95a                HAL_PCD_ResetCallback
 *fill*         0x0800c9aa        0x2 
 .text.HAL_PCD_SuspendCallback
                0x0800c9ac       0x4c ./USB_DEVICE/Target/usbd_conf.o
                0x0800c9ac                HAL_PCD_SuspendCallback
 .text.HAL_PCD_ResumeCallback
                0x0800c9f8       0x1c ./USB_DEVICE/Target/usbd_conf.o
                0x0800c9f8                HAL_PCD_ResumeCallback
 .text.HAL_PCD_ISOOUTIncompleteCallback
                0x0800ca14       0x24 ./USB_DEVICE/Target/usbd_conf.o
                0x0800ca14                HAL_PCD_ISOOUTIncompleteCallback
 .text.HAL_PCD_ISOINIncompleteCallback
                0x0800ca38       0x24 ./USB_DEVICE/Target/usbd_conf.o
                0x0800ca38                HAL_PCD_ISOINIncompleteCallback
 .text.HAL_PCD_ConnectCallback
                0x0800ca5c       0x1c ./USB_DEVICE/Target/usbd_conf.o
                0x0800ca5c                HAL_PCD_ConnectCallback
 .text.HAL_PCD_DisconnectCallback
                0x0800ca78       0x1c ./USB_DEVICE/Target/usbd_conf.o
                0x0800ca78                HAL_PCD_DisconnectCallback
 .text.USBD_LL_Init
                0x0800ca94       0x98 ./USB_DEVICE/Target/usbd_conf.o
                0x0800ca94                USBD_LL_Init
 .text.USBD_LL_Start
                0x0800cb2c       0x36 ./USB_DEVICE/Target/usbd_conf.o
                0x0800cb2c                USBD_LL_Start
 .text.USBD_LL_OpenEP
                0x0800cb62       0x4c ./USB_DEVICE/Target/usbd_conf.o
                0x0800cb62                USBD_LL_OpenEP
 .text.USBD_LL_CloseEP
                0x0800cbae       0x3e ./USB_DEVICE/Target/usbd_conf.o
                0x0800cbae                USBD_LL_CloseEP
 .text.USBD_LL_StallEP
                0x0800cbec       0x3e ./USB_DEVICE/Target/usbd_conf.o
                0x0800cbec                USBD_LL_StallEP
 .text.USBD_LL_ClearStallEP
                0x0800cc2a       0x3e ./USB_DEVICE/Target/usbd_conf.o
                0x0800cc2a                USBD_LL_ClearStallEP
 .text.USBD_LL_IsStallEP
                0x0800cc68       0x58 ./USB_DEVICE/Target/usbd_conf.o
                0x0800cc68                USBD_LL_IsStallEP
 .text.USBD_LL_SetUSBAddress
                0x0800ccc0       0x3e ./USB_DEVICE/Target/usbd_conf.o
                0x0800ccc0                USBD_LL_SetUSBAddress
 .text.USBD_LL_Transmit
                0x0800ccfe       0x42 ./USB_DEVICE/Target/usbd_conf.o
                0x0800ccfe                USBD_LL_Transmit
 .text.USBD_LL_PrepareReceive
                0x0800cd40       0x42 ./USB_DEVICE/Target/usbd_conf.o
                0x0800cd40                USBD_LL_PrepareReceive
 .text.USBD_LL_GetRxDataSize
                0x0800cd82       0x26 ./USB_DEVICE/Target/usbd_conf.o
                0x0800cd82                USBD_LL_GetRxDataSize
 .text.USBD_static_malloc
                0x0800cda8       0x1c ./USB_DEVICE/Target/usbd_conf.o
                0x0800cda8                USBD_static_malloc
 .text.USBD_static_free
                0x0800cdc4       0x14 ./USB_DEVICE/Target/usbd_conf.o
                0x0800cdc4                USBD_static_free
 .text.USBD_Get_USB_Status
                0x0800cdd8       0x58 ./USB_DEVICE/Target/usbd_conf.o
                0x0800cdd8                USBD_Get_USB_Status
 .text.memset   0x0800ce30       0x10 C:/ST/STM32CubeIDE_1.15.1/STM32CubeIDE/plugins/com.st.stm32cube.ide.mcu.externaltools.gnu-tools-for-stm32.12.3.rel1.win32_1.0.100.202403111256/tools/bin/../lib/gcc/arm-none-eabi/12.3.1/../../../../arm-none-eabi/lib/thumb/v7e-m+fp/hard\libc_nano.a(libc_a-memset.o)
                0x0800ce30                memset
 .text.__errno  0x0800ce40        0xc C:/ST/STM32CubeIDE_1.15.1/STM32CubeIDE/plugins/com.st.stm32cube.ide.mcu.externaltools.gnu-tools-for-stm32.12.3.rel1.win32_1.0.100.202403111256/tools/bin/../lib/gcc/arm-none-eabi/12.3.1/../../../../arm-none-eabi/lib/thumb/v7e-m+fp/hard\libc_nano.a(libc_a-errno.o)
                0x0800ce40                __errno
 .text.__libc_init_array
                0x0800ce4c       0x48 C:/ST/STM32CubeIDE_1.15.1/STM32CubeIDE/plugins/com.st.stm32cube.ide.mcu.externaltools.gnu-tools-for-stm32.12.3.rel1.win32_1.0.100.202403111256/tools/bin/../lib/gcc/arm-none-eabi/12.3.1/../../../../arm-none-eabi/lib/thumb/v7e-m+fp/hard\libc_nano.a(libc_a-init.o)
                0x0800ce4c                __libc_init_array
 .text.atan2    0x0800ce94        0x4 C:/ST/STM32CubeIDE_1.15.1/STM32CubeIDE/plugins/com.st.stm32cube.ide.mcu.externaltools.gnu-tools-for-stm32.12.3.rel1.win32_1.0.100.202403111256/tools/bin/../lib/gcc/arm-none-eabi/12.3.1/../../../../arm-none-eabi/lib/thumb/v7e-m+fp/hard\libm.a(libm_a-w_atan2.o)
                0x0800ce94                atan2
 .text.sqrt     0x0800ce98       0x58 C:/ST/STM32CubeIDE_1.15.1/STM32CubeIDE/plugins/com.st.stm32cube.ide.mcu.externaltools.gnu-tools-for-stm32.12.3.rel1.win32_1.0.100.202403111256/tools/bin/../lib/gcc/arm-none-eabi/12.3.1/../../../../arm-none-eabi/lib/thumb/v7e-m+fp/hard\libm.a(libm_a-w_sqrt.o)
                0x0800ce98                sqrt
 .text.cos      0x0800cef0       0xa8 C:/ST/STM32CubeIDE_1.15.1/STM32CubeIDE/plugins/com.st.stm32cube.ide.mcu.externaltools.gnu-tools-for-stm32.12.3.rel1.win32_1.0.100.202403111256/tools/bin/../lib/gcc/arm-none-eabi/12.3.1/../../../../arm-none-eabi/lib/thumb/v7e-m+fp/hard\libm.a(libm_a-s_cos.o)
                0x0800cef0                cos
 .text.sin      0x0800cf98       0xa8 C:/ST/STM32CubeIDE_1.15.1/STM32CubeIDE/plugins/com.st.stm32cube.ide.mcu.externaltools.gnu-tools-for-stm32.12.3.rel1.win32_1.0.100.202403111256/tools/bin/../lib/gcc/arm-none-eabi/12.3.1/../../../../arm-none-eabi/lib/thumb/v7e-m+fp/hard\libm.a(libm_a-s_sin.o)
                0x0800cf98                sin
 .text.__ieee754_sqrt
                0x0800d040      0x1b4 C:/ST/STM32CubeIDE_1.15.1/STM32CubeIDE/plugins/com.st.stm32cube.ide.mcu.externaltools.gnu-tools-for-stm32.12.3.rel1.win32_1.0.100.202403111256/tools/bin/../lib/gcc/arm-none-eabi/12.3.1/../../../../arm-none-eabi/lib/thumb/v7e-m+fp/hard\libm.a(libm_a-e_sqrt.o)
                0x0800d040                __ieee754_sqrt
 *fill*         0x0800d1f4        0x4 
 .text.__kernel_cos
                0x0800d1f8      0x18c C:/ST/STM32CubeIDE_1.15.1/STM32CubeIDE/plugins/com.st.stm32cube.ide.mcu.externaltools.gnu-tools-for-stm32.12.3.rel1.win32_1.0.100.202403111256/tools/bin/../lib/gcc/arm-none-eabi/12.3.1/../../../../arm-none-eabi/lib/thumb/v7e-m+fp/hard\libm.a(libm_a-k_cos.o)
                0x0800d1f8                __kernel_cos
 *fill*         0x0800d384        0x4 
 .text.__kernel_sin
                0x0800d388      0x174 C:/ST/STM32CubeIDE_1.15.1/STM32CubeIDE/plugins/com.st.stm32cube.ide.mcu.externaltools.gnu-tools-for-stm32.12.3.rel1.win32_1.0.100.202403111256/tools/bin/../lib/gcc/arm-none-eabi/12.3.1/../../../../arm-none-eabi/lib/thumb/v7e-m+fp/hard\libm.a(libm_a-k_sin.o)
                0x0800d388                __kernel_sin
 *fill*         0x0800d4fc        0x4 
 .text.__ieee754_atan2
                0x0800d500      0x18c C:/ST/STM32CubeIDE_1.15.1/STM32CubeIDE/plugins/com.st.stm32cube.ide.mcu.externaltools.gnu-tools-for-stm32.12.3.rel1.win32_1.0.100.202403111256/tools/bin/../lib/gcc/arm-none-eabi/12.3.1/../../../../arm-none-eabi/lib/thumb/v7e-m+fp/hard\libm.a(libm_a-e_atan2.o)
                0x0800d500                __ieee754_atan2
 *fill*         0x0800d68c        0x4 
 .text.__ieee754_rem_pio2
                0x0800d690      0x3f8 C:/ST/STM32CubeIDE_1.15.1/STM32CubeIDE/plugins/com.st.stm32cube.ide.mcu.externaltools.gnu-tools-for-stm32.12.3.rel1.win32_1.0.100.202403111256/tools/bin/../lib/gcc/arm-none-eabi/12.3.1/../../../../arm-none-eabi/lib/thumb/v7e-m+fp/hard\libm.a(libm_a-e_rem_pio2.o)
                0x0800d690                __ieee754_rem_pio2
 .text.atan     0x0800da88      0x330 C:/ST/STM32CubeIDE_1.15.1/STM32CubeIDE/plugins/com.st.stm32cube.ide.mcu.externaltools.gnu-tools-for-stm32.12.3.rel1.win32_1.0.100.202403111256/tools/bin/../lib/gcc/arm-none-eabi/12.3.1/../../../../arm-none-eabi/lib/thumb/v7e-m+fp/hard\libm.a(libm_a-s_atan.o)
                0x0800da88                atan
 .text.fabs     0x0800ddb8       0x10 C:/ST/STM32CubeIDE_1.15.1/STM32CubeIDE/plugins/com.st.stm32cube.ide.mcu.externaltools.gnu-tools-for-stm32.12.3.rel1.win32_1.0.100.202403111256/tools/bin/../lib/gcc/arm-none-eabi/12.3.1/../../../../arm-none-eabi/lib/thumb/v7e-m+fp/hard\libm.a(libm_a-s_fabs.o)
                0x0800ddb8                fabs
 .text.__kernel_rem_pio2
                0x0800ddc8      0x6b0 C:/ST/STM32CubeIDE_1.15.1/STM32CubeIDE/plugins/com.st.stm32cube.ide.mcu.externaltools.gnu-tools-for-stm32.12.3.rel1.win32_1.0.100.202403111256/tools/bin/../lib/gcc/arm-none-eabi/12.3.1/../../../../arm-none-eabi/lib/thumb/v7e-m+fp/hard\libm.a(libm_a-k_rem_pio2.o)
                0x0800ddc8                __kernel_rem_pio2
 .text.scalbn   0x0800e478       0xfc C:/ST/STM32CubeIDE_1.15.1/STM32CubeIDE/plugins/com.st.stm32cube.ide.mcu.externaltools.gnu-tools-for-stm32.12.3.rel1.win32_1.0.100.202403111256/tools/bin/../lib/gcc/arm-none-eabi/12.3.1/../../../../arm-none-eabi/lib/thumb/v7e-m+fp/hard\libm.a(libm_a-s_scalbn.o)
                0x0800e478                scalbn
 *fill*         0x0800e574        0x4 
 .text.floor    0x0800e578       0xf8 C:/ST/STM32CubeIDE_1.15.1/STM32CubeIDE/plugins/com.st.stm32cube.ide.mcu.externaltools.gnu-tools-for-stm32.12.3.rel1.win32_1.0.100.202403111256/tools/bin/../lib/gcc/arm-none-eabi/12.3.1/../../../../arm-none-eabi/lib/thumb/v7e-m+fp/hard\libm.a(libm_a-s_floor.o)
                0x0800e578                floor
 *(.glue_7)
 .glue_7        0x0800e670        0x0 linker stubs
 *(.glue_7t)
 .glue_7t       0x0800e670        0x0 linker stubs
 *(.eh_frame)
 .eh_frame      0x0800e670        0x0 C:/ST/STM32CubeIDE_1.15.1/STM32CubeIDE/plugins/com.st.stm32cube.ide.mcu.externaltools.gnu-tools-for-stm32.12.3.rel1.win32_1.0.100.202403111256/tools/bin/../lib/gcc/arm-none-eabi/12.3.1/thumb/v7e-m+fp/hard/crtbegin.o
 *(.init)
 .init          0x0800e670        0x4 C:/ST/STM32CubeIDE_1.15.1/STM32CubeIDE/plugins/com.st.stm32cube.ide.mcu.externaltools.gnu-tools-for-stm32.12.3.rel1.win32_1.0.100.202403111256/tools/bin/../lib/gcc/arm-none-eabi/12.3.1/thumb/v7e-m+fp/hard/crti.o
                0x0800e670                _init
 .init          0x0800e674        0x8 C:/ST/STM32CubeIDE_1.15.1/STM32CubeIDE/plugins/com.st.stm32cube.ide.mcu.externaltools.gnu-tools-for-stm32.12.3.rel1.win32_1.0.100.202403111256/tools/bin/../lib/gcc/arm-none-eabi/12.3.1/thumb/v7e-m+fp/hard/crtn.o
 *(.fini)
 .fini          0x0800e67c        0x4 C:/ST/STM32CubeIDE_1.15.1/STM32CubeIDE/plugins/com.st.stm32cube.ide.mcu.externaltools.gnu-tools-for-stm32.12.3.rel1.win32_1.0.100.202403111256/tools/bin/../lib/gcc/arm-none-eabi/12.3.1/thumb/v7e-m+fp/hard/crti.o
                0x0800e67c                _fini
 .fini          0x0800e680        0x8 C:/ST/STM32CubeIDE_1.15.1/STM32CubeIDE/plugins/com.st.stm32cube.ide.mcu.externaltools.gnu-tools-for-stm32.12.3.rel1.win32_1.0.100.202403111256/tools/bin/../lib/gcc/arm-none-eabi/12.3.1/thumb/v7e-m+fp/hard/crtn.o
                0x0800e688                        . = ALIGN (0x4)
                0x0800e688                        _etext = .

.vfp11_veneer   0x0800e688        0x0
 .vfp11_veneer  0x0800e688        0x0 linker stubs

.v4_bx          0x0800e688        0x0
 .v4_bx         0x0800e688        0x0 linker stubs

.iplt           0x0800e688        0x0
 .iplt          0x0800e688        0x0 C:/ST/STM32CubeIDE_1.15.1/STM32CubeIDE/plugins/com.st.stm32cube.ide.mcu.externaltools.gnu-tools-for-stm32.12.3.rel1.win32_1.0.100.202403111256/tools/bin/../lib/gcc/arm-none-eabi/12.3.1/thumb/v7e-m+fp/hard/crtbegin.o

.rodata         0x0800e688      0x2e0
                0x0800e688                        . = ALIGN (0x4)
 *(.rodata)
 .rodata        0x0800e688       0x35 ./Core/Src/main.o
 *fill*         0x0800e6bd        0x3 
 .rodata        0x0800e6c0       0x46 ./USB_DEVICE/App/usbd_desc.o
 *(.rodata*)
 *fill*         0x0800e706        0x2 
 .rodata.AHBPrescTable
                0x0800e708       0x10 ./Core/Src/system_stm32f4xx.o
                0x0800e708                AHBPrescTable
 .rodata.APBPrescTable
                0x0800e718        0x8 ./Core/Src/system_stm32f4xx.o
                0x0800e718                APBPrescTable
 .rodata.CSWTCH.9
                0x0800e720       0x18 C:/ST/STM32CubeIDE_1.15.1/STM32CubeIDE/plugins/com.st.stm32cube.ide.mcu.externaltools.gnu-tools-for-stm32.12.3.rel1.win32_1.0.100.202403111256/tools/bin/../lib/gcc/arm-none-eabi/12.3.1/../../../../arm-none-eabi/lib/thumb/v7e-m+fp/hard\libm.a(libm_a-e_atan2.o)
 .rodata.CSWTCH.8
                0x0800e738       0x18 C:/ST/STM32CubeIDE_1.15.1/STM32CubeIDE/plugins/com.st.stm32cube.ide.mcu.externaltools.gnu-tools-for-stm32.12.3.rel1.win32_1.0.100.202403111256/tools/bin/../lib/gcc/arm-none-eabi/12.3.1/../../../../arm-none-eabi/lib/thumb/v7e-m+fp/hard\libm.a(libm_a-e_atan2.o)
 .rodata.npio2_hw
                0x0800e750       0x80 C:/ST/STM32CubeIDE_1.15.1/STM32CubeIDE/plugins/com.st.stm32cube.ide.mcu.externaltools.gnu-tools-for-stm32.12.3.rel1.win32_1.0.100.202403111256/tools/bin/../lib/gcc/arm-none-eabi/12.3.1/../../../../arm-none-eabi/lib/thumb/v7e-m+fp/hard\libm.a(libm_a-e_rem_pio2.o)
 .rodata.two_over_pi
                0x0800e7d0      0x108 C:/ST/STM32CubeIDE_1.15.1/STM32CubeIDE/plugins/com.st.stm32cube.ide.mcu.externaltools.gnu-tools-for-stm32.12.3.rel1.win32_1.0.100.202403111256/tools/bin/../lib/gcc/arm-none-eabi/12.3.1/../../../../arm-none-eabi/lib/thumb/v7e-m+fp/hard\libm.a(libm_a-e_rem_pio2.o)
 .rodata.atanlo
                0x0800e8d8       0x20 C:/ST/STM32CubeIDE_1.15.1/STM32CubeIDE/plugins/com.st.stm32cube.ide.mcu.externaltools.gnu-tools-for-stm32.12.3.rel1.win32_1.0.100.202403111256/tools/bin/../lib/gcc/arm-none-eabi/12.3.1/../../../../arm-none-eabi/lib/thumb/v7e-m+fp/hard\libm.a(libm_a-s_atan.o)
 .rodata.atanhi
                0x0800e8f8       0x20 C:/ST/STM32CubeIDE_1.15.1/STM32CubeIDE/plugins/com.st.stm32cube.ide.mcu.externaltools.gnu-tools-for-stm32.12.3.rel1.win32_1.0.100.202403111256/tools/bin/../lib/gcc/arm-none-eabi/12.3.1/../../../../arm-none-eabi/lib/thumb/v7e-m+fp/hard\libm.a(libm_a-s_atan.o)
 .rodata.PIo2   0x0800e918       0x40 C:/ST/STM32CubeIDE_1.15.1/STM32CubeIDE/plugins/com.st.stm32cube.ide.mcu.externaltools.gnu-tools-for-stm32.12.3.rel1.win32_1.0.100.202403111256/tools/bin/../lib/gcc/arm-none-eabi/12.3.1/../../../../arm-none-eabi/lib/thumb/v7e-m+fp/hard\libm.a(libm_a-k_rem_pio2.o)
 .rodata.init_jk
                0x0800e958       0x10 C:/ST/STM32CubeIDE_1.15.1/STM32CubeIDE/plugins/com.st.stm32cube.ide.mcu.externaltools.gnu-tools-for-stm32.12.3.rel1.win32_1.0.100.202403111256/tools/bin/../lib/gcc/arm-none-eabi/12.3.1/../../../../arm-none-eabi/lib/thumb/v7e-m+fp/hard\libm.a(libm_a-k_rem_pio2.o)
                0x0800e968                        . = ALIGN (0x4)

.ARM.extab      0x0800e968        0x0
                0x0800e968                        . = ALIGN (0x4)
 *(.ARM.extab* .gnu.linkonce.armextab.*)
                0x0800e968                        . = ALIGN (0x4)

.ARM            0x0800e968        0x8
                0x0800e968                        . = ALIGN (0x4)
                0x0800e968                        __exidx_start = .
 *(.ARM.exidx*)
 .ARM.exidx     0x0800e968        0x8 C:/ST/STM32CubeIDE_1.15.1/STM32CubeIDE/plugins/com.st.stm32cube.ide.mcu.externaltools.gnu-tools-for-stm32.12.3.rel1.win32_1.0.100.202403111256/tools/bin/../lib/gcc/arm-none-eabi/12.3.1/thumb/v7e-m+fp/hard\libgcc.a(_udivmoddi4.o)
                0x0800e970                        __exidx_end = .
                0x0800e970                        . = ALIGN (0x4)

.preinit_array  0x0800e970        0x0
                0x0800e970                        . = ALIGN (0x4)
                0x0800e970                        PROVIDE (__preinit_array_start = .)
 *(.preinit_array*)
                0x0800e970                        PROVIDE (__preinit_array_end = .)
                0x0800e970                        . = ALIGN (0x4)

.init_array     0x0800e970        0x4
                0x0800e970                        . = ALIGN (0x4)
                0x0800e970                        PROVIDE (__init_array_start = .)
 *(SORT_BY_NAME(.init_array.*))
 *(.init_array*)
 .init_array    0x0800e970        0x4 C:/ST/STM32CubeIDE_1.15.1/STM32CubeIDE/plugins/com.st.stm32cube.ide.mcu.externaltools.gnu-tools-for-stm32.12.3.rel1.win32_1.0.100.202403111256/tools/bin/../lib/gcc/arm-none-eabi/12.3.1/thumb/v7e-m+fp/hard/crtbegin.o
                0x0800e974                        PROVIDE (__init_array_end = .)
                0x0800e974                        . = ALIGN (0x4)

.fini_array     0x0800e974        0x4
                0x0800e974                        . = ALIGN (0x4)
                [!provide]                        PROVIDE (__fini_array_start = .)
 *(SORT_BY_NAME(.fini_array.*))
 *(.fini_array*)
 .fini_array    0x0800e974        0x4 C:/ST/STM32CubeIDE_1.15.1/STM32CubeIDE/plugins/com.st.stm32cube.ide.mcu.externaltools.gnu-tools-for-stm32.12.3.rel1.win32_1.0.100.202403111256/tools/bin/../lib/gcc/arm-none-eabi/12.3.1/thumb/v7e-m+fp/hard/crtbegin.o
                [!provide]                        PROVIDE (__fini_array_end = .)
                0x0800e978                        . = ALIGN (0x4)
                0x0800e978                        _sidata = LOADADDR (.data)

.rel.dyn        0x0800e978        0x0
 .rel.iplt      0x0800e978        0x0 C:/ST/STM32CubeIDE_1.15.1/STM32CubeIDE/plugins/com.st.stm32cube.ide.mcu.externaltools.gnu-tools-for-stm32.12.3.rel1.win32_1.0.100.202403111256/tools/bin/../lib/gcc/arm-none-eabi/12.3.1/thumb/v7e-m+fp/hard/crtbegin.o

.data           0x20000000      0x170 load address 0x0800e978
                0x20000000                        . = ALIGN (0x4)
                0x20000000                        _sdata = .
 *(.data)
 *(.data*)
 .data.Rad      0x20000000        0x4 ./Core/Src/main.o
                0x20000000                Rad
 .data.SystemCoreClock
                0x20000004        0x4 ./Core/Src/system_stm32f4xx.o
                0x20000004                SystemCoreClock
 .data.uwTickPrio
                0x20000008        0x4 ./Drivers/STM32F4xx_HAL_Driver/Src/stm32f4xx_hal.o
                0x20000008                uwTickPrio
 .data.uwTickFreq
                0x2000000c        0x1 ./Drivers/STM32F4xx_HAL_Driver/Src/stm32f4xx_hal.o
                0x2000000c                uwTickFreq
 *fill*         0x2000000d        0x3 
 .data._Setup   0x20000010        0x6 ./Library_for_Ro_Bo_Rho_V4/Encoder_Motor.o
                0x20000010                _Setup
 *fill*         0x20000016        0x2 
 .data.UART_TIMEOUT_MS
                0x20000018        0x4 ./Library_for_Ro_Bo_Rho_V4/UART_ESP.o
                0x20000018                UART_TIMEOUT_MS
 .data.USBD_CDC_DeviceQualifierDesc
                0x2000001c        0xa ./Middlewares/ST/STM32_USB_Device_Library/Class/CDC/Src/usbd_cdc.o
 *fill*         0x20000026        0x2 
 .data.USBD_CDC
                0x20000028       0x38 ./Middlewares/ST/STM32_USB_Device_Library/Class/CDC/Src/usbd_cdc.o
                0x20000028                USBD_CDC
 .data.USBD_CDC_CfgDesc
                0x20000060       0x43 ./Middlewares/ST/STM32_USB_Device_Library/Class/CDC/Src/usbd_cdc.o
 .data.CDCInEpAdd
                0x200000a3        0x1 ./Middlewares/ST/STM32_USB_Device_Library/Class/CDC/Src/usbd_cdc.o
 .data.CDCOutEpAdd
                0x200000a4        0x1 ./Middlewares/ST/STM32_USB_Device_Library/Class/CDC/Src/usbd_cdc.o
 .data.CDCCmdEpAdd
                0x200000a5        0x1 ./Middlewares/ST/STM32_USB_Device_Library/Class/CDC/Src/usbd_cdc.o
 *fill*         0x200000a6        0x2 
 .data.USBD_Interface_fops_FS
                0x200000a8       0x14 ./USB_DEVICE/App/usbd_cdc_if.o
                0x200000a8                USBD_Interface_fops_FS
 .data.FS_Desc  0x200000bc       0x1c ./USB_DEVICE/App/usbd_desc.o
                0x200000bc                FS_Desc
 .data.USBD_FS_DeviceDesc
                0x200000d8       0x12 ./USB_DEVICE/App/usbd_desc.o
                0x200000d8                USBD_FS_DeviceDesc
 *fill*         0x200000ea        0x2 
 .data.USBD_LangIDDesc
                0x200000ec        0x4 ./USB_DEVICE/App/usbd_desc.o
                0x200000ec                USBD_LangIDDesc
 .data.USBD_StringSerial
                0x200000f0       0x1a ./USB_DEVICE/App/usbd_desc.o
                0x200000f0                USBD_StringSerial
 *fill*         0x2000010a        0x2 
 .data._impure_ptr
                0x2000010c        0x4 C:/ST/STM32CubeIDE_1.15.1/STM32CubeIDE/plugins/com.st.stm32cube.ide.mcu.externaltools.gnu-tools-for-stm32.12.3.rel1.win32_1.0.100.202403111256/tools/bin/../lib/gcc/arm-none-eabi/12.3.1/../../../../arm-none-eabi/lib/thumb/v7e-m+fp/hard\libc_nano.a(libc_a-impure.o)
                0x2000010c                _impure_ptr
 .data._impure_data
                0x20000110       0x4c C:/ST/STM32CubeIDE_1.15.1/STM32CubeIDE/plugins/com.st.stm32cube.ide.mcu.externaltools.gnu-tools-for-stm32.12.3.rel1.win32_1.0.100.202403111256/tools/bin/../lib/gcc/arm-none-eabi/12.3.1/../../../../arm-none-eabi/lib/thumb/v7e-m+fp/hard\libc_nano.a(libc_a-impure.o)
                0x20000110                _impure_data
 *fill*         0x2000015c        0x4 
 .data.tiny     0x20000160        0x8 C:/ST/STM32CubeIDE_1.15.1/STM32CubeIDE/plugins/com.st.stm32cube.ide.mcu.externaltools.gnu-tools-for-stm32.12.3.rel1.win32_1.0.100.202403111256/tools/bin/../lib/gcc/arm-none-eabi/12.3.1/../../../../arm-none-eabi/lib/thumb/v7e-m+fp/hard\libm.a(libm_a-e_sqrt.o)
 .data.one      0x20000168        0x8 C:/ST/STM32CubeIDE_1.15.1/STM32CubeIDE/plugins/com.st.stm32cube.ide.mcu.externaltools.gnu-tools-for-stm32.12.3.rel1.win32_1.0.100.202403111256/tools/bin/../lib/gcc/arm-none-eabi/12.3.1/../../../../arm-none-eabi/lib/thumb/v7e-m+fp/hard\libm.a(libm_a-e_sqrt.o)
 *(.RamFunc)
 *(.RamFunc*)
                0x20000170                        . = ALIGN (0x4)
                0x20000170                        _edata = .
                0x0800eae8                        _siccmram = LOADADDR (.ccmram)

.igot.plt       0x20000170        0x0 load address 0x0800eae8
 .igot.plt      0x20000170        0x0 C:/ST/STM32CubeIDE_1.15.1/STM32CubeIDE/plugins/com.st.stm32cube.ide.mcu.externaltools.gnu-tools-for-stm32.12.3.rel1.win32_1.0.100.202403111256/tools/bin/../lib/gcc/arm-none-eabi/12.3.1/thumb/v7e-m+fp/hard/crtbegin.o

.ccmram         0x10000000        0x0 load address 0x0800eae8
                0x10000000                        . = ALIGN (0x4)
                0x10000000                        _sccmram = .
 *(.ccmram)
 *(.ccmram*)
                0x10000000                        . = ALIGN (0x4)
                0x10000000                        _eccmram = .
                0x10000000                        . = ALIGN (0x4)

.bss            0x20000170     0x2420
                0x20000170                        _sbss = .
                0x20000170                        __bss_start__ = _sbss
 *(.bss)
 .bss           0x20000170       0x1c C:/ST/STM32CubeIDE_1.15.1/STM32CubeIDE/plugins/com.st.stm32cube.ide.mcu.externaltools.gnu-tools-for-stm32.12.3.rel1.win32_1.0.100.202403111256/tools/bin/../lib/gcc/arm-none-eabi/12.3.1/thumb/v7e-m+fp/hard/crtbegin.o
 *(.bss*)
 .bss.hadc1     0x2000018c       0x48 ./Core/Src/main.o
                0x2000018c                hadc1
 .bss.hi2c2     0x200001d4       0x54 ./Core/Src/main.o
                0x200001d4                hi2c2
 .bss.hspi2     0x20000228       0x58 ./Core/Src/main.o
                0x20000228                hspi2
 .bss.htim1     0x20000280       0x48 ./Core/Src/main.o
                0x20000280                htim1
 .bss.htim2     0x200002c8       0x48 ./Core/Src/main.o
                0x200002c8                htim2
 .bss.htim3     0x20000310       0x48 ./Core/Src/main.o
                0x20000310                htim3
 .bss.htim4     0x20000358       0x48 ./Core/Src/main.o
                0x20000358                htim4
 .bss.htim5     0x200003a0       0x48 ./Core/Src/main.o
                0x200003a0                htim5
 .bss.htim8     0x200003e8       0x48 ./Core/Src/main.o
                0x200003e8                htim8
 .bss.htim9     0x20000430       0x48 ./Core/Src/main.o
                0x20000430                htim9
 .bss.htim10    0x20000478       0x48 ./Core/Src/main.o
                0x20000478                htim10
 .bss.htim11    0x200004c0       0x48 ./Core/Src/main.o
                0x200004c0                htim11
 .bss.htim12    0x20000508       0x48 ./Core/Src/main.o
                0x20000508                htim12
 .bss.htim13    0x20000550       0x48 ./Core/Src/main.o
                0x20000550                htim13
 .bss.htim14    0x20000598       0x48 ./Core/Src/main.o
                0x20000598                htim14
 .bss.huart4    0x200005e0       0x48 ./Core/Src/main.o
                0x200005e0                huart4
 .bss.huart2    0x20000628       0x48 ./Core/Src/main.o
                0x20000628                huart2
 .bss.Str_PS2   0x20000670        0x8 ./Core/Src/main.o
                0x20000670                Str_PS2
 .bss.PastTime  0x20000678        0x4 ./Core/Src/main.o
                0x20000678                PastTime
 .bss.Vx        0x2000067c        0x4 ./Core/Src/main.o
                0x2000067c                Vx
 .bss.Vy        0x20000680        0x4 ./Core/Src/main.o
                0x20000680                Vy
 .bss.Vz        0x20000684        0x4 ./Core/Src/main.o
                0x20000684                Vz
 .bss.uwTick    0x20000688        0x4 ./Drivers/STM32F4xx_HAL_Driver/Src/stm32f4xx_hal.o
                0x20000688                uwTick
 .bss.EN_LF     0x2000068c        0x4 ./Library_for_Ro_Bo_Rho_V4/Encoder_Motor.o
                0x2000068c                EN_LF
 .bss.EN_LB     0x20000690        0x4 ./Library_for_Ro_Bo_Rho_V4/Encoder_Motor.o
                0x20000690                EN_LB
 .bss.EN_RF     0x20000694        0x4 ./Library_for_Ro_Bo_Rho_V4/Encoder_Motor.o
                0x20000694                EN_RF
 .bss.EN_RB     0x20000698        0x4 ./Library_for_Ro_Bo_Rho_V4/Encoder_Motor.o
                0x20000698                EN_RB
 .bss.EN_X      0x2000069c        0x4 ./Library_for_Ro_Bo_Rho_V4/Encoder_Motor.o
                0x2000069c                EN_X
 .bss.EN_Y      0x200006a0        0x4 ./Library_for_Ro_Bo_Rho_V4/Encoder_Motor.o
                0x200006a0                EN_Y
 .bss.LF_PWM    0x200006a4        0x4 ./Library_for_Ro_Bo_Rho_V4/Encoder_Motor.o
                0x200006a4                LF_PWM
 .bss.LB_PWM    0x200006a8        0x4 ./Library_for_Ro_Bo_Rho_V4/Encoder_Motor.o
                0x200006a8                LB_PWM
 .bss.RF_PWM    0x200006ac        0x4 ./Library_for_Ro_Bo_Rho_V4/Encoder_Motor.o
                0x200006ac                RF_PWM
 .bss.RB_PWM    0x200006b0        0x4 ./Library_for_Ro_Bo_Rho_V4/Encoder_Motor.o
                0x200006b0                RB_PWM
 .bss.EXTRA1_PWM
                0x200006b4        0x4 ./Library_for_Ro_Bo_Rho_V4/Encoder_Motor.o
                0x200006b4                EXTRA1_PWM
 .bss.EXTRA2_PWM
                0x200006b8        0x4 ./Library_for_Ro_Bo_Rho_V4/Encoder_Motor.o
                0x200006b8                EXTRA2_PWM
 .bss.Motor_feedback
                0x200006bc       0x3c ./Library_for_Ro_Bo_Rho_V4/Encoder_Motor.o
                0x200006bc                Motor_feedback
 .bss.DutyCycle_LF_MAX
                0x200006f8        0x2 ./Library_for_Ro_Bo_Rho_V4/Encoder_Motor.o
                0x200006f8                DutyCycle_LF_MAX
 .bss.DutyCycle_LB_MAX
                0x200006fa        0x2 ./Library_for_Ro_Bo_Rho_V4/Encoder_Motor.o
                0x200006fa                DutyCycle_LB_MAX
 .bss.DutyCycle_RF_MAX
                0x200006fc        0x2 ./Library_for_Ro_Bo_Rho_V4/Encoder_Motor.o
                0x200006fc                DutyCycle_RF_MAX
 .bss.DutyCycle_RB_MAX
                0x200006fe        0x2 ./Library_for_Ro_Bo_Rho_V4/Encoder_Motor.o
                0x200006fe                DutyCycle_RB_MAX
 .bss.DutyCycle_EXTRA1_MAX
                0x20000700        0x2 ./Library_for_Ro_Bo_Rho_V4/Encoder_Motor.o
                0x20000700                DutyCycle_EXTRA1_MAX
 .bss.DutyCycle_EXTRA2_MAX
                0x20000702        0x2 ./Library_for_Ro_Bo_Rho_V4/Encoder_Motor.o
                0x20000702                DutyCycle_EXTRA2_MAX
 .bss.IN_LF     0x20000704        0x4 ./Library_for_Ro_Bo_Rho_V4/Encoder_Motor.o
                0x20000704                IN_LF
 .bss.IN_LB     0x20000708        0x4 ./Library_for_Ro_Bo_Rho_V4/Encoder_Motor.o
                0x20000708                IN_LB
 .bss.IN_RF     0x2000070c        0x4 ./Library_for_Ro_Bo_Rho_V4/Encoder_Motor.o
                0x2000070c                IN_RF
 .bss.IN_RB     0x20000710        0x4 ./Library_for_Ro_Bo_Rho_V4/Encoder_Motor.o
                0x20000710                IN_RB
 .bss.IN_EXTRA1
                0x20000714        0x4 ./Library_for_Ro_Bo_Rho_V4/Encoder_Motor.o
                0x20000714                IN_EXTRA1
 .bss.IN_EXTRA2
                0x20000718        0x4 ./Library_for_Ro_Bo_Rho_V4/Encoder_Motor.o
                0x20000718                IN_EXTRA2
 .bss.Present_Count
                0x2000071c        0xc ./Library_for_Ro_Bo_Rho_V4/Encoder_Motor.o
                0x2000071c                Present_Count
 .bss.Past_Count
                0x20000728        0xc ./Library_for_Ro_Bo_Rho_V4/Encoder_Motor.o
                0x20000728                Past_Count
 .bss.Kp_Wheel  0x20000734       0x18 ./Library_for_Ro_Bo_Rho_V4/Encoder_Motor.o
                0x20000734                Kp_Wheel
 .bss.Ki_Wheel  0x2000074c       0x18 ./Library_for_Ro_Bo_Rho_V4/Encoder_Motor.o
                0x2000074c                Ki_Wheel
 .bss.Kd_Wheel  0x20000764       0x18 ./Library_for_Ro_Bo_Rho_V4/Encoder_Motor.o
                0x20000764                Kd_Wheel
 .bss.min_speed
                0x2000077c       0x18 ./Library_for_Ro_Bo_Rho_V4/Encoder_Motor.o
                0x2000077c                min_speed
 .bss.max_speed
                0x20000794       0x18 ./Library_for_Ro_Bo_Rho_V4/Encoder_Motor.o
                0x20000794                max_speed
 .bss.Error_Speed
                0x200007ac       0x18 ./Library_for_Ro_Bo_Rho_V4/Encoder_Motor.o
                0x200007ac                Error_Speed
 .bss.Proportional
                0x200007c4       0x18 ./Library_for_Ro_Bo_Rho_V4/Encoder_Motor.o
                0x200007c4                Proportional
 .bss.Integnator
                0x200007dc       0x18 ./Library_for_Ro_Bo_Rho_V4/Encoder_Motor.o
                0x200007dc                Integnator
 .bss.Derivative
                0x200007f4       0x18 ./Library_for_Ro_Bo_Rho_V4/Encoder_Motor.o
                0x200007f4                Derivative
 .bss.Past_Error
                0x2000080c       0x18 ./Library_for_Ro_Bo_Rho_V4/Encoder_Motor.o
                0x2000080c                Past_Error
 .bss.Duty_Cycle
                0x20000824        0xc ./Library_for_Ro_Bo_Rho_V4/Encoder_Motor.o
                0x20000824                Duty_Cycle
 .bss.Lx_       0x20000830        0x4 ./Library_for_Ro_Bo_Rho_V4/Inverse_Kinematics.o
                0x20000830                Lx_
 .bss.Ly_       0x20000834        0x4 ./Library_for_Ro_Bo_Rho_V4/Inverse_Kinematics.o
                0x20000834                Ly_
 .bss.Radius_wheel_
                0x20000838        0x4 ./Library_for_Ro_Bo_Rho_V4/Inverse_Kinematics.o
                0x20000838                Radius_wheel_
 .bss.w_LF      0x2000083c        0x4 ./Library_for_Ro_Bo_Rho_V4/Inverse_Kinematics.o
                0x2000083c                w_LF
 .bss.w_LB      0x20000840        0x4 ./Library_for_Ro_Bo_Rho_V4/Inverse_Kinematics.o
                0x20000840                w_LB
 .bss.w_RF      0x20000844        0x4 ./Library_for_Ro_Bo_Rho_V4/Inverse_Kinematics.o
                0x20000844                w_RF
 .bss.w_RB      0x20000848        0x4 ./Library_for_Ro_Bo_Rho_V4/Inverse_Kinematics.o
                0x20000848                w_RB
 .bss._r        0x2000084c        0x4 ./Library_for_Ro_Bo_Rho_V4/Ramp_Robot.o
                0x2000084c                _r
 .bss._Rad_s    0x20000850        0x4 ./Library_for_Ro_Bo_Rho_V4/Ramp_Robot.o
                0x20000850                _Rad_s
 .bss.__Vx      0x20000854        0x4 ./Library_for_Ro_Bo_Rho_V4/Ramp_Robot.o
                0x20000854                __Vx
 .bss.__Vy      0x20000858        0x4 ./Library_for_Ro_Bo_Rho_V4/Ramp_Robot.o
                0x20000858                __Vy
 .bss._Kp_degree
                0x2000085c        0x4 ./Library_for_Ro_Bo_Rho_V4/Ramp_Robot.o
                0x2000085c                _Kp_degree
 .bss._Ki_degree
                0x20000860        0x4 ./Library_for_Ro_Bo_Rho_V4/Ramp_Robot.o
                0x20000860                _Ki_degree
 .bss._Kd_degree
                0x20000864        0x4 ./Library_for_Ro_Bo_Rho_V4/Ramp_Robot.o
                0x20000864                _Kd_degree
 .bss._max_Count
                0x20000868        0x4 ./Library_for_Ro_Bo_Rho_V4/Ramp_Robot.o
                0x20000868                _max_Count
 .bss._DutyCycle_MAX
                0x2000086c        0x4 ./Library_for_Ro_Bo_Rho_V4/Ramp_Robot.o
                0x2000086c                _DutyCycle_MAX
 .bss.last_uart_data_time
                0x20000870        0x4 ./Library_for_Ro_Bo_Rho_V4/UART_ESP.o
                0x20000870                last_uart_data_time
 .bss.uart_resetting
                0x20000874        0x1 ./Library_for_Ro_Bo_Rho_V4/UART_ESP.o
                0x20000874                uart_resetting
 .bss.Status_UART
                0x20000875        0x1 ./Library_for_Ro_Bo_Rho_V4/UART_ESP.o
                0x20000875                Status_UART
 .bss.cfgidx.0  0x20000876        0x1 ./Middlewares/ST/STM32_USB_Device_Library/Core/Src/usbd_ctlreq.o
 *fill*         0x20000877        0x1 
 .bss.hUsbDeviceFS
                0x20000878      0x2dc ./USB_DEVICE/App/usb_device.o
                0x20000878                hUsbDeviceFS
 .bss.UserRxBufferFS
                0x20000b54      0x800 ./USB_DEVICE/App/usbd_cdc_if.o
                0x20000b54                UserRxBufferFS
 .bss.UserTxBufferFS
                0x20001354      0x800 ./USB_DEVICE/App/usbd_cdc_if.o
                0x20001354                UserTxBufferFS
 .bss.USBD_StrDesc
                0x20001b54      0x200 ./USB_DEVICE/App/usbd_desc.o
                0x20001b54                USBD_StrDesc
 .bss.hpcd_USB_OTG_FS
                0x20001d54      0x4e4 ./USB_DEVICE/Target/usbd_conf.o
                0x20001d54                hpcd_USB_OTG_FS
 .bss.mem.0     0x20002238      0x220 ./USB_DEVICE/Target/usbd_conf.o
 .bss.__sf      0x20002458      0x138 C:/ST/STM32CubeIDE_1.15.1/STM32CubeIDE/plugins/com.st.stm32cube.ide.mcu.externaltools.gnu-tools-for-stm32.12.3.rel1.win32_1.0.100.202403111256/tools/bin/../lib/gcc/arm-none-eabi/12.3.1/../../../../arm-none-eabi/lib/thumb/v7e-m+fp/hard\libc_nano.a(libc_a-findfp.o)
                0x20002458                __sf
 *(COMMON)
                0x20002590                        . = ALIGN (0x4)
                0x20002590                        _ebss = .
                0x20002590                        __bss_end__ = _ebss

._user_heap_stack
                0x20002590      0x600
                0x20002590                        . = ALIGN (0x8)
                [!provide]                        PROVIDE (end = .)
                0x20002590                        PROVIDE (_end = .)