../Library_for_Ro_Bo_Rho_V4/Encoder_Motor.c:49:6:Motor_setup_LF	24	static
../Library_for_Ro_Bo_Rho_V4/Encoder_Motor.c:64:6:Motor_setup_LB	24	static
../Library_for_Ro_Bo_Rho_V4/Encoder_Motor.c:79:6:Motor_setup_RF	24	static
../Library_for_Ro_Bo_Rho_V4/Encoder_Motor.c:94:6:Motor_setup_RB	24	static
../Library_for_Ro_Bo_Rho_V4/Encoder_Motor.c:109:6:Motor_setup_EXTRA1	24	static
../Library_for_Ro_Bo_Rho_V4/Encoder_Motor.c:124:6:Motor_setup_EXTRA2	24	static
../Library_for_Ro_Bo_Rho_V4/Encoder_Motor.c:142:9:getCount	16	static
../Library_for_Ro_Bo_Rho_V4/Encoder_Motor.c:148:6:Setup_frequency_Motor	16	static
../Library_for_Ro_Bo_Rho_V4/Encoder_Motor.c:152:6:Setup_CPR	16	static
../Library_for_Ro_Bo_Rho_V4/Encoder_Motor.c:156:6:Setup_Gear_Ratio	16	static
../Library_for_Ro_Bo_Rho_V4/Encoder_Motor.c:160:7:getRPM_to_Rad_s	24	static
../Library_for_Ro_Bo_Rho_V4/Encoder_Motor.c:166:7:getRad_s_to_RPM	24	static
../Library_for_Ro_Bo_Rho_V4/Encoder_Motor.c:175:7:getRPM_TIM_Wheel	16	static
../Library_for_Ro_Bo_Rho_V4/Encoder_Motor.c:200:6:Setup_PID_Wheel	32	static
../Library_for_Ro_Bo_Rho_V4/Encoder_Motor.c:219:7:PID_Speed	24	static
../Library_for_Ro_Bo_Rho_V4/Encoder_Motor.c:249:6:Motor_DutyCycle_LF	16	static
../Library_for_Ro_Bo_Rho_V4/Encoder_Motor.c:266:6:Motor_DutyCycle_LB	16	static
../Library_for_Ro_Bo_Rho_V4/Encoder_Motor.c:284:6:Motor_DutyCycle_RF	16	static
../Library_for_Ro_Bo_Rho_V4/Encoder_Motor.c:302:6:Motor_DutyCycle_RB	16	static
../Library_for_Ro_Bo_Rho_V4/Encoder_Motor.c:319:6:Motor_DutyCycle_EXTRA1	16	static
../Library_for_Ro_Bo_Rho_V4/Encoder_Motor.c:336:6:Motor_DutyCycle_EXTRA2	16	static
../Library_for_Ro_Bo_Rho_V4/Encoder_Motor.c:357:6:Motor_DutyCycle	24	static
../Library_for_Ro_Bo_Rho_V4/Encoder_Motor.c:382:7:Motor_Speed_LF	16	static
../Library_for_Ro_Bo_Rho_V4/Encoder_Motor.c:398:7:Motor_Speed_LB	16	static
../Library_for_Ro_Bo_Rho_V4/Encoder_Motor.c:414:7:Motor_Speed_RF	16	static
../Library_for_Ro_Bo_Rho_V4/Encoder_Motor.c:430:7:Motor_Speed_RB	16	static
../Library_for_Ro_Bo_Rho_V4/Encoder_Motor.c:446:7:Motor_Speed_EXTRA1	16	static
../Library_for_Ro_Bo_Rho_V4/Encoder_Motor.c:462:7:Motor_Speed_EXTRA2	16	static
